   0  $accept : prog $end

   1  prog : ID BEGIN cuerpo END
   2       | ID cuerpo END
   3       | BEGIN END
   4       | ID BEGIN cuerpo
   5       | ID cuerpo
   6       | BEGIN cuerpo

   7  cuerpo : cuerpo sentencia
   8         | sentencia

   9  sentencia : sentencia_declaracion
  10            | sentencia_ejecucion
  11            | ETIQUETA

  12  sentencia_declaracion : tipo lista_variables ';'
  13                        | tipo lista_variables
  14                        | declaracion_funcion
  15                        | TYPEDEF ID ASIGNACION tipo '{' subrango '}' ';'
  16                        | TYPEDEF ID ASIGNACION tipo '{' subrango ';'
  17                        | TYPEDEF ID ASIGNACION tipo "" subrango '}' ';'
  18                        | TYPEDEF ID ASIGNACION tipo subrango ';'
  19                        | TYPEDEF ID ASIGNACION tipo '{' '}' ';'
  20                        | TYPEDEF ASIGNACION tipo '{' subrango '}' ';'
  21                        | TYPEDEF ID ASIGNACION '{' subrango '}' ';'
  22                        | TYPEDEF STRUCT '<' lista_tipos '>' '{' lista_variables '}' ID ';'
  23                        | TYPEDEF STRUCT lista_tipos '{' lista_variables '}' ID ';'
  24                        | TYPEDEF '<' lista_tipos '>' '{' lista_variables '}' ID ';'
  25                        | TYPEDEF STRUCT '<' lista_tipos '>' '{' lista_variables '}' ';'

  26  subrango : LONGINT ',' LONGINT
  27           | LONGINT LONGINT
  28           | DOUBLE ',' DOUBLE
  29           | DOUBLE DOUBLE
  30           | HEXA ',' HEXA
  31           | HEXA HEXA

  32  declaracion_funcion : tipo FUN ID '(' parametro ')' BEGIN cuerpo_funcion END
  33                      | FUN ID '(' parametro ')' BEGIN cuerpo_funcion END
  34                      | tipo ID '(' parametro ')' BEGIN cuerpo_funcion END
  35                      | tipo FUN '(' parametro ')' BEGIN cuerpo_funcion END
  36                      | tipo FUN ID parametro BEGIN cuerpo_funcion END
  37                      | tipo FUN ID '(' ')' BEGIN cuerpo_funcion END
  38                      | tipo FUN ID '(' parametro ')' cuerpo_funcion END
  39                      | tipo FUN ID '(' parametro ')' BEGIN END

  40  sentencia_ejecucion : asignacion
  41                      | condicion_if
  42                      | sentencia_print
  43                      | REPEAT bloque_sentencia_ejecutable WHILE '(' condicion ')' ';'
  44                      | REPEAT bloque_sentencia_ejecutable '(' condicion ')' ';'
  45                      | REPEAT bloque_sentencia_ejecutable WHILE '(' condicion ')'
  46                      | REPEAT bloque_sentencia_ejecutable WHILE '(' ')' ';'
  47                      | GOTO ETIQUETA ';'
  48                      | GOTO ETIQUETA
  49                      | GOTO ';'
  50                      | ETIQUETA ';'

  51  sentencia_print : OUTF '(' CML ')' ';'
  52                  | OUTF '(' expresion ')' ';'
  53                  | OUTF '(' ')' ';'
  54                  | OUTF '(' expresion ')'
  55                  | OUTF '(' CML ')'
  56                  | OUTF CML ';'
  57                  | OUTF expresion ';'

  58  cuerpo_funcion : RET '(' expresion ')' ';'
  59                 | cuerpo RET '(' expresion ')' ';'
  60                 | RET '(' expresion ')'
  61                 | '(' expresion ')' ';'
  62                 | RET expresion ';'
  63                 | RET '(' expresion ';'
  64                 | RET expresion ')' ';'
  65                 | cuerpo RET expresion ';'
  66                 | cuerpo RET '(' expresion ';'
  67                 | cuerpo RET expresion ')' ';'

  68  parametro : tipo ID
  69            | tipo

  70  invocacion_funcion : ID '(' expresion ')'

  71  bloque_sentencia_ejecutable : BEGIN bloque_sentencia_ejecutable sentencia_ejecucion END
  72                              | BEGIN sentencia_ejecucion END

  73  condicion_if : IF '(' condicion ')' THEN bloque_sentencia_ejecutable END_IF ';'
  74               | IF '(' condicion ')' THEN bloque_sentencia_ejecutable ELSE bloque_sentencia_ejecutable END_IF ';'
  75               | IF '(' condicion ')' bloque_sentencia_ejecutable END_IF ';'
  76               | IF '(' ')' THEN bloque_sentencia_ejecutable END_IF ';'
  77               | IF THEN END_IF ';'
  78               | IF THEN bloque_sentencia_ejecutable ';'
  79               | IF THEN bloque_sentencia_ejecutable END_IF
  80               | IF '(' condicion ')' THEN bloque_sentencia_ejecutable bloque_sentencia_ejecutable END_IF ';'
  81               | IF '(' condicion ')' THEN bloque_sentencia_ejecutable ELSE bloque_sentencia_ejecutable END_IF
  82               | IF '(' condicion ')' THEN bloque_sentencia_ejecutable ELSE END_IF ';'
  83               | IF '(' condicion ')' THEN ELSE bloque_sentencia_ejecutable END_IF ';'
  84               | IF '(' condicion ')' THEN bloque_sentencia_ejecutable ELSE bloque_sentencia_ejecutable ';'

  85  condicion : '(' expresion comparador expresion ')'
  86            | '(' ')'
  87            | expresion comparador expresion ')'

  88  asignacion : lista_variables ASIGNACION lista_expresiones ';'

  89  expresion : expresion '+' termino
  90            | expresion '-' termino
  91            | expresion '+' '+' termino
  92            | expresion '-' '+' termino
  93            | '+' termino
  94            | expresion '+'
  95            | expresion '-'
  96            | TOD '(' expresion ')'
  97            | TOD '(' ')'
  98            | termino

  99  termino : termino '*' factor
 100          | termino '/' factor
 101          | termino '*' '*' factor
 102          | termino '*' '/' factor
 103          | termino '/' '/' factor
 104          | termino '/' '*' factor
 105          | termino '/'
 106          | termino '*'
 107          | '/' factor
 108          | '*' factor
 109          | factor

 110  factor : invocacion_funcion
 111         | ID
 112         | LONGINT
 113         | '-' LONGINT
 114         | HEXA
 115         | '-' HEXA
 116         | DOUBLE
 117         | '-' DOUBLE

 118  lista_variables : lista_variables ',' ID
 119                  | lista_variables ',' id_compuesta
 120                  | id_compuesta
 121                  | ID

 122  id_compuesta : ID '.' ID

 123  lista_expresiones : lista_expresiones ',' expresion
 124                    | expresion

 125  lista_tipos : lista_tipos ',' tipo
 126              | lista_tipos tipo
 127              | tipo

 128  tipo : DOUBLE
 129       | LONGINT
 130       | HEXA
 131       | ID

 132  comparador : '<'
 133             | '>'
 134             | "MAYOR_IGUAL"
 135             | "MENOR_IGUAL"
 136             | "DISTINTO"

state 0
	$accept : . prog $end  (0)

	BEGIN  shift 1
	ID  shift 2
	.  error

	prog  goto 3


state 1
	prog : BEGIN . END  (3)
	prog : BEGIN . cuerpo  (6)

	IF  shift 4
	END  shift 5
	OUTF  shift 6
	TYPEDEF  shift 7
	FUN  shift 8
	REPEAT  shift 9
	GOTO  shift 10
	ID  shift 11
	LONGINT  shift 12
	HEXA  shift 13
	DOUBLE  shift 14
	ETIQUETA  shift 15
	.  error

	cuerpo  goto 16
	sentencia  goto 17
	sentencia_declaracion  goto 18
	sentencia_ejecucion  goto 19
	tipo  goto 20
	lista_variables  goto 21
	declaracion_funcion  goto 22
	asignacion  goto 23
	condicion_if  goto 24
	sentencia_print  goto 25
	id_compuesta  goto 26


state 2
	prog : ID . BEGIN cuerpo END  (1)
	prog : ID . cuerpo END  (2)
	prog : ID . BEGIN cuerpo  (4)
	prog : ID . cuerpo  (5)

	IF  shift 4
	BEGIN  shift 27
	OUTF  shift 6
	TYPEDEF  shift 7
	FUN  shift 8
	REPEAT  shift 9
	GOTO  shift 10
	ID  shift 11
	LONGINT  shift 12
	HEXA  shift 13
	DOUBLE  shift 14
	ETIQUETA  shift 15
	.  error

	cuerpo  goto 28
	sentencia  goto 17
	sentencia_declaracion  goto 18
	sentencia_ejecucion  goto 19
	tipo  goto 20
	lista_variables  goto 21
	declaracion_funcion  goto 22
	asignacion  goto 23
	condicion_if  goto 24
	sentencia_print  goto 25
	id_compuesta  goto 26


state 3
	$accept : prog . $end  (0)

	$end  accept


state 4
	condicion_if : IF . '(' condicion ')' THEN bloque_sentencia_ejecutable END_IF ';'  (73)
	condicion_if : IF . '(' condicion ')' THEN bloque_sentencia_ejecutable ELSE bloque_sentencia_ejecutable END_IF ';'  (74)
	condicion_if : IF . '(' condicion ')' bloque_sentencia_ejecutable END_IF ';'  (75)
	condicion_if : IF . '(' ')' THEN bloque_sentencia_ejecutable END_IF ';'  (76)
	condicion_if : IF . THEN END_IF ';'  (77)
	condicion_if : IF . THEN bloque_sentencia_ejecutable ';'  (78)
	condicion_if : IF . THEN bloque_sentencia_ejecutable END_IF  (79)
	condicion_if : IF . '(' condicion ')' THEN bloque_sentencia_ejecutable bloque_sentencia_ejecutable END_IF ';'  (80)
	condicion_if : IF . '(' condicion ')' THEN bloque_sentencia_ejecutable ELSE bloque_sentencia_ejecutable END_IF  (81)
	condicion_if : IF . '(' condicion ')' THEN bloque_sentencia_ejecutable ELSE END_IF ';'  (82)
	condicion_if : IF . '(' condicion ')' THEN ELSE bloque_sentencia_ejecutable END_IF ';'  (83)
	condicion_if : IF . '(' condicion ')' THEN bloque_sentencia_ejecutable ELSE bloque_sentencia_ejecutable ';'  (84)

	THEN  shift 29
	'('  shift 30
	.  error


state 5
	prog : BEGIN END .  (3)

	.  reduce 3


state 6
	sentencia_print : OUTF . '(' CML ')' ';'  (51)
	sentencia_print : OUTF . '(' expresion ')' ';'  (52)
	sentencia_print : OUTF . '(' ')' ';'  (53)
	sentencia_print : OUTF . '(' expresion ')'  (54)
	sentencia_print : OUTF . '(' CML ')'  (55)
	sentencia_print : OUTF . CML ';'  (56)
	sentencia_print : OUTF . expresion ';'  (57)

	ID  shift 31
	LONGINT  shift 32
	HEXA  shift 33
	CML  shift 34
	DOUBLE  shift 35
	TOD  shift 36
	'+'  shift 37
	'-'  shift 38
	'*'  shift 39
	'/'  shift 40
	'('  shift 41
	.  error

	expresion  goto 42
	invocacion_funcion  goto 43
	termino  goto 44
	factor  goto 45


state 7
	sentencia_declaracion : TYPEDEF . ID ASIGNACION tipo '{' subrango '}' ';'  (15)
	sentencia_declaracion : TYPEDEF . ID ASIGNACION tipo '{' subrango ';'  (16)
	sentencia_declaracion : TYPEDEF . ID ASIGNACION tipo "" subrango '}' ';'  (17)
	sentencia_declaracion : TYPEDEF . ID ASIGNACION tipo subrango ';'  (18)
	sentencia_declaracion : TYPEDEF . ID ASIGNACION tipo '{' '}' ';'  (19)
	sentencia_declaracion : TYPEDEF . ASIGNACION tipo '{' subrango '}' ';'  (20)
	sentencia_declaracion : TYPEDEF . ID ASIGNACION '{' subrango '}' ';'  (21)
	sentencia_declaracion : TYPEDEF . STRUCT '<' lista_tipos '>' '{' lista_variables '}' ID ';'  (22)
	sentencia_declaracion : TYPEDEF . STRUCT lista_tipos '{' lista_variables '}' ID ';'  (23)
	sentencia_declaracion : TYPEDEF . '<' lista_tipos '>' '{' lista_variables '}' ID ';'  (24)
	sentencia_declaracion : TYPEDEF . STRUCT '<' lista_tipos '>' '{' lista_variables '}' ';'  (25)

	ID  shift 46
	STRUCT  shift 47
	ASIGNACION  shift 48
	'<'  shift 49
	.  error


state 8
	declaracion_funcion : FUN . ID '(' parametro ')' BEGIN cuerpo_funcion END  (33)

	ID  shift 50
	.  error


state 9
	sentencia_ejecucion : REPEAT . bloque_sentencia_ejecutable WHILE '(' condicion ')' ';'  (43)
	sentencia_ejecucion : REPEAT . bloque_sentencia_ejecutable '(' condicion ')' ';'  (44)
	sentencia_ejecucion : REPEAT . bloque_sentencia_ejecutable WHILE '(' condicion ')'  (45)
	sentencia_ejecucion : REPEAT . bloque_sentencia_ejecutable WHILE '(' ')' ';'  (46)

	BEGIN  shift 51
	.  error

	bloque_sentencia_ejecutable  goto 52


state 10
	sentencia_ejecucion : GOTO . ETIQUETA ';'  (47)
	sentencia_ejecucion : GOTO . ETIQUETA  (48)
	sentencia_ejecucion : GOTO . ';'  (49)

	ETIQUETA  shift 53
	';'  shift 54
	.  error


state 11
	lista_variables : ID .  (121)
	id_compuesta : ID . '.' ID  (122)
	tipo : ID .  (131)

	'.'  shift 55
	FUN  reduce 131
	ID  reduce 131
	ASIGNACION  reduce 121
	','  reduce 121


state 12
	tipo : LONGINT .  (129)

	.  reduce 129


state 13
	tipo : HEXA .  (130)

	.  reduce 130


state 14
	tipo : DOUBLE .  (128)

	.  reduce 128


state 15
	sentencia : ETIQUETA .  (11)
	sentencia_ejecucion : ETIQUETA . ';'  (50)

	';'  shift 56
	$end  reduce 11
	IF  reduce 11
	END  reduce 11
	OUTF  reduce 11
	TYPEDEF  reduce 11
	FUN  reduce 11
	RET  reduce 11
	REPEAT  reduce 11
	GOTO  reduce 11
	ID  reduce 11
	LONGINT  reduce 11
	HEXA  reduce 11
	DOUBLE  reduce 11
	ETIQUETA  reduce 11


state 16
	prog : BEGIN cuerpo .  (6)
	cuerpo : cuerpo . sentencia  (7)

	IF  shift 4
	OUTF  shift 6
	TYPEDEF  shift 7
	FUN  shift 8
	REPEAT  shift 9
	GOTO  shift 10
	ID  shift 11
	LONGINT  shift 12
	HEXA  shift 13
	DOUBLE  shift 14
	ETIQUETA  shift 15
	$end  reduce 6

	sentencia  goto 57
	sentencia_declaracion  goto 18
	sentencia_ejecucion  goto 19
	tipo  goto 20
	lista_variables  goto 21
	declaracion_funcion  goto 22
	asignacion  goto 23
	condicion_if  goto 24
	sentencia_print  goto 25
	id_compuesta  goto 26


state 17
	cuerpo : sentencia .  (8)

	.  reduce 8


state 18
	sentencia : sentencia_declaracion .  (9)

	.  reduce 9


state 19
	sentencia : sentencia_ejecucion .  (10)

	.  reduce 10


state 20
	sentencia_declaracion : tipo . lista_variables ';'  (12)
	sentencia_declaracion : tipo . lista_variables  (13)
	declaracion_funcion : tipo . FUN ID '(' parametro ')' BEGIN cuerpo_funcion END  (32)
	declaracion_funcion : tipo . ID '(' parametro ')' BEGIN cuerpo_funcion END  (34)
	declaracion_funcion : tipo . FUN '(' parametro ')' BEGIN cuerpo_funcion END  (35)
	declaracion_funcion : tipo . FUN ID parametro BEGIN cuerpo_funcion END  (36)
	declaracion_funcion : tipo . FUN ID '(' ')' BEGIN cuerpo_funcion END  (37)
	declaracion_funcion : tipo . FUN ID '(' parametro ')' cuerpo_funcion END  (38)
	declaracion_funcion : tipo . FUN ID '(' parametro ')' BEGIN END  (39)

	FUN  shift 58
	ID  shift 59
	.  error

	lista_variables  goto 60
	id_compuesta  goto 26


state 21
	asignacion : lista_variables . ASIGNACION lista_expresiones ';'  (88)
	lista_variables : lista_variables . ',' ID  (118)
	lista_variables : lista_variables . ',' id_compuesta  (119)

	ASIGNACION  shift 61
	','  shift 62
	.  error


state 22
	sentencia_declaracion : declaracion_funcion .  (14)

	.  reduce 14


state 23
	sentencia_ejecucion : asignacion .  (40)

	.  reduce 40


state 24
	sentencia_ejecucion : condicion_if .  (41)

	.  reduce 41


state 25
	sentencia_ejecucion : sentencia_print .  (42)

	.  reduce 42


state 26
	lista_variables : id_compuesta .  (120)

	.  reduce 120


state 27
	prog : ID BEGIN . cuerpo END  (1)
	prog : ID BEGIN . cuerpo  (4)

	IF  shift 4
	OUTF  shift 6
	TYPEDEF  shift 7
	FUN  shift 8
	REPEAT  shift 9
	GOTO  shift 10
	ID  shift 11
	LONGINT  shift 12
	HEXA  shift 13
	DOUBLE  shift 14
	ETIQUETA  shift 15
	.  error

	cuerpo  goto 63
	sentencia  goto 17
	sentencia_declaracion  goto 18
	sentencia_ejecucion  goto 19
	tipo  goto 20
	lista_variables  goto 21
	declaracion_funcion  goto 22
	asignacion  goto 23
	condicion_if  goto 24
	sentencia_print  goto 25
	id_compuesta  goto 26


state 28
	prog : ID cuerpo . END  (2)
	prog : ID cuerpo .  (5)
	cuerpo : cuerpo . sentencia  (7)

	IF  shift 4
	END  shift 64
	OUTF  shift 6
	TYPEDEF  shift 7
	FUN  shift 8
	REPEAT  shift 9
	GOTO  shift 10
	ID  shift 11
	LONGINT  shift 12
	HEXA  shift 13
	DOUBLE  shift 14
	ETIQUETA  shift 15
	$end  reduce 5

	sentencia  goto 57
	sentencia_declaracion  goto 18
	sentencia_ejecucion  goto 19
	tipo  goto 20
	lista_variables  goto 21
	declaracion_funcion  goto 22
	asignacion  goto 23
	condicion_if  goto 24
	sentencia_print  goto 25
	id_compuesta  goto 26


state 29
	condicion_if : IF THEN . END_IF ';'  (77)
	condicion_if : IF THEN . bloque_sentencia_ejecutable ';'  (78)
	condicion_if : IF THEN . bloque_sentencia_ejecutable END_IF  (79)

	BEGIN  shift 51
	END_IF  shift 65
	.  error

	bloque_sentencia_ejecutable  goto 66


state 30
	condicion_if : IF '(' . condicion ')' THEN bloque_sentencia_ejecutable END_IF ';'  (73)
	condicion_if : IF '(' . condicion ')' THEN bloque_sentencia_ejecutable ELSE bloque_sentencia_ejecutable END_IF ';'  (74)
	condicion_if : IF '(' . condicion ')' bloque_sentencia_ejecutable END_IF ';'  (75)
	condicion_if : IF '(' . ')' THEN bloque_sentencia_ejecutable END_IF ';'  (76)
	condicion_if : IF '(' . condicion ')' THEN bloque_sentencia_ejecutable bloque_sentencia_ejecutable END_IF ';'  (80)
	condicion_if : IF '(' . condicion ')' THEN bloque_sentencia_ejecutable ELSE bloque_sentencia_ejecutable END_IF  (81)
	condicion_if : IF '(' . condicion ')' THEN bloque_sentencia_ejecutable ELSE END_IF ';'  (82)
	condicion_if : IF '(' . condicion ')' THEN ELSE bloque_sentencia_ejecutable END_IF ';'  (83)
	condicion_if : IF '(' . condicion ')' THEN bloque_sentencia_ejecutable ELSE bloque_sentencia_ejecutable ';'  (84)

	ID  shift 31
	LONGINT  shift 32
	HEXA  shift 33
	DOUBLE  shift 35
	TOD  shift 36
	'+'  shift 37
	'-'  shift 38
	'*'  shift 39
	'/'  shift 40
	'('  shift 67
	')'  shift 68
	.  error

	condicion  goto 69
	expresion  goto 70
	invocacion_funcion  goto 43
	termino  goto 44
	factor  goto 45


state 31
	invocacion_funcion : ID . '(' expresion ')'  (70)
	factor : ID .  (111)

	'('  shift 71
	'+'  reduce 111
	'-'  reduce 111
	'*'  reduce 111
	'/'  reduce 111
	';'  reduce 111
	'<'  reduce 111
	'>'  reduce 111
	','  reduce 111
	')'  reduce 111
	"MAYOR_IGUAL"  reduce 111
	"MENOR_IGUAL"  reduce 111
	"DISTINTO"  reduce 111


state 32
	factor : LONGINT .  (112)

	.  reduce 112


state 33
	factor : HEXA .  (114)

	.  reduce 114


state 34
	sentencia_print : OUTF CML . ';'  (56)

	';'  shift 72
	.  error


state 35
	factor : DOUBLE .  (116)

	.  reduce 116


state 36
	expresion : TOD . '(' expresion ')'  (96)
	expresion : TOD . '(' ')'  (97)

	'('  shift 73
	.  error


state 37
	expresion : '+' . termino  (93)

	ID  shift 31
	LONGINT  shift 32
	HEXA  shift 33
	DOUBLE  shift 35
	'-'  shift 38
	'*'  shift 39
	'/'  shift 40
	.  error

	invocacion_funcion  goto 43
	termino  goto 74
	factor  goto 45


state 38
	factor : '-' . LONGINT  (113)
	factor : '-' . HEXA  (115)
	factor : '-' . DOUBLE  (117)

	LONGINT  shift 75
	HEXA  shift 76
	DOUBLE  shift 77
	.  error


state 39
	termino : '*' . factor  (108)

	ID  shift 31
	LONGINT  shift 32
	HEXA  shift 33
	DOUBLE  shift 35
	'-'  shift 38
	.  error

	invocacion_funcion  goto 43
	factor  goto 78


state 40
	termino : '/' . factor  (107)

	ID  shift 31
	LONGINT  shift 32
	HEXA  shift 33
	DOUBLE  shift 35
	'-'  shift 38
	.  error

	invocacion_funcion  goto 43
	factor  goto 79


state 41
	sentencia_print : OUTF '(' . CML ')' ';'  (51)
	sentencia_print : OUTF '(' . expresion ')' ';'  (52)
	sentencia_print : OUTF '(' . ')' ';'  (53)
	sentencia_print : OUTF '(' . expresion ')'  (54)
	sentencia_print : OUTF '(' . CML ')'  (55)

	ID  shift 31
	LONGINT  shift 32
	HEXA  shift 33
	CML  shift 80
	DOUBLE  shift 35
	TOD  shift 36
	'+'  shift 37
	'-'  shift 38
	'*'  shift 39
	'/'  shift 40
	')'  shift 81
	.  error

	expresion  goto 82
	invocacion_funcion  goto 43
	termino  goto 44
	factor  goto 45


state 42
	sentencia_print : OUTF expresion . ';'  (57)
	expresion : expresion . '+' termino  (89)
	expresion : expresion . '-' termino  (90)
	expresion : expresion . '+' '+' termino  (91)
	expresion : expresion . '-' '+' termino  (92)
	expresion : expresion . '+'  (94)
	expresion : expresion . '-'  (95)

	'+'  shift 83
	'-'  shift 84
	';'  shift 85
	.  error


state 43
	factor : invocacion_funcion .  (110)

	.  reduce 110


state 44
	expresion : termino .  (98)
	termino : termino . '*' factor  (99)
	termino : termino . '/' factor  (100)
	termino : termino . '*' '*' factor  (101)
	termino : termino . '*' '/' factor  (102)
	termino : termino . '/' '/' factor  (103)
	termino : termino . '/' '*' factor  (104)
	termino : termino . '/'  (105)
	termino : termino . '*'  (106)

	'*'  shift 86
	'/'  shift 87
	'+'  reduce 98
	'-'  reduce 98
	';'  reduce 98
	'<'  reduce 98
	'>'  reduce 98
	','  reduce 98
	')'  reduce 98
	"MAYOR_IGUAL"  reduce 98
	"MENOR_IGUAL"  reduce 98
	"DISTINTO"  reduce 98


state 45
	termino : factor .  (109)

	.  reduce 109


state 46
	sentencia_declaracion : TYPEDEF ID . ASIGNACION tipo '{' subrango '}' ';'  (15)
	sentencia_declaracion : TYPEDEF ID . ASIGNACION tipo '{' subrango ';'  (16)
	sentencia_declaracion : TYPEDEF ID . ASIGNACION tipo "" subrango '}' ';'  (17)
	sentencia_declaracion : TYPEDEF ID . ASIGNACION tipo subrango ';'  (18)
	sentencia_declaracion : TYPEDEF ID . ASIGNACION tipo '{' '}' ';'  (19)
	sentencia_declaracion : TYPEDEF ID . ASIGNACION '{' subrango '}' ';'  (21)

	ASIGNACION  shift 88
	.  error


state 47
	sentencia_declaracion : TYPEDEF STRUCT . '<' lista_tipos '>' '{' lista_variables '}' ID ';'  (22)
	sentencia_declaracion : TYPEDEF STRUCT . lista_tipos '{' lista_variables '}' ID ';'  (23)
	sentencia_declaracion : TYPEDEF STRUCT . '<' lista_tipos '>' '{' lista_variables '}' ';'  (25)

	ID  shift 89
	LONGINT  shift 12
	HEXA  shift 13
	DOUBLE  shift 14
	'<'  shift 90
	.  error

	tipo  goto 91
	lista_tipos  goto 92


state 48
	sentencia_declaracion : TYPEDEF ASIGNACION . tipo '{' subrango '}' ';'  (20)

	ID  shift 89
	LONGINT  shift 12
	HEXA  shift 13
	DOUBLE  shift 14
	.  error

	tipo  goto 93


state 49
	sentencia_declaracion : TYPEDEF '<' . lista_tipos '>' '{' lista_variables '}' ID ';'  (24)

	ID  shift 89
	LONGINT  shift 12
	HEXA  shift 13
	DOUBLE  shift 14
	.  error

	tipo  goto 91
	lista_tipos  goto 94


state 50
	declaracion_funcion : FUN ID . '(' parametro ')' BEGIN cuerpo_funcion END  (33)

	'('  shift 95
	.  error


state 51
	bloque_sentencia_ejecutable : BEGIN . bloque_sentencia_ejecutable sentencia_ejecucion END  (71)
	bloque_sentencia_ejecutable : BEGIN . sentencia_ejecucion END  (72)

	IF  shift 4
	BEGIN  shift 51
	OUTF  shift 6
	REPEAT  shift 9
	GOTO  shift 10
	ID  shift 96
	ETIQUETA  shift 97
	.  error

	sentencia_ejecucion  goto 98
	lista_variables  goto 21
	asignacion  goto 23
	condicion_if  goto 24
	sentencia_print  goto 25
	bloque_sentencia_ejecutable  goto 99
	id_compuesta  goto 26


state 52
	sentencia_ejecucion : REPEAT bloque_sentencia_ejecutable . WHILE '(' condicion ')' ';'  (43)
	sentencia_ejecucion : REPEAT bloque_sentencia_ejecutable . '(' condicion ')' ';'  (44)
	sentencia_ejecucion : REPEAT bloque_sentencia_ejecutable . WHILE '(' condicion ')'  (45)
	sentencia_ejecucion : REPEAT bloque_sentencia_ejecutable . WHILE '(' ')' ';'  (46)

	WHILE  shift 100
	'('  shift 101
	.  error


state 53
	sentencia_ejecucion : GOTO ETIQUETA . ';'  (47)
	sentencia_ejecucion : GOTO ETIQUETA .  (48)

	';'  shift 102
	$end  reduce 48
	IF  reduce 48
	END  reduce 48
	OUTF  reduce 48
	TYPEDEF  reduce 48
	FUN  reduce 48
	RET  reduce 48
	REPEAT  reduce 48
	GOTO  reduce 48
	ID  reduce 48
	LONGINT  reduce 48
	HEXA  reduce 48
	DOUBLE  reduce 48
	ETIQUETA  reduce 48


state 54
	sentencia_ejecucion : GOTO ';' .  (49)

	.  reduce 49


state 55
	id_compuesta : ID '.' . ID  (122)

	ID  shift 103
	.  error


state 56
	sentencia_ejecucion : ETIQUETA ';' .  (50)

	.  reduce 50


state 57
	cuerpo : cuerpo sentencia .  (7)

	.  reduce 7


state 58
	declaracion_funcion : tipo FUN . ID '(' parametro ')' BEGIN cuerpo_funcion END  (32)
	declaracion_funcion : tipo FUN . '(' parametro ')' BEGIN cuerpo_funcion END  (35)
	declaracion_funcion : tipo FUN . ID parametro BEGIN cuerpo_funcion END  (36)
	declaracion_funcion : tipo FUN . ID '(' ')' BEGIN cuerpo_funcion END  (37)
	declaracion_funcion : tipo FUN . ID '(' parametro ')' cuerpo_funcion END  (38)
	declaracion_funcion : tipo FUN . ID '(' parametro ')' BEGIN END  (39)

	ID  shift 104
	'('  shift 105
	.  error


state 59
	declaracion_funcion : tipo ID . '(' parametro ')' BEGIN cuerpo_funcion END  (34)
	lista_variables : ID .  (121)
	id_compuesta : ID . '.' ID  (122)

	'.'  shift 55
	'('  shift 106
	$end  reduce 121
	IF  reduce 121
	END  reduce 121
	OUTF  reduce 121
	TYPEDEF  reduce 121
	FUN  reduce 121
	RET  reduce 121
	REPEAT  reduce 121
	GOTO  reduce 121
	ID  reduce 121
	LONGINT  reduce 121
	HEXA  reduce 121
	DOUBLE  reduce 121
	ETIQUETA  reduce 121
	';'  reduce 121
	','  reduce 121


state 60
	sentencia_declaracion : tipo lista_variables . ';'  (12)
	sentencia_declaracion : tipo lista_variables .  (13)
	lista_variables : lista_variables . ',' ID  (118)
	lista_variables : lista_variables . ',' id_compuesta  (119)

	';'  shift 107
	','  shift 62
	$end  reduce 13
	IF  reduce 13
	END  reduce 13
	OUTF  reduce 13
	TYPEDEF  reduce 13
	FUN  reduce 13
	RET  reduce 13
	REPEAT  reduce 13
	GOTO  reduce 13
	ID  reduce 13
	LONGINT  reduce 13
	HEXA  reduce 13
	DOUBLE  reduce 13
	ETIQUETA  reduce 13


state 61
	asignacion : lista_variables ASIGNACION . lista_expresiones ';'  (88)

	ID  shift 31
	LONGINT  shift 32
	HEXA  shift 33
	DOUBLE  shift 35
	TOD  shift 36
	'+'  shift 37
	'-'  shift 38
	'*'  shift 39
	'/'  shift 40
	.  error

	expresion  goto 108
	invocacion_funcion  goto 43
	lista_expresiones  goto 109
	termino  goto 44
	factor  goto 45


state 62
	lista_variables : lista_variables ',' . ID  (118)
	lista_variables : lista_variables ',' . id_compuesta  (119)

	ID  shift 110
	.  error

	id_compuesta  goto 111


state 63
	prog : ID BEGIN cuerpo . END  (1)
	prog : ID BEGIN cuerpo .  (4)
	cuerpo : cuerpo . sentencia  (7)

	IF  shift 4
	END  shift 112
	OUTF  shift 6
	TYPEDEF  shift 7
	FUN  shift 8
	REPEAT  shift 9
	GOTO  shift 10
	ID  shift 11
	LONGINT  shift 12
	HEXA  shift 13
	DOUBLE  shift 14
	ETIQUETA  shift 15
	$end  reduce 4

	sentencia  goto 57
	sentencia_declaracion  goto 18
	sentencia_ejecucion  goto 19
	tipo  goto 20
	lista_variables  goto 21
	declaracion_funcion  goto 22
	asignacion  goto 23
	condicion_if  goto 24
	sentencia_print  goto 25
	id_compuesta  goto 26


state 64
	prog : ID cuerpo END .  (2)

	.  reduce 2


state 65
	condicion_if : IF THEN END_IF . ';'  (77)

	';'  shift 113
	.  error


state 66
	condicion_if : IF THEN bloque_sentencia_ejecutable . ';'  (78)
	condicion_if : IF THEN bloque_sentencia_ejecutable . END_IF  (79)

	END_IF  shift 114
	';'  shift 115
	.  error


state 67
	condicion : '(' . expresion comparador expresion ')'  (85)
	condicion : '(' . ')'  (86)

	ID  shift 31
	LONGINT  shift 32
	HEXA  shift 33
	DOUBLE  shift 35
	TOD  shift 36
	'+'  shift 37
	'-'  shift 38
	'*'  shift 39
	'/'  shift 40
	')'  shift 116
	.  error

	expresion  goto 117
	invocacion_funcion  goto 43
	termino  goto 44
	factor  goto 45


state 68
	condicion_if : IF '(' ')' . THEN bloque_sentencia_ejecutable END_IF ';'  (76)

	THEN  shift 118
	.  error


state 69
	condicion_if : IF '(' condicion . ')' THEN bloque_sentencia_ejecutable END_IF ';'  (73)
	condicion_if : IF '(' condicion . ')' THEN bloque_sentencia_ejecutable ELSE bloque_sentencia_ejecutable END_IF ';'  (74)
	condicion_if : IF '(' condicion . ')' bloque_sentencia_ejecutable END_IF ';'  (75)
	condicion_if : IF '(' condicion . ')' THEN bloque_sentencia_ejecutable bloque_sentencia_ejecutable END_IF ';'  (80)
	condicion_if : IF '(' condicion . ')' THEN bloque_sentencia_ejecutable ELSE bloque_sentencia_ejecutable END_IF  (81)
	condicion_if : IF '(' condicion . ')' THEN bloque_sentencia_ejecutable ELSE END_IF ';'  (82)
	condicion_if : IF '(' condicion . ')' THEN ELSE bloque_sentencia_ejecutable END_IF ';'  (83)
	condicion_if : IF '(' condicion . ')' THEN bloque_sentencia_ejecutable ELSE bloque_sentencia_ejecutable ';'  (84)

	')'  shift 119
	.  error


state 70
	condicion : expresion . comparador expresion ')'  (87)
	expresion : expresion . '+' termino  (89)
	expresion : expresion . '-' termino  (90)
	expresion : expresion . '+' '+' termino  (91)
	expresion : expresion . '-' '+' termino  (92)
	expresion : expresion . '+'  (94)
	expresion : expresion . '-'  (95)

	'+'  shift 83
	'-'  shift 84
	'<'  shift 120
	'>'  shift 121
	"MAYOR_IGUAL"  shift 122
	"MENOR_IGUAL"  shift 123
	"DISTINTO"  shift 124
	.  error

	comparador  goto 125


state 71
	invocacion_funcion : ID '(' . expresion ')'  (70)

	ID  shift 31
	LONGINT  shift 32
	HEXA  shift 33
	DOUBLE  shift 35
	TOD  shift 36
	'+'  shift 37
	'-'  shift 38
	'*'  shift 39
	'/'  shift 40
	.  error

	expresion  goto 126
	invocacion_funcion  goto 43
	termino  goto 44
	factor  goto 45


state 72
	sentencia_print : OUTF CML ';' .  (56)

	.  reduce 56


state 73
	expresion : TOD '(' . expresion ')'  (96)
	expresion : TOD '(' . ')'  (97)

	ID  shift 31
	LONGINT  shift 32
	HEXA  shift 33
	DOUBLE  shift 35
	TOD  shift 36
	'+'  shift 37
	'-'  shift 38
	'*'  shift 39
	'/'  shift 40
	')'  shift 127
	.  error

	expresion  goto 128
	invocacion_funcion  goto 43
	termino  goto 44
	factor  goto 45


state 74
	expresion : '+' termino .  (93)
	termino : termino . '*' factor  (99)
	termino : termino . '/' factor  (100)
	termino : termino . '*' '*' factor  (101)
	termino : termino . '*' '/' factor  (102)
	termino : termino . '/' '/' factor  (103)
	termino : termino . '/' '*' factor  (104)
	termino : termino . '/'  (105)
	termino : termino . '*'  (106)

	'*'  shift 86
	'/'  shift 87
	'+'  reduce 93
	'-'  reduce 93
	';'  reduce 93
	'<'  reduce 93
	'>'  reduce 93
	','  reduce 93
	')'  reduce 93
	"MAYOR_IGUAL"  reduce 93
	"MENOR_IGUAL"  reduce 93
	"DISTINTO"  reduce 93


state 75
	factor : '-' LONGINT .  (113)

	.  reduce 113


state 76
	factor : '-' HEXA .  (115)

	.  reduce 115


state 77
	factor : '-' DOUBLE .  (117)

	.  reduce 117


state 78
	termino : '*' factor .  (108)

	.  reduce 108


state 79
	termino : '/' factor .  (107)

	.  reduce 107


state 80
	sentencia_print : OUTF '(' CML . ')' ';'  (51)
	sentencia_print : OUTF '(' CML . ')'  (55)

	')'  shift 129
	.  error


state 81
	sentencia_print : OUTF '(' ')' . ';'  (53)

	';'  shift 130
	.  error


state 82
	sentencia_print : OUTF '(' expresion . ')' ';'  (52)
	sentencia_print : OUTF '(' expresion . ')'  (54)
	expresion : expresion . '+' termino  (89)
	expresion : expresion . '-' termino  (90)
	expresion : expresion . '+' '+' termino  (91)
	expresion : expresion . '-' '+' termino  (92)
	expresion : expresion . '+'  (94)
	expresion : expresion . '-'  (95)

	'+'  shift 83
	'-'  shift 84
	')'  shift 131
	.  error


state 83
	expresion : expresion '+' . termino  (89)
	expresion : expresion '+' . '+' termino  (91)
	expresion : expresion '+' .  (94)

	ID  shift 31
	LONGINT  shift 32
	HEXA  shift 33
	DOUBLE  shift 35
	'*'  shift 39
	'/'  shift 40
	'+'  reduce 94
	'-'  reduce 94
	';'  reduce 94
	'<'  reduce 94
	'>'  reduce 94
	','  reduce 94
	')'  reduce 94
	"MAYOR_IGUAL"  reduce 94
	"MENOR_IGUAL"  reduce 94
	"DISTINTO"  reduce 94

	invocacion_funcion  goto 43
	termino  goto 133
	factor  goto 45


state 84
	expresion : expresion '-' . termino  (90)
	expresion : expresion '-' . '+' termino  (92)
	expresion : expresion '-' .  (95)

	ID  shift 31
	LONGINT  shift 32
	HEXA  shift 33
	DOUBLE  shift 35
	'*'  shift 39
	'/'  shift 40
	'+'  reduce 95
	'-'  reduce 95
	';'  reduce 95
	'<'  reduce 95
	'>'  reduce 95
	','  reduce 95
	')'  reduce 95
	"MAYOR_IGUAL"  reduce 95
	"MENOR_IGUAL"  reduce 95
	"DISTINTO"  reduce 95

	invocacion_funcion  goto 43
	termino  goto 135
	factor  goto 45


state 85
	sentencia_print : OUTF expresion ';' .  (57)

	.  reduce 57


state 86
	termino : termino '*' . factor  (99)
	termino : termino '*' . '*' factor  (101)
	termino : termino '*' . '/' factor  (102)
	termino : termino '*' .  (106)

	ID  shift 31
	LONGINT  shift 32
	HEXA  shift 33
	DOUBLE  shift 35
	'+'  reduce 106
	'-'  reduce 106
	'*'  reduce 106
	'/'  reduce 106
	';'  reduce 106
	'<'  reduce 106
	'>'  reduce 106
	','  reduce 106
	')'  reduce 106
	"MAYOR_IGUAL"  reduce 106
	"MENOR_IGUAL"  reduce 106
	"DISTINTO"  reduce 106

	invocacion_funcion  goto 43
	factor  goto 138


state 87
	termino : termino '/' . factor  (100)
	termino : termino '/' . '/' factor  (103)
	termino : termino '/' . '*' factor  (104)
	termino : termino '/' .  (105)

	ID  shift 31
	LONGINT  shift 32
	HEXA  shift 33
	DOUBLE  shift 35
	'+'  reduce 105
	'-'  reduce 105
	'*'  reduce 105
	'/'  reduce 105
	';'  reduce 105
	'<'  reduce 105
	'>'  reduce 105
	','  reduce 105
	')'  reduce 105
	"MAYOR_IGUAL"  reduce 105
	"MENOR_IGUAL"  reduce 105
	"DISTINTO"  reduce 105

	invocacion_funcion  goto 43
	factor  goto 141


state 88
	sentencia_declaracion : TYPEDEF ID ASIGNACION . tipo '{' subrango '}' ';'  (15)
	sentencia_declaracion : TYPEDEF ID ASIGNACION . tipo '{' subrango ';'  (16)
	sentencia_declaracion : TYPEDEF ID ASIGNACION . tipo "" subrango '}' ';'  (17)
	sentencia_declaracion : TYPEDEF ID ASIGNACION . tipo subrango ';'  (18)
	sentencia_declaracion : TYPEDEF ID ASIGNACION . tipo '{' '}' ';'  (19)
	sentencia_declaracion : TYPEDEF ID ASIGNACION . '{' subrango '}' ';'  (21)

	ID  shift 89
	LONGINT  shift 12
	HEXA  shift 13
	DOUBLE  shift 14
	'{'  shift 142
	.  error

	tipo  goto 143


state 89
	tipo : ID .  (131)

	.  reduce 131


state 90
	sentencia_declaracion : TYPEDEF STRUCT '<' . lista_tipos '>' '{' lista_variables '}' ID ';'  (22)
	sentencia_declaracion : TYPEDEF STRUCT '<' . lista_tipos '>' '{' lista_variables '}' ';'  (25)

	ID  shift 89
	LONGINT  shift 12
	HEXA  shift 13
	DOUBLE  shift 14
	.  error

	tipo  goto 91
	lista_tipos  goto 144


state 91
	lista_tipos : tipo .  (127)

	.  reduce 127


state 92
	sentencia_declaracion : TYPEDEF STRUCT lista_tipos . '{' lista_variables '}' ID ';'  (23)
	lista_tipos : lista_tipos . ',' tipo  (125)
	lista_tipos : lista_tipos . tipo  (126)

	ID  shift 89
	LONGINT  shift 12
	HEXA  shift 13
	DOUBLE  shift 14
	'{'  shift 145
	','  shift 146
	.  error

	tipo  goto 147


state 93
	sentencia_declaracion : TYPEDEF ASIGNACION tipo . '{' subrango '}' ';'  (20)

	'{'  shift 148
	.  error


state 94
	sentencia_declaracion : TYPEDEF '<' lista_tipos . '>' '{' lista_variables '}' ID ';'  (24)
	lista_tipos : lista_tipos . ',' tipo  (125)
	lista_tipos : lista_tipos . tipo  (126)

	ID  shift 89
	LONGINT  shift 12
	HEXA  shift 13
	DOUBLE  shift 14
	'>'  shift 149
	','  shift 146
	.  error

	tipo  goto 147


state 95
	declaracion_funcion : FUN ID '(' . parametro ')' BEGIN cuerpo_funcion END  (33)

	ID  shift 89
	LONGINT  shift 12
	HEXA  shift 13
	DOUBLE  shift 14
	.  error

	tipo  goto 150
	parametro  goto 151


state 96
	lista_variables : ID .  (121)
	id_compuesta : ID . '.' ID  (122)

	'.'  shift 55
	ASIGNACION  reduce 121
	'}'  reduce 121
	','  reduce 121


state 97
	sentencia_ejecucion : ETIQUETA . ';'  (50)

	';'  shift 56
	.  error


state 98
	bloque_sentencia_ejecutable : BEGIN sentencia_ejecucion . END  (72)

	END  shift 152
	.  error


state 99
	bloque_sentencia_ejecutable : BEGIN bloque_sentencia_ejecutable . sentencia_ejecucion END  (71)

	IF  shift 4
	OUTF  shift 6
	REPEAT  shift 9
	GOTO  shift 10
	ID  shift 96
	ETIQUETA  shift 97
	.  error

	sentencia_ejecucion  goto 153
	lista_variables  goto 21
	asignacion  goto 23
	condicion_if  goto 24
	sentencia_print  goto 25
	id_compuesta  goto 26


state 100
	sentencia_ejecucion : REPEAT bloque_sentencia_ejecutable WHILE . '(' condicion ')' ';'  (43)
	sentencia_ejecucion : REPEAT bloque_sentencia_ejecutable WHILE . '(' condicion ')'  (45)
	sentencia_ejecucion : REPEAT bloque_sentencia_ejecutable WHILE . '(' ')' ';'  (46)

	'('  shift 154
	.  error


state 101
	sentencia_ejecucion : REPEAT bloque_sentencia_ejecutable '(' . condicion ')' ';'  (44)

	ID  shift 31
	LONGINT  shift 32
	HEXA  shift 33
	DOUBLE  shift 35
	TOD  shift 36
	'+'  shift 37
	'-'  shift 38
	'*'  shift 39
	'/'  shift 40
	'('  shift 67
	.  error

	condicion  goto 155
	expresion  goto 70
	invocacion_funcion  goto 43
	termino  goto 44
	factor  goto 45


state 102
	sentencia_ejecucion : GOTO ETIQUETA ';' .  (47)

	.  reduce 47


state 103
	id_compuesta : ID '.' ID .  (122)

	.  reduce 122


state 104
	declaracion_funcion : tipo FUN ID . '(' parametro ')' BEGIN cuerpo_funcion END  (32)
	declaracion_funcion : tipo FUN ID . parametro BEGIN cuerpo_funcion END  (36)
	declaracion_funcion : tipo FUN ID . '(' ')' BEGIN cuerpo_funcion END  (37)
	declaracion_funcion : tipo FUN ID . '(' parametro ')' cuerpo_funcion END  (38)
	declaracion_funcion : tipo FUN ID . '(' parametro ')' BEGIN END  (39)

	ID  shift 89
	LONGINT  shift 12
	HEXA  shift 13
	DOUBLE  shift 14
	'('  shift 156
	.  error

	tipo  goto 150
	parametro  goto 157


state 105
	declaracion_funcion : tipo FUN '(' . parametro ')' BEGIN cuerpo_funcion END  (35)

	ID  shift 89
	LONGINT  shift 12
	HEXA  shift 13
	DOUBLE  shift 14
	.  error

	tipo  goto 150
	parametro  goto 158


state 106
	declaracion_funcion : tipo ID '(' . parametro ')' BEGIN cuerpo_funcion END  (34)

	ID  shift 89
	LONGINT  shift 12
	HEXA  shift 13
	DOUBLE  shift 14
	.  error

	tipo  goto 150
	parametro  goto 159


state 107
	sentencia_declaracion : tipo lista_variables ';' .  (12)

	.  reduce 12


state 108
	expresion : expresion . '+' termino  (89)
	expresion : expresion . '-' termino  (90)
	expresion : expresion . '+' '+' termino  (91)
	expresion : expresion . '-' '+' termino  (92)
	expresion : expresion . '+'  (94)
	expresion : expresion . '-'  (95)
	lista_expresiones : expresion .  (124)

	'+'  shift 83
	'-'  shift 84
	';'  reduce 124
	','  reduce 124


state 109
	asignacion : lista_variables ASIGNACION lista_expresiones . ';'  (88)
	lista_expresiones : lista_expresiones . ',' expresion  (123)

	';'  shift 160
	','  shift 161
	.  error


state 110
	lista_variables : lista_variables ',' ID .  (118)
	id_compuesta : ID . '.' ID  (122)

	'.'  shift 55
	$end  reduce 118
	IF  reduce 118
	END  reduce 118
	OUTF  reduce 118
	TYPEDEF  reduce 118
	FUN  reduce 118
	RET  reduce 118
	REPEAT  reduce 118
	GOTO  reduce 118
	ID  reduce 118
	LONGINT  reduce 118
	HEXA  reduce 118
	DOUBLE  reduce 118
	ASIGNACION  reduce 118
	ETIQUETA  reduce 118
	';'  reduce 118
	'}'  reduce 118
	','  reduce 118


state 111
	lista_variables : lista_variables ',' id_compuesta .  (119)

	.  reduce 119


state 112
	prog : ID BEGIN cuerpo END .  (1)

	.  reduce 1


state 113
	condicion_if : IF THEN END_IF ';' .  (77)

	.  reduce 77


state 114
	condicion_if : IF THEN bloque_sentencia_ejecutable END_IF .  (79)

	.  reduce 79


state 115
	condicion_if : IF THEN bloque_sentencia_ejecutable ';' .  (78)

	.  reduce 78


state 116
	condicion : '(' ')' .  (86)

	.  reduce 86


state 117
	condicion : '(' expresion . comparador expresion ')'  (85)
	expresion : expresion . '+' termino  (89)
	expresion : expresion . '-' termino  (90)
	expresion : expresion . '+' '+' termino  (91)
	expresion : expresion . '-' '+' termino  (92)
	expresion : expresion . '+'  (94)
	expresion : expresion . '-'  (95)

	'+'  shift 83
	'-'  shift 84
	'<'  shift 120
	'>'  shift 121
	"MAYOR_IGUAL"  shift 122
	"MENOR_IGUAL"  shift 123
	"DISTINTO"  shift 124
	.  error

	comparador  goto 162


state 118
	condicion_if : IF '(' ')' THEN . bloque_sentencia_ejecutable END_IF ';'  (76)

	BEGIN  shift 51
	.  error

	bloque_sentencia_ejecutable  goto 163


state 119
	condicion_if : IF '(' condicion ')' . THEN bloque_sentencia_ejecutable END_IF ';'  (73)
	condicion_if : IF '(' condicion ')' . THEN bloque_sentencia_ejecutable ELSE bloque_sentencia_ejecutable END_IF ';'  (74)
	condicion_if : IF '(' condicion ')' . bloque_sentencia_ejecutable END_IF ';'  (75)
	condicion_if : IF '(' condicion ')' . THEN bloque_sentencia_ejecutable bloque_sentencia_ejecutable END_IF ';'  (80)
	condicion_if : IF '(' condicion ')' . THEN bloque_sentencia_ejecutable ELSE bloque_sentencia_ejecutable END_IF  (81)
	condicion_if : IF '(' condicion ')' . THEN bloque_sentencia_ejecutable ELSE END_IF ';'  (82)
	condicion_if : IF '(' condicion ')' . THEN ELSE bloque_sentencia_ejecutable END_IF ';'  (83)
	condicion_if : IF '(' condicion ')' . THEN bloque_sentencia_ejecutable ELSE bloque_sentencia_ejecutable ';'  (84)

	THEN  shift 164
	BEGIN  shift 51
	.  error

	bloque_sentencia_ejecutable  goto 165


state 120
	comparador : '<' .  (132)

	.  reduce 132


state 121
	comparador : '>' .  (133)

	.  reduce 133


state 122
	comparador : "MAYOR_IGUAL" .  (134)

	.  reduce 134


state 123
	comparador : "MENOR_IGUAL" .  (135)

	.  reduce 135


state 124
	comparador : "DISTINTO" .  (136)

	.  reduce 136


state 125
	condicion : expresion comparador . expresion ')'  (87)

	ID  shift 31
	LONGINT  shift 32
	HEXA  shift 33
	DOUBLE  shift 35
	TOD  shift 36
	'+'  shift 37
	'-'  shift 38
	'*'  shift 39
	'/'  shift 40
	.  error

	expresion  goto 166
	invocacion_funcion  goto 43
	termino  goto 44
	factor  goto 45


state 126
	invocacion_funcion : ID '(' expresion . ')'  (70)
	expresion : expresion . '+' termino  (89)
	expresion : expresion . '-' termino  (90)
	expresion : expresion . '+' '+' termino  (91)
	expresion : expresion . '-' '+' termino  (92)
	expresion : expresion . '+'  (94)
	expresion : expresion . '-'  (95)

	'+'  shift 83
	'-'  shift 84
	')'  shift 167
	.  error


state 127
	expresion : TOD '(' ')' .  (97)

	.  reduce 97


state 128
	expresion : expresion . '+' termino  (89)
	expresion : expresion . '-' termino  (90)
	expresion : expresion . '+' '+' termino  (91)
	expresion : expresion . '-' '+' termino  (92)
	expresion : expresion . '+'  (94)
	expresion : expresion . '-'  (95)
	expresion : TOD '(' expresion . ')'  (96)

	'+'  shift 83
	'-'  shift 84
	')'  shift 168
	.  error


state 129
	sentencia_print : OUTF '(' CML ')' . ';'  (51)
	sentencia_print : OUTF '(' CML ')' .  (55)

	';'  shift 169
	$end  reduce 55
	IF  reduce 55
	END  reduce 55
	OUTF  reduce 55
	TYPEDEF  reduce 55
	FUN  reduce 55
	RET  reduce 55
	REPEAT  reduce 55
	GOTO  reduce 55
	ID  reduce 55
	LONGINT  reduce 55
	HEXA  reduce 55
	DOUBLE  reduce 55
	ETIQUETA  reduce 55


state 130
	sentencia_print : OUTF '(' ')' ';' .  (53)

	.  reduce 53


state 131
	sentencia_print : OUTF '(' expresion ')' . ';'  (52)
	sentencia_print : OUTF '(' expresion ')' .  (54)

	';'  shift 170
	$end  reduce 54
	IF  reduce 54
	END  reduce 54
	OUTF  reduce 54
	TYPEDEF  reduce 54
	FUN  reduce 54
	RET  reduce 54
	REPEAT  reduce 54
	GOTO  reduce 54
	ID  reduce 54
	LONGINT  reduce 54
	HEXA  reduce 54
	DOUBLE  reduce 54
	ETIQUETA  reduce 54


state 132
	expresion : expresion '+' '+' . termino  (91)

	ID  shift 31
	LONGINT  shift 32
	HEXA  shift 33
	DOUBLE  shift 35
	'-'  shift 38
	'*'  shift 39
	'/'  shift 40
	.  error

	invocacion_funcion  goto 43
	termino  goto 171
	factor  goto 45


state 133
	expresion : expresion '+' termino .  (89)
	termino : termino . '*' factor  (99)
	termino : termino . '/' factor  (100)
	termino : termino . '*' '*' factor  (101)
	termino : termino . '*' '/' factor  (102)
	termino : termino . '/' '/' factor  (103)
	termino : termino . '/' '*' factor  (104)
	termino : termino . '/'  (105)
	termino : termino . '*'  (106)

	'*'  shift 86
	'/'  shift 87
	'+'  reduce 89
	'-'  reduce 89
	';'  reduce 89
	'<'  reduce 89
	'>'  reduce 89
	','  reduce 89
	')'  reduce 89
	"MAYOR_IGUAL"  reduce 89
	"MENOR_IGUAL"  reduce 89
	"DISTINTO"  reduce 89


state 134
	expresion : expresion '-' '+' . termino  (92)

	ID  shift 31
	LONGINT  shift 32
	HEXA  shift 33
	DOUBLE  shift 35
	'-'  shift 38
	'*'  shift 39
	'/'  shift 40
	.  error

	invocacion_funcion  goto 43
	termino  goto 172
	factor  goto 45


state 135
	expresion : expresion '-' termino .  (90)
	termino : termino . '*' factor  (99)
	termino : termino . '/' factor  (100)
	termino : termino . '*' '*' factor  (101)
	termino : termino . '*' '/' factor  (102)
	termino : termino . '/' '/' factor  (103)
	termino : termino . '/' '*' factor  (104)
	termino : termino . '/'  (105)
	termino : termino . '*'  (106)

	'*'  shift 86
	'/'  shift 87
	'+'  reduce 90
	'-'  reduce 90
	';'  reduce 90
	'<'  reduce 90
	'>'  reduce 90
	','  reduce 90
	')'  reduce 90
	"MAYOR_IGUAL"  reduce 90
	"MENOR_IGUAL"  reduce 90
	"DISTINTO"  reduce 90


state 136
	termino : termino '*' '*' . factor  (101)

	ID  shift 31
	LONGINT  shift 32
	HEXA  shift 33
	DOUBLE  shift 35
	'-'  shift 38
	.  error

	invocacion_funcion  goto 43
	factor  goto 173


state 137
	termino : termino '*' '/' . factor  (102)

	ID  shift 31
	LONGINT  shift 32
	HEXA  shift 33
	DOUBLE  shift 35
	'-'  shift 38
	.  error

	invocacion_funcion  goto 43
	factor  goto 174


state 138
	termino : termino '*' factor .  (99)

	.  reduce 99


state 139
	termino : termino '/' '*' . factor  (104)

	ID  shift 31
	LONGINT  shift 32
	HEXA  shift 33
	DOUBLE  shift 35
	'-'  shift 38
	.  error

	invocacion_funcion  goto 43
	factor  goto 175


state 140
	termino : termino '/' '/' . factor  (103)

	ID  shift 31
	LONGINT  shift 32
	HEXA  shift 33
	DOUBLE  shift 35
	'-'  shift 38
	.  error

	invocacion_funcion  goto 43
	factor  goto 176


state 141
	termino : termino '/' factor .  (100)

	.  reduce 100


state 142
	sentencia_declaracion : TYPEDEF ID ASIGNACION '{' . subrango '}' ';'  (21)

	LONGINT  shift 177
	HEXA  shift 178
	DOUBLE  shift 179
	.  error

	subrango  goto 180


state 143
	sentencia_declaracion : TYPEDEF ID ASIGNACION tipo . '{' subrango '}' ';'  (15)
	sentencia_declaracion : TYPEDEF ID ASIGNACION tipo . '{' subrango ';'  (16)
	sentencia_declaracion : TYPEDEF ID ASIGNACION tipo . "" subrango '}' ';'  (17)
	sentencia_declaracion : TYPEDEF ID ASIGNACION tipo . subrango ';'  (18)
	sentencia_declaracion : TYPEDEF ID ASIGNACION tipo . '{' '}' ';'  (19)

	LONGINT  shift 177
	HEXA  shift 178
	DOUBLE  shift 179
	'{'  shift 181
	""  shift 182
	.  error

	subrango  goto 183


state 144
	sentencia_declaracion : TYPEDEF STRUCT '<' lista_tipos . '>' '{' lista_variables '}' ID ';'  (22)
	sentencia_declaracion : TYPEDEF STRUCT '<' lista_tipos . '>' '{' lista_variables '}' ';'  (25)
	lista_tipos : lista_tipos . ',' tipo  (125)
	lista_tipos : lista_tipos . tipo  (126)

	ID  shift 89
	LONGINT  shift 12
	HEXA  shift 13
	DOUBLE  shift 14
	'>'  shift 184
	','  shift 146
	.  error

	tipo  goto 147


state 145
	sentencia_declaracion : TYPEDEF STRUCT lista_tipos '{' . lista_variables '}' ID ';'  (23)

	ID  shift 96
	.  error

	lista_variables  goto 185
	id_compuesta  goto 26


state 146
	lista_tipos : lista_tipos ',' . tipo  (125)

	ID  shift 89
	LONGINT  shift 12
	HEXA  shift 13
	DOUBLE  shift 14
	.  error

	tipo  goto 186


state 147
	lista_tipos : lista_tipos tipo .  (126)

	.  reduce 126


state 148
	sentencia_declaracion : TYPEDEF ASIGNACION tipo '{' . subrango '}' ';'  (20)

	LONGINT  shift 177
	HEXA  shift 178
	DOUBLE  shift 179
	.  error

	subrango  goto 187


state 149
	sentencia_declaracion : TYPEDEF '<' lista_tipos '>' . '{' lista_variables '}' ID ';'  (24)

	'{'  shift 188
	.  error


state 150
	parametro : tipo . ID  (68)
	parametro : tipo .  (69)

	ID  shift 189
	BEGIN  reduce 69
	')'  reduce 69


state 151
	declaracion_funcion : FUN ID '(' parametro . ')' BEGIN cuerpo_funcion END  (33)

	')'  shift 190
	.  error


state 152
	bloque_sentencia_ejecutable : BEGIN sentencia_ejecucion END .  (72)

	.  reduce 72


state 153
	bloque_sentencia_ejecutable : BEGIN bloque_sentencia_ejecutable sentencia_ejecucion . END  (71)

	END  shift 191
	.  error


state 154
	sentencia_ejecucion : REPEAT bloque_sentencia_ejecutable WHILE '(' . condicion ')' ';'  (43)
	sentencia_ejecucion : REPEAT bloque_sentencia_ejecutable WHILE '(' . condicion ')'  (45)
	sentencia_ejecucion : REPEAT bloque_sentencia_ejecutable WHILE '(' . ')' ';'  (46)

	ID  shift 31
	LONGINT  shift 32
	HEXA  shift 33
	DOUBLE  shift 35
	TOD  shift 36
	'+'  shift 37
	'-'  shift 38
	'*'  shift 39
	'/'  shift 40
	'('  shift 67
	')'  shift 192
	.  error

	condicion  goto 193
	expresion  goto 70
	invocacion_funcion  goto 43
	termino  goto 44
	factor  goto 45


state 155
	sentencia_ejecucion : REPEAT bloque_sentencia_ejecutable '(' condicion . ')' ';'  (44)

	')'  shift 194
	.  error


state 156
	declaracion_funcion : tipo FUN ID '(' . parametro ')' BEGIN cuerpo_funcion END  (32)
	declaracion_funcion : tipo FUN ID '(' . ')' BEGIN cuerpo_funcion END  (37)
	declaracion_funcion : tipo FUN ID '(' . parametro ')' cuerpo_funcion END  (38)
	declaracion_funcion : tipo FUN ID '(' . parametro ')' BEGIN END  (39)

	ID  shift 89
	LONGINT  shift 12
	HEXA  shift 13
	DOUBLE  shift 14
	')'  shift 195
	.  error

	tipo  goto 150
	parametro  goto 196


state 157
	declaracion_funcion : tipo FUN ID parametro . BEGIN cuerpo_funcion END  (36)

	BEGIN  shift 197
	.  error


state 158
	declaracion_funcion : tipo FUN '(' parametro . ')' BEGIN cuerpo_funcion END  (35)

	')'  shift 198
	.  error


state 159
	declaracion_funcion : tipo ID '(' parametro . ')' BEGIN cuerpo_funcion END  (34)

	')'  shift 199
	.  error


state 160
	asignacion : lista_variables ASIGNACION lista_expresiones ';' .  (88)

	.  reduce 88


state 161
	lista_expresiones : lista_expresiones ',' . expresion  (123)

	ID  shift 31
	LONGINT  shift 32
	HEXA  shift 33
	DOUBLE  shift 35
	TOD  shift 36
	'+'  shift 37
	'-'  shift 38
	'*'  shift 39
	'/'  shift 40
	.  error

	expresion  goto 200
	invocacion_funcion  goto 43
	termino  goto 44
	factor  goto 45


state 162
	condicion : '(' expresion comparador . expresion ')'  (85)

	ID  shift 31
	LONGINT  shift 32
	HEXA  shift 33
	DOUBLE  shift 35
	TOD  shift 36
	'+'  shift 37
	'-'  shift 38
	'*'  shift 39
	'/'  shift 40
	.  error

	expresion  goto 201
	invocacion_funcion  goto 43
	termino  goto 44
	factor  goto 45


state 163
	condicion_if : IF '(' ')' THEN bloque_sentencia_ejecutable . END_IF ';'  (76)

	END_IF  shift 202
	.  error


state 164
	condicion_if : IF '(' condicion ')' THEN . bloque_sentencia_ejecutable END_IF ';'  (73)
	condicion_if : IF '(' condicion ')' THEN . bloque_sentencia_ejecutable ELSE bloque_sentencia_ejecutable END_IF ';'  (74)
	condicion_if : IF '(' condicion ')' THEN . bloque_sentencia_ejecutable bloque_sentencia_ejecutable END_IF ';'  (80)
	condicion_if : IF '(' condicion ')' THEN . bloque_sentencia_ejecutable ELSE bloque_sentencia_ejecutable END_IF  (81)
	condicion_if : IF '(' condicion ')' THEN . bloque_sentencia_ejecutable ELSE END_IF ';'  (82)
	condicion_if : IF '(' condicion ')' THEN . ELSE bloque_sentencia_ejecutable END_IF ';'  (83)
	condicion_if : IF '(' condicion ')' THEN . bloque_sentencia_ejecutable ELSE bloque_sentencia_ejecutable ';'  (84)

	ELSE  shift 203
	BEGIN  shift 51
	.  error

	bloque_sentencia_ejecutable  goto 204


state 165
	condicion_if : IF '(' condicion ')' bloque_sentencia_ejecutable . END_IF ';'  (75)

	END_IF  shift 205
	.  error


state 166
	condicion : expresion comparador expresion . ')'  (87)
	expresion : expresion . '+' termino  (89)
	expresion : expresion . '-' termino  (90)
	expresion : expresion . '+' '+' termino  (91)
	expresion : expresion . '-' '+' termino  (92)
	expresion : expresion . '+'  (94)
	expresion : expresion . '-'  (95)

	'+'  shift 83
	'-'  shift 84
	')'  shift 206
	.  error


state 167
	invocacion_funcion : ID '(' expresion ')' .  (70)

	.  reduce 70


state 168
	expresion : TOD '(' expresion ')' .  (96)

	.  reduce 96


state 169
	sentencia_print : OUTF '(' CML ')' ';' .  (51)

	.  reduce 51


state 170
	sentencia_print : OUTF '(' expresion ')' ';' .  (52)

	.  reduce 52


state 171
	expresion : expresion '+' '+' termino .  (91)
	termino : termino . '*' factor  (99)
	termino : termino . '/' factor  (100)
	termino : termino . '*' '*' factor  (101)
	termino : termino . '*' '/' factor  (102)
	termino : termino . '/' '/' factor  (103)
	termino : termino . '/' '*' factor  (104)
	termino : termino . '/'  (105)
	termino : termino . '*'  (106)

	'*'  shift 86
	'/'  shift 87
	'+'  reduce 91
	'-'  reduce 91
	';'  reduce 91
	'<'  reduce 91
	'>'  reduce 91
	','  reduce 91
	')'  reduce 91
	"MAYOR_IGUAL"  reduce 91
	"MENOR_IGUAL"  reduce 91
	"DISTINTO"  reduce 91


state 172
	expresion : expresion '-' '+' termino .  (92)
	termino : termino . '*' factor  (99)
	termino : termino . '/' factor  (100)
	termino : termino . '*' '*' factor  (101)
	termino : termino . '*' '/' factor  (102)
	termino : termino . '/' '/' factor  (103)
	termino : termino . '/' '*' factor  (104)
	termino : termino . '/'  (105)
	termino : termino . '*'  (106)

	'*'  shift 86
	'/'  shift 87
	'+'  reduce 92
	'-'  reduce 92
	';'  reduce 92
	'<'  reduce 92
	'>'  reduce 92
	','  reduce 92
	')'  reduce 92
	"MAYOR_IGUAL"  reduce 92
	"MENOR_IGUAL"  reduce 92
	"DISTINTO"  reduce 92


state 173
	termino : termino '*' '*' factor .  (101)

	.  reduce 101


state 174
	termino : termino '*' '/' factor .  (102)

	.  reduce 102


state 175
	termino : termino '/' '*' factor .  (104)

	.  reduce 104


state 176
	termino : termino '/' '/' factor .  (103)

	.  reduce 103


state 177
	subrango : LONGINT . ',' LONGINT  (26)
	subrango : LONGINT . LONGINT  (27)

	LONGINT  shift 207
	','  shift 208
	.  error


state 178
	subrango : HEXA . ',' HEXA  (30)
	subrango : HEXA . HEXA  (31)

	HEXA  shift 209
	','  shift 210
	.  error


state 179
	subrango : DOUBLE . ',' DOUBLE  (28)
	subrango : DOUBLE . DOUBLE  (29)

	DOUBLE  shift 211
	','  shift 212
	.  error


state 180
	sentencia_declaracion : TYPEDEF ID ASIGNACION '{' subrango . '}' ';'  (21)

	'}'  shift 213
	.  error


state 181
	sentencia_declaracion : TYPEDEF ID ASIGNACION tipo '{' . subrango '}' ';'  (15)
	sentencia_declaracion : TYPEDEF ID ASIGNACION tipo '{' . subrango ';'  (16)
	sentencia_declaracion : TYPEDEF ID ASIGNACION tipo '{' . '}' ';'  (19)

	LONGINT  shift 177
	HEXA  shift 178
	DOUBLE  shift 179
	'}'  shift 214
	.  error

	subrango  goto 215


state 182
	sentencia_declaracion : TYPEDEF ID ASIGNACION tipo "" . subrango '}' ';'  (17)

	LONGINT  shift 177
	HEXA  shift 178
	DOUBLE  shift 179
	.  error

	subrango  goto 216


state 183
	sentencia_declaracion : TYPEDEF ID ASIGNACION tipo subrango . ';'  (18)

	';'  shift 217
	.  error


state 184
	sentencia_declaracion : TYPEDEF STRUCT '<' lista_tipos '>' . '{' lista_variables '}' ID ';'  (22)
	sentencia_declaracion : TYPEDEF STRUCT '<' lista_tipos '>' . '{' lista_variables '}' ';'  (25)

	'{'  shift 218
	.  error


state 185
	sentencia_declaracion : TYPEDEF STRUCT lista_tipos '{' lista_variables . '}' ID ';'  (23)
	lista_variables : lista_variables . ',' ID  (118)
	lista_variables : lista_variables . ',' id_compuesta  (119)

	'}'  shift 219
	','  shift 62
	.  error


state 186
	lista_tipos : lista_tipos ',' tipo .  (125)

	.  reduce 125


state 187
	sentencia_declaracion : TYPEDEF ASIGNACION tipo '{' subrango . '}' ';'  (20)

	'}'  shift 220
	.  error


state 188
	sentencia_declaracion : TYPEDEF '<' lista_tipos '>' '{' . lista_variables '}' ID ';'  (24)

	ID  shift 96
	.  error

	lista_variables  goto 221
	id_compuesta  goto 26


state 189
	parametro : tipo ID .  (68)

	.  reduce 68


state 190
	declaracion_funcion : FUN ID '(' parametro ')' . BEGIN cuerpo_funcion END  (33)

	BEGIN  shift 222
	.  error


state 191
	bloque_sentencia_ejecutable : BEGIN bloque_sentencia_ejecutable sentencia_ejecucion END .  (71)

	.  reduce 71


state 192
	sentencia_ejecucion : REPEAT bloque_sentencia_ejecutable WHILE '(' ')' . ';'  (46)

	';'  shift 223
	.  error


state 193
	sentencia_ejecucion : REPEAT bloque_sentencia_ejecutable WHILE '(' condicion . ')' ';'  (43)
	sentencia_ejecucion : REPEAT bloque_sentencia_ejecutable WHILE '(' condicion . ')'  (45)

	')'  shift 224
	.  error


state 194
	sentencia_ejecucion : REPEAT bloque_sentencia_ejecutable '(' condicion ')' . ';'  (44)

	';'  shift 225
	.  error


state 195
	declaracion_funcion : tipo FUN ID '(' ')' . BEGIN cuerpo_funcion END  (37)

	BEGIN  shift 226
	.  error


state 196
	declaracion_funcion : tipo FUN ID '(' parametro . ')' BEGIN cuerpo_funcion END  (32)
	declaracion_funcion : tipo FUN ID '(' parametro . ')' cuerpo_funcion END  (38)
	declaracion_funcion : tipo FUN ID '(' parametro . ')' BEGIN END  (39)

	')'  shift 227
	.  error


state 197
	declaracion_funcion : tipo FUN ID parametro BEGIN . cuerpo_funcion END  (36)

	IF  shift 4
	OUTF  shift 6
	TYPEDEF  shift 7
	FUN  shift 8
	RET  shift 228
	REPEAT  shift 9
	GOTO  shift 10
	ID  shift 11
	LONGINT  shift 12
	HEXA  shift 13
	DOUBLE  shift 14
	ETIQUETA  shift 15
	'('  shift 229
	.  error

	cuerpo  goto 230
	sentencia  goto 17
	sentencia_declaracion  goto 18
	sentencia_ejecucion  goto 19
	tipo  goto 20
	lista_variables  goto 21
	declaracion_funcion  goto 22
	cuerpo_funcion  goto 231
	asignacion  goto 23
	condicion_if  goto 24
	sentencia_print  goto 25
	id_compuesta  goto 26


state 198
	declaracion_funcion : tipo FUN '(' parametro ')' . BEGIN cuerpo_funcion END  (35)

	BEGIN  shift 232
	.  error


state 199
	declaracion_funcion : tipo ID '(' parametro ')' . BEGIN cuerpo_funcion END  (34)

	BEGIN  shift 233
	.  error


state 200
	expresion : expresion . '+' termino  (89)
	expresion : expresion . '-' termino  (90)
	expresion : expresion . '+' '+' termino  (91)
	expresion : expresion . '-' '+' termino  (92)
	expresion : expresion . '+'  (94)
	expresion : expresion . '-'  (95)
	lista_expresiones : lista_expresiones ',' expresion .  (123)

	'+'  shift 83
	'-'  shift 84
	';'  reduce 123
	','  reduce 123


state 201
	condicion : '(' expresion comparador expresion . ')'  (85)
	expresion : expresion . '+' termino  (89)
	expresion : expresion . '-' termino  (90)
	expresion : expresion . '+' '+' termino  (91)
	expresion : expresion . '-' '+' termino  (92)
	expresion : expresion . '+'  (94)
	expresion : expresion . '-'  (95)

	'+'  shift 83
	'-'  shift 84
	')'  shift 234
	.  error


state 202
	condicion_if : IF '(' ')' THEN bloque_sentencia_ejecutable END_IF . ';'  (76)

	';'  shift 235
	.  error


state 203
	condicion_if : IF '(' condicion ')' THEN ELSE . bloque_sentencia_ejecutable END_IF ';'  (83)

	BEGIN  shift 51
	.  error

	bloque_sentencia_ejecutable  goto 236


state 204
	condicion_if : IF '(' condicion ')' THEN bloque_sentencia_ejecutable . END_IF ';'  (73)
	condicion_if : IF '(' condicion ')' THEN bloque_sentencia_ejecutable . ELSE bloque_sentencia_ejecutable END_IF ';'  (74)
	condicion_if : IF '(' condicion ')' THEN bloque_sentencia_ejecutable . bloque_sentencia_ejecutable END_IF ';'  (80)
	condicion_if : IF '(' condicion ')' THEN bloque_sentencia_ejecutable . ELSE bloque_sentencia_ejecutable END_IF  (81)
	condicion_if : IF '(' condicion ')' THEN bloque_sentencia_ejecutable . ELSE END_IF ';'  (82)
	condicion_if : IF '(' condicion ')' THEN bloque_sentencia_ejecutable . ELSE bloque_sentencia_ejecutable ';'  (84)

	ELSE  shift 237
	BEGIN  shift 51
	END_IF  shift 238
	.  error

	bloque_sentencia_ejecutable  goto 239


state 205
	condicion_if : IF '(' condicion ')' bloque_sentencia_ejecutable END_IF . ';'  (75)

	';'  shift 240
	.  error


state 206
	condicion : expresion comparador expresion ')' .  (87)

	.  reduce 87


state 207
	subrango : LONGINT LONGINT .  (27)

	.  reduce 27


state 208
	subrango : LONGINT ',' . LONGINT  (26)

	LONGINT  shift 241
	.  error


state 209
	subrango : HEXA HEXA .  (31)

	.  reduce 31


state 210
	subrango : HEXA ',' . HEXA  (30)

	HEXA  shift 242
	.  error


state 211
	subrango : DOUBLE DOUBLE .  (29)

	.  reduce 29


state 212
	subrango : DOUBLE ',' . DOUBLE  (28)

	DOUBLE  shift 243
	.  error


state 213
	sentencia_declaracion : TYPEDEF ID ASIGNACION '{' subrango '}' . ';'  (21)

	';'  shift 244
	.  error


state 214
	sentencia_declaracion : TYPEDEF ID ASIGNACION tipo '{' '}' . ';'  (19)

	';'  shift 245
	.  error


state 215
	sentencia_declaracion : TYPEDEF ID ASIGNACION tipo '{' subrango . '}' ';'  (15)
	sentencia_declaracion : TYPEDEF ID ASIGNACION tipo '{' subrango . ';'  (16)

	';'  shift 246
	'}'  shift 247
	.  error


state 216
	sentencia_declaracion : TYPEDEF ID ASIGNACION tipo "" subrango . '}' ';'  (17)

	'}'  shift 248
	.  error


state 217
	sentencia_declaracion : TYPEDEF ID ASIGNACION tipo subrango ';' .  (18)

	.  reduce 18


state 218
	sentencia_declaracion : TYPEDEF STRUCT '<' lista_tipos '>' '{' . lista_variables '}' ID ';'  (22)
	sentencia_declaracion : TYPEDEF STRUCT '<' lista_tipos '>' '{' . lista_variables '}' ';'  (25)

	ID  shift 96
	.  error

	lista_variables  goto 249
	id_compuesta  goto 26


state 219
	sentencia_declaracion : TYPEDEF STRUCT lista_tipos '{' lista_variables '}' . ID ';'  (23)

	ID  shift 250
	.  error


state 220
	sentencia_declaracion : TYPEDEF ASIGNACION tipo '{' subrango '}' . ';'  (20)

	';'  shift 251
	.  error


state 221
	sentencia_declaracion : TYPEDEF '<' lista_tipos '>' '{' lista_variables . '}' ID ';'  (24)
	lista_variables : lista_variables . ',' ID  (118)
	lista_variables : lista_variables . ',' id_compuesta  (119)

	'}'  shift 252
	','  shift 62
	.  error


state 222
	declaracion_funcion : FUN ID '(' parametro ')' BEGIN . cuerpo_funcion END  (33)

	IF  shift 4
	OUTF  shift 6
	TYPEDEF  shift 7
	FUN  shift 8
	RET  shift 228
	REPEAT  shift 9
	GOTO  shift 10
	ID  shift 11
	LONGINT  shift 12
	HEXA  shift 13
	DOUBLE  shift 14
	ETIQUETA  shift 15
	'('  shift 229
	.  error

	cuerpo  goto 230
	sentencia  goto 17
	sentencia_declaracion  goto 18
	sentencia_ejecucion  goto 19
	tipo  goto 20
	lista_variables  goto 21
	declaracion_funcion  goto 22
	cuerpo_funcion  goto 253
	asignacion  goto 23
	condicion_if  goto 24
	sentencia_print  goto 25
	id_compuesta  goto 26


state 223
	sentencia_ejecucion : REPEAT bloque_sentencia_ejecutable WHILE '(' ')' ';' .  (46)

	.  reduce 46


state 224
	sentencia_ejecucion : REPEAT bloque_sentencia_ejecutable WHILE '(' condicion ')' . ';'  (43)
	sentencia_ejecucion : REPEAT bloque_sentencia_ejecutable WHILE '(' condicion ')' .  (45)

	';'  shift 254
	$end  reduce 45
	IF  reduce 45
	END  reduce 45
	OUTF  reduce 45
	TYPEDEF  reduce 45
	FUN  reduce 45
	RET  reduce 45
	REPEAT  reduce 45
	GOTO  reduce 45
	ID  reduce 45
	LONGINT  reduce 45
	HEXA  reduce 45
	DOUBLE  reduce 45
	ETIQUETA  reduce 45


state 225
	sentencia_ejecucion : REPEAT bloque_sentencia_ejecutable '(' condicion ')' ';' .  (44)

	.  reduce 44


state 226
	declaracion_funcion : tipo FUN ID '(' ')' BEGIN . cuerpo_funcion END  (37)

	IF  shift 4
	OUTF  shift 6
	TYPEDEF  shift 7
	FUN  shift 8
	RET  shift 228
	REPEAT  shift 9
	GOTO  shift 10
	ID  shift 11
	LONGINT  shift 12
	HEXA  shift 13
	DOUBLE  shift 14
	ETIQUETA  shift 15
	'('  shift 229
	.  error

	cuerpo  goto 230
	sentencia  goto 17
	sentencia_declaracion  goto 18
	sentencia_ejecucion  goto 19
	tipo  goto 20
	lista_variables  goto 21
	declaracion_funcion  goto 22
	cuerpo_funcion  goto 255
	asignacion  goto 23
	condicion_if  goto 24
	sentencia_print  goto 25
	id_compuesta  goto 26


state 227
	declaracion_funcion : tipo FUN ID '(' parametro ')' . BEGIN cuerpo_funcion END  (32)
	declaracion_funcion : tipo FUN ID '(' parametro ')' . cuerpo_funcion END  (38)
	declaracion_funcion : tipo FUN ID '(' parametro ')' . BEGIN END  (39)

	IF  shift 4
	BEGIN  shift 256
	OUTF  shift 6
	TYPEDEF  shift 7
	FUN  shift 8
	RET  shift 228
	REPEAT  shift 9
	GOTO  shift 10
	ID  shift 11
	LONGINT  shift 12
	HEXA  shift 13
	DOUBLE  shift 14
	ETIQUETA  shift 15
	'('  shift 229
	.  error

	cuerpo  goto 230
	sentencia  goto 17
	sentencia_declaracion  goto 18
	sentencia_ejecucion  goto 19
	tipo  goto 20
	lista_variables  goto 21
	declaracion_funcion  goto 22
	cuerpo_funcion  goto 257
	asignacion  goto 23
	condicion_if  goto 24
	sentencia_print  goto 25
	id_compuesta  goto 26


state 228
	cuerpo_funcion : RET . '(' expresion ')' ';'  (58)
	cuerpo_funcion : RET . '(' expresion ')'  (60)
	cuerpo_funcion : RET . expresion ';'  (62)
	cuerpo_funcion : RET . '(' expresion ';'  (63)
	cuerpo_funcion : RET . expresion ')' ';'  (64)

	ID  shift 31
	LONGINT  shift 32
	HEXA  shift 33
	DOUBLE  shift 35
	TOD  shift 36
	'+'  shift 37
	'-'  shift 38
	'*'  shift 39
	'/'  shift 40
	'('  shift 258
	.  error

	expresion  goto 259
	invocacion_funcion  goto 43
	termino  goto 44
	factor  goto 45


state 229
	cuerpo_funcion : '(' . expresion ')' ';'  (61)

	ID  shift 31
	LONGINT  shift 32
	HEXA  shift 33
	DOUBLE  shift 35
	TOD  shift 36
	'+'  shift 37
	'-'  shift 38
	'*'  shift 39
	'/'  shift 40
	.  error

	expresion  goto 260
	invocacion_funcion  goto 43
	termino  goto 44
	factor  goto 45


state 230
	cuerpo : cuerpo . sentencia  (7)
	cuerpo_funcion : cuerpo . RET '(' expresion ')' ';'  (59)
	cuerpo_funcion : cuerpo . RET expresion ';'  (65)
	cuerpo_funcion : cuerpo . RET '(' expresion ';'  (66)
	cuerpo_funcion : cuerpo . RET expresion ')' ';'  (67)

	IF  shift 4
	OUTF  shift 6
	TYPEDEF  shift 7
	FUN  shift 8
	RET  shift 261
	REPEAT  shift 9
	GOTO  shift 10
	ID  shift 11
	LONGINT  shift 12
	HEXA  shift 13
	DOUBLE  shift 14
	ETIQUETA  shift 15
	.  error

	sentencia  goto 57
	sentencia_declaracion  goto 18
	sentencia_ejecucion  goto 19
	tipo  goto 20
	lista_variables  goto 21
	declaracion_funcion  goto 22
	asignacion  goto 23
	condicion_if  goto 24
	sentencia_print  goto 25
	id_compuesta  goto 26


state 231
	declaracion_funcion : tipo FUN ID parametro BEGIN cuerpo_funcion . END  (36)

	END  shift 262
	.  error


state 232
	declaracion_funcion : tipo FUN '(' parametro ')' BEGIN . cuerpo_funcion END  (35)

	IF  shift 4
	OUTF  shift 6
	TYPEDEF  shift 7
	FUN  shift 8
	RET  shift 228
	REPEAT  shift 9
	GOTO  shift 10
	ID  shift 11
	LONGINT  shift 12
	HEXA  shift 13
	DOUBLE  shift 14
	ETIQUETA  shift 15
	'('  shift 229
	.  error

	cuerpo  goto 230
	sentencia  goto 17
	sentencia_declaracion  goto 18
	sentencia_ejecucion  goto 19
	tipo  goto 20
	lista_variables  goto 21
	declaracion_funcion  goto 22
	cuerpo_funcion  goto 263
	asignacion  goto 23
	condicion_if  goto 24
	sentencia_print  goto 25
	id_compuesta  goto 26


state 233
	declaracion_funcion : tipo ID '(' parametro ')' BEGIN . cuerpo_funcion END  (34)

	IF  shift 4
	OUTF  shift 6
	TYPEDEF  shift 7
	FUN  shift 8
	RET  shift 228
	REPEAT  shift 9
	GOTO  shift 10
	ID  shift 11
	LONGINT  shift 12
	HEXA  shift 13
	DOUBLE  shift 14
	ETIQUETA  shift 15
	'('  shift 229
	.  error

	cuerpo  goto 230
	sentencia  goto 17
	sentencia_declaracion  goto 18
	sentencia_ejecucion  goto 19
	tipo  goto 20
	lista_variables  goto 21
	declaracion_funcion  goto 22
	cuerpo_funcion  goto 264
	asignacion  goto 23
	condicion_if  goto 24
	sentencia_print  goto 25
	id_compuesta  goto 26


state 234
	condicion : '(' expresion comparador expresion ')' .  (85)

	.  reduce 85


state 235
	condicion_if : IF '(' ')' THEN bloque_sentencia_ejecutable END_IF ';' .  (76)

	.  reduce 76


state 236
	condicion_if : IF '(' condicion ')' THEN ELSE bloque_sentencia_ejecutable . END_IF ';'  (83)

	END_IF  shift 265
	.  error


state 237
	condicion_if : IF '(' condicion ')' THEN bloque_sentencia_ejecutable ELSE . bloque_sentencia_ejecutable END_IF ';'  (74)
	condicion_if : IF '(' condicion ')' THEN bloque_sentencia_ejecutable ELSE . bloque_sentencia_ejecutable END_IF  (81)
	condicion_if : IF '(' condicion ')' THEN bloque_sentencia_ejecutable ELSE . END_IF ';'  (82)
	condicion_if : IF '(' condicion ')' THEN bloque_sentencia_ejecutable ELSE . bloque_sentencia_ejecutable ';'  (84)

	BEGIN  shift 51
	END_IF  shift 266
	.  error

	bloque_sentencia_ejecutable  goto 267


state 238
	condicion_if : IF '(' condicion ')' THEN bloque_sentencia_ejecutable END_IF . ';'  (73)

	';'  shift 268
	.  error


state 239
	condicion_if : IF '(' condicion ')' THEN bloque_sentencia_ejecutable bloque_sentencia_ejecutable . END_IF ';'  (80)

	END_IF  shift 269
	.  error


state 240
	condicion_if : IF '(' condicion ')' bloque_sentencia_ejecutable END_IF ';' .  (75)

	.  reduce 75


state 241
	subrango : LONGINT ',' LONGINT .  (26)

	.  reduce 26


state 242
	subrango : HEXA ',' HEXA .  (30)

	.  reduce 30


state 243
	subrango : DOUBLE ',' DOUBLE .  (28)

	.  reduce 28


state 244
	sentencia_declaracion : TYPEDEF ID ASIGNACION '{' subrango '}' ';' .  (21)

	.  reduce 21


state 245
	sentencia_declaracion : TYPEDEF ID ASIGNACION tipo '{' '}' ';' .  (19)

	.  reduce 19


state 246
	sentencia_declaracion : TYPEDEF ID ASIGNACION tipo '{' subrango ';' .  (16)

	.  reduce 16


state 247
	sentencia_declaracion : TYPEDEF ID ASIGNACION tipo '{' subrango '}' . ';'  (15)

	';'  shift 270
	.  error


state 248
	sentencia_declaracion : TYPEDEF ID ASIGNACION tipo "" subrango '}' . ';'  (17)

	';'  shift 271
	.  error


state 249
	sentencia_declaracion : TYPEDEF STRUCT '<' lista_tipos '>' '{' lista_variables . '}' ID ';'  (22)
	sentencia_declaracion : TYPEDEF STRUCT '<' lista_tipos '>' '{' lista_variables . '}' ';'  (25)
	lista_variables : lista_variables . ',' ID  (118)
	lista_variables : lista_variables . ',' id_compuesta  (119)

	'}'  shift 272
	','  shift 62
	.  error


state 250
	sentencia_declaracion : TYPEDEF STRUCT lista_tipos '{' lista_variables '}' ID . ';'  (23)

	';'  shift 273
	.  error


state 251
	sentencia_declaracion : TYPEDEF ASIGNACION tipo '{' subrango '}' ';' .  (20)

	.  reduce 20


state 252
	sentencia_declaracion : TYPEDEF '<' lista_tipos '>' '{' lista_variables '}' . ID ';'  (24)

	ID  shift 274
	.  error


state 253
	declaracion_funcion : FUN ID '(' parametro ')' BEGIN cuerpo_funcion . END  (33)

	END  shift 275
	.  error


state 254
	sentencia_ejecucion : REPEAT bloque_sentencia_ejecutable WHILE '(' condicion ')' ';' .  (43)

	.  reduce 43


state 255
	declaracion_funcion : tipo FUN ID '(' ')' BEGIN cuerpo_funcion . END  (37)

	END  shift 276
	.  error


state 256
	declaracion_funcion : tipo FUN ID '(' parametro ')' BEGIN . cuerpo_funcion END  (32)
	declaracion_funcion : tipo FUN ID '(' parametro ')' BEGIN . END  (39)

	IF  shift 4
	END  shift 277
	OUTF  shift 6
	TYPEDEF  shift 7
	FUN  shift 8
	RET  shift 228
	REPEAT  shift 9
	GOTO  shift 10
	ID  shift 11
	LONGINT  shift 12
	HEXA  shift 13
	DOUBLE  shift 14
	ETIQUETA  shift 15
	'('  shift 229
	.  error

	cuerpo  goto 230
	sentencia  goto 17
	sentencia_declaracion  goto 18
	sentencia_ejecucion  goto 19
	tipo  goto 20
	lista_variables  goto 21
	declaracion_funcion  goto 22
	cuerpo_funcion  goto 278
	asignacion  goto 23
	condicion_if  goto 24
	sentencia_print  goto 25
	id_compuesta  goto 26


state 257
	declaracion_funcion : tipo FUN ID '(' parametro ')' cuerpo_funcion . END  (38)

	END  shift 279
	.  error


state 258
	cuerpo_funcion : RET '(' . expresion ')' ';'  (58)
	cuerpo_funcion : RET '(' . expresion ')'  (60)
	cuerpo_funcion : RET '(' . expresion ';'  (63)

	ID  shift 31
	LONGINT  shift 32
	HEXA  shift 33
	DOUBLE  shift 35
	TOD  shift 36
	'+'  shift 37
	'-'  shift 38
	'*'  shift 39
	'/'  shift 40
	.  error

	expresion  goto 280
	invocacion_funcion  goto 43
	termino  goto 44
	factor  goto 45


state 259
	cuerpo_funcion : RET expresion . ';'  (62)
	cuerpo_funcion : RET expresion . ')' ';'  (64)
	expresion : expresion . '+' termino  (89)
	expresion : expresion . '-' termino  (90)
	expresion : expresion . '+' '+' termino  (91)
	expresion : expresion . '-' '+' termino  (92)
	expresion : expresion . '+'  (94)
	expresion : expresion . '-'  (95)

	'+'  shift 83
	'-'  shift 84
	';'  shift 281
	')'  shift 282
	.  error


state 260
	cuerpo_funcion : '(' expresion . ')' ';'  (61)
	expresion : expresion . '+' termino  (89)
	expresion : expresion . '-' termino  (90)
	expresion : expresion . '+' '+' termino  (91)
	expresion : expresion . '-' '+' termino  (92)
	expresion : expresion . '+'  (94)
	expresion : expresion . '-'  (95)

	'+'  shift 83
	'-'  shift 84
	')'  shift 283
	.  error


state 261
	cuerpo_funcion : cuerpo RET . '(' expresion ')' ';'  (59)
	cuerpo_funcion : cuerpo RET . expresion ';'  (65)
	cuerpo_funcion : cuerpo RET . '(' expresion ';'  (66)
	cuerpo_funcion : cuerpo RET . expresion ')' ';'  (67)

	ID  shift 31
	LONGINT  shift 32
	HEXA  shift 33
	DOUBLE  shift 35
	TOD  shift 36
	'+'  shift 37
	'-'  shift 38
	'*'  shift 39
	'/'  shift 40
	'('  shift 284
	.  error

	expresion  goto 285
	invocacion_funcion  goto 43
	termino  goto 44
	factor  goto 45


state 262
	declaracion_funcion : tipo FUN ID parametro BEGIN cuerpo_funcion END .  (36)

	.  reduce 36


state 263
	declaracion_funcion : tipo FUN '(' parametro ')' BEGIN cuerpo_funcion . END  (35)

	END  shift 286
	.  error


state 264
	declaracion_funcion : tipo ID '(' parametro ')' BEGIN cuerpo_funcion . END  (34)

	END  shift 287
	.  error


state 265
	condicion_if : IF '(' condicion ')' THEN ELSE bloque_sentencia_ejecutable END_IF . ';'  (83)

	';'  shift 288
	.  error


state 266
	condicion_if : IF '(' condicion ')' THEN bloque_sentencia_ejecutable ELSE END_IF . ';'  (82)

	';'  shift 289
	.  error


state 267
	condicion_if : IF '(' condicion ')' THEN bloque_sentencia_ejecutable ELSE bloque_sentencia_ejecutable . END_IF ';'  (74)
	condicion_if : IF '(' condicion ')' THEN bloque_sentencia_ejecutable ELSE bloque_sentencia_ejecutable . END_IF  (81)
	condicion_if : IF '(' condicion ')' THEN bloque_sentencia_ejecutable ELSE bloque_sentencia_ejecutable . ';'  (84)

	END_IF  shift 290
	';'  shift 291
	.  error


state 268
	condicion_if : IF '(' condicion ')' THEN bloque_sentencia_ejecutable END_IF ';' .  (73)

	.  reduce 73


state 269
	condicion_if : IF '(' condicion ')' THEN bloque_sentencia_ejecutable bloque_sentencia_ejecutable END_IF . ';'  (80)

	';'  shift 292
	.  error


state 270
	sentencia_declaracion : TYPEDEF ID ASIGNACION tipo '{' subrango '}' ';' .  (15)

	.  reduce 15


state 271
	sentencia_declaracion : TYPEDEF ID ASIGNACION tipo "" subrango '}' ';' .  (17)

	.  reduce 17


state 272
	sentencia_declaracion : TYPEDEF STRUCT '<' lista_tipos '>' '{' lista_variables '}' . ID ';'  (22)
	sentencia_declaracion : TYPEDEF STRUCT '<' lista_tipos '>' '{' lista_variables '}' . ';'  (25)

	ID  shift 293
	';'  shift 294
	.  error


state 273
	sentencia_declaracion : TYPEDEF STRUCT lista_tipos '{' lista_variables '}' ID ';' .  (23)

	.  reduce 23


state 274
	sentencia_declaracion : TYPEDEF '<' lista_tipos '>' '{' lista_variables '}' ID . ';'  (24)

	';'  shift 295
	.  error


state 275
	declaracion_funcion : FUN ID '(' parametro ')' BEGIN cuerpo_funcion END .  (33)

	.  reduce 33


state 276
	declaracion_funcion : tipo FUN ID '(' ')' BEGIN cuerpo_funcion END .  (37)

	.  reduce 37


state 277
	declaracion_funcion : tipo FUN ID '(' parametro ')' BEGIN END .  (39)

	.  reduce 39


state 278
	declaracion_funcion : tipo FUN ID '(' parametro ')' BEGIN cuerpo_funcion . END  (32)

	END  shift 296
	.  error


state 279
	declaracion_funcion : tipo FUN ID '(' parametro ')' cuerpo_funcion END .  (38)

	.  reduce 38


state 280
	cuerpo_funcion : RET '(' expresion . ')' ';'  (58)
	cuerpo_funcion : RET '(' expresion . ')'  (60)
	cuerpo_funcion : RET '(' expresion . ';'  (63)
	expresion : expresion . '+' termino  (89)
	expresion : expresion . '-' termino  (90)
	expresion : expresion . '+' '+' termino  (91)
	expresion : expresion . '-' '+' termino  (92)
	expresion : expresion . '+'  (94)
	expresion : expresion . '-'  (95)

	'+'  shift 83
	'-'  shift 84
	';'  shift 297
	')'  shift 298
	.  error


state 281
	cuerpo_funcion : RET expresion ';' .  (62)

	.  reduce 62


state 282
	cuerpo_funcion : RET expresion ')' . ';'  (64)

	';'  shift 299
	.  error


state 283
	cuerpo_funcion : '(' expresion ')' . ';'  (61)

	';'  shift 300
	.  error


state 284
	cuerpo_funcion : cuerpo RET '(' . expresion ')' ';'  (59)
	cuerpo_funcion : cuerpo RET '(' . expresion ';'  (66)

	ID  shift 31
	LONGINT  shift 32
	HEXA  shift 33
	DOUBLE  shift 35
	TOD  shift 36
	'+'  shift 37
	'-'  shift 38
	'*'  shift 39
	'/'  shift 40
	.  error

	expresion  goto 301
	invocacion_funcion  goto 43
	termino  goto 44
	factor  goto 45


state 285
	cuerpo_funcion : cuerpo RET expresion . ';'  (65)
	cuerpo_funcion : cuerpo RET expresion . ')' ';'  (67)
	expresion : expresion . '+' termino  (89)
	expresion : expresion . '-' termino  (90)
	expresion : expresion . '+' '+' termino  (91)
	expresion : expresion . '-' '+' termino  (92)
	expresion : expresion . '+'  (94)
	expresion : expresion . '-'  (95)

	'+'  shift 83
	'-'  shift 84
	';'  shift 302
	')'  shift 303
	.  error


state 286
	declaracion_funcion : tipo FUN '(' parametro ')' BEGIN cuerpo_funcion END .  (35)

	.  reduce 35


state 287
	declaracion_funcion : tipo ID '(' parametro ')' BEGIN cuerpo_funcion END .  (34)

	.  reduce 34


state 288
	condicion_if : IF '(' condicion ')' THEN ELSE bloque_sentencia_ejecutable END_IF ';' .  (83)

	.  reduce 83


state 289
	condicion_if : IF '(' condicion ')' THEN bloque_sentencia_ejecutable ELSE END_IF ';' .  (82)

	.  reduce 82


state 290
	condicion_if : IF '(' condicion ')' THEN bloque_sentencia_ejecutable ELSE bloque_sentencia_ejecutable END_IF . ';'  (74)
	condicion_if : IF '(' condicion ')' THEN bloque_sentencia_ejecutable ELSE bloque_sentencia_ejecutable END_IF .  (81)

	';'  shift 304
	$end  reduce 81
	IF  reduce 81
	END  reduce 81
	OUTF  reduce 81
	TYPEDEF  reduce 81
	FUN  reduce 81
	RET  reduce 81
	REPEAT  reduce 81
	GOTO  reduce 81
	ID  reduce 81
	LONGINT  reduce 81
	HEXA  reduce 81
	DOUBLE  reduce 81
	ETIQUETA  reduce 81


state 291
	condicion_if : IF '(' condicion ')' THEN bloque_sentencia_ejecutable ELSE bloque_sentencia_ejecutable ';' .  (84)

	.  reduce 84


state 292
	condicion_if : IF '(' condicion ')' THEN bloque_sentencia_ejecutable bloque_sentencia_ejecutable END_IF ';' .  (80)

	.  reduce 80


state 293
	sentencia_declaracion : TYPEDEF STRUCT '<' lista_tipos '>' '{' lista_variables '}' ID . ';'  (22)

	';'  shift 305
	.  error


state 294
	sentencia_declaracion : TYPEDEF STRUCT '<' lista_tipos '>' '{' lista_variables '}' ';' .  (25)

	.  reduce 25


state 295
	sentencia_declaracion : TYPEDEF '<' lista_tipos '>' '{' lista_variables '}' ID ';' .  (24)

	.  reduce 24


state 296
	declaracion_funcion : tipo FUN ID '(' parametro ')' BEGIN cuerpo_funcion END .  (32)

	.  reduce 32


state 297
	cuerpo_funcion : RET '(' expresion ';' .  (63)

	.  reduce 63


state 298
	cuerpo_funcion : RET '(' expresion ')' . ';'  (58)
	cuerpo_funcion : RET '(' expresion ')' .  (60)

	';'  shift 306
	END  reduce 60


state 299
	cuerpo_funcion : RET expresion ')' ';' .  (64)

	.  reduce 64


state 300
	cuerpo_funcion : '(' expresion ')' ';' .  (61)

	.  reduce 61


state 301
	cuerpo_funcion : cuerpo RET '(' expresion . ')' ';'  (59)
	cuerpo_funcion : cuerpo RET '(' expresion . ';'  (66)
	expresion : expresion . '+' termino  (89)
	expresion : expresion . '-' termino  (90)
	expresion : expresion . '+' '+' termino  (91)
	expresion : expresion . '-' '+' termino  (92)
	expresion : expresion . '+'  (94)
	expresion : expresion . '-'  (95)

	'+'  shift 83
	'-'  shift 84
	';'  shift 307
	')'  shift 308
	.  error


state 302
	cuerpo_funcion : cuerpo RET expresion ';' .  (65)

	.  reduce 65


state 303
	cuerpo_funcion : cuerpo RET expresion ')' . ';'  (67)

	';'  shift 309
	.  error


state 304
	condicion_if : IF '(' condicion ')' THEN bloque_sentencia_ejecutable ELSE bloque_sentencia_ejecutable END_IF ';' .  (74)

	.  reduce 74


state 305
	sentencia_declaracion : TYPEDEF STRUCT '<' lista_tipos '>' '{' lista_variables '}' ID ';' .  (22)

	.  reduce 22


state 306
	cuerpo_funcion : RET '(' expresion ')' ';' .  (58)

	.  reduce 58


state 307
	cuerpo_funcion : cuerpo RET '(' expresion ';' .  (66)

	.  reduce 66


state 308
	cuerpo_funcion : cuerpo RET '(' expresion ')' . ';'  (59)

	';'  shift 310
	.  error


state 309
	cuerpo_funcion : cuerpo RET expresion ')' ';' .  (67)

	.  reduce 67


state 310
	cuerpo_funcion : cuerpo RET '(' expresion ')' ';' .  (59)

	.  reduce 59


46 terminals, 25 nonterminals
137 grammar rules, 311 states
