   0  $accept : prog $end

   1  prog : ID BEGIN cuerpo END
   2       | ID cuerpo END
   3       | BEGIN END
   4       | ID BEGIN cuerpo
   5       | ID cuerpo
   6       | BEGIN cuerpo

   7  cuerpo : cuerpo sentencia
   8         | sentencia

   9  sentencia : sentencia_declaracion
  10            | sentencia_ejecucion
  11            | ETIQUETA

  12  sentencia_declaracion : tipo lista_variables ';'
  13                        | tipo lista_variables
  14                        | declaracion_funcion
  15                        | TYPEDEF ID ASIGNACION tipo '{' subrango '}' ';'
  16                        | TYPEDEF ID ASIGNACION tipo '{' subrango ';'
  17                        | TYPEDEF ID ASIGNACION tipo "" subrango '}' ';'
  18                        | TYPEDEF ID ASIGNACION tipo subrango ';'
  19                        | TYPEDEF ID ASIGNACION tipo '{' '}' ';'
  20                        | TYPEDEF ASIGNACION tipo '{' subrango '}' ';'
  21                        | TYPEDEF ID ASIGNACION '{' subrango '}' ';'
  22                        | TYPEDEF STRUCT '<' lista_tipos '>' '{' lista_variables '}' ID ';'
  23                        | TYPEDEF STRUCT lista_tipos '{' lista_variables '}' ID ';'
  24                        | TYPEDEF '<' lista_tipos '>' '{' lista_variables '}' ID ';'
  25                        | TYPEDEF STRUCT '<' lista_tipos '>' '{' lista_variables '}' ';'

  26  subrango : LONGINT ',' LONGINT
  27           | LONGINT LONGINT
  28           | DOUBLE ',' DOUBLE
  29           | DOUBLE DOUBLE
  30           | HEXA ',' HEXA
  31           | HEXA HEXA

  32  declaracion_funcion : tipo FUN ID '(' parametro ')' BEGIN cuerpo_funcion END
  33                      | FUN ID '(' parametro ')' BEGIN cuerpo_funcion END
  34                      | tipo ID '(' parametro ')' BEGIN cuerpo_funcion END
  35                      | tipo FUN '(' parametro ')' BEGIN cuerpo_funcion END
  36                      | tipo FUN ID parametro BEGIN cuerpo_funcion END
  37                      | tipo FUN ID '(' ')' BEGIN cuerpo_funcion END
  38                      | tipo FUN ID '(' parametro ')' cuerpo_funcion END
  39                      | tipo FUN ID '(' parametro ')' BEGIN END

  40  sentencia_ejecucion : asignacion
  41                      | condicion_if
  42                      | sentencia_print
  43                      | REPEAT bloque_sentencia_ejecutable WHILE '(' condicion ')' ';'
  44                      | REPEAT bloque_sentencia_ejecutable '(' condicion ')' ';'
  45                      | REPEAT bloque_sentencia_ejecutable WHILE '(' condicion ')'
  46                      | REPEAT bloque_sentencia_ejecutable WHILE '(' ')' ';'
  47                      | GOTO ETIQUETA ';'
  48                      | GOTO ETIQUETA
  49                      | GOTO ';'
  50                      | ETIQUETA ';'

  51  sentencia_print : OUTF '(' CML ')' ';'
  52                  | OUTF '(' expresion ')' ';'
  53                  | OUTF '(' ')' ';'
  54                  | OUTF '(' expresion ')'
  55                  | OUTF '(' CML ')'
  56                  | OUTF CML ';'
  57                  | OUTF expresion ';'

  58  cuerpo_funcion : RET '(' expresion ')' ';'
  59                 | cuerpo RET '(' expresion ')' ';'
  60                 | RET '(' expresion ')'
  61                 | '(' expresion ')' ';'
  62                 | RET expresion ';'
  63                 | RET '(' expresion ';'
  64                 | RET expresion ')' ';'
  65                 | cuerpo RET expresion ';'
  66                 | cuerpo RET '(' expresion ';'
  67                 | cuerpo RET expresion ')' ';'

  68  parametro : tipo ID
  69            | tipo

  70  invocacion_funcion : ID '(' expresion ')'

  71  bloque_sentencia_ejecutable : BEGIN bloque_sentencia_ejecutable sentencia_ejecucion END
  72                              | BEGIN sentencia_ejecucion END

  73  condicion_if : IF '(' condicion ')' THEN bloque_sentencia_ejecutable END_IF ';'
  74               | IF '(' condicion ')' THEN bloque_sentencia_ejecutable ELSE bloque_sentencia_ejecutable END_IF ';'
  75               | IF '(' condicion ')' bloque_sentencia_ejecutable END_IF ';'
  76               | IF '(' ')' THEN bloque_sentencia_ejecutable END_IF ';'
  77               | IF THEN END_IF ';'
  78               | IF THEN bloque_sentencia_ejecutable ';'
  79               | IF THEN bloque_sentencia_ejecutable END_IF
  80               | IF '(' condicion ')' THEN bloque_sentencia_ejecutable bloque_sentencia_ejecutable END_IF ';'
  81               | IF '(' condicion ')' THEN bloque_sentencia_ejecutable ELSE bloque_sentencia_ejecutable END_IF
  82               | IF '(' condicion ')' THEN bloque_sentencia_ejecutable ELSE END_IF ';'
  83               | IF '(' condicion ')' THEN ELSE bloque_sentencia_ejecutable END_IF ';'
  84               | IF '(' condicion ')' THEN bloque_sentencia_ejecutable ELSE bloque_sentencia_ejecutable ';'

  85  condicion : '(' expresion comparador expresion ')'
  86            | '(' ')'
  87            | expresion comparador expresion ')'

  88  asignacion : lista_variables ASIGNACION lista_expresiones ';'

  89  expresion : expresion '+' termino
  90            | expresion '-' termino
  91            | expresion '+' '+' termino
  92            | expresion '-' '+' termino
  93            | '+' termino
  94            | expresion '+'
  95            | expresion '-'
  96            | TOD '(' expresion ')'
  97            | TOD '(' ')'
  98            | termino

  99  termino : termino '*' factor
 100          | termino '/' factor
 101          | termino '*' '*' factor
 102          | termino '*' '/' factor
 103          | termino '/' '/' factor
 104          | termino '/' '*' factor
 105          | termino '/'
 106          | termino '*'
 107          | '/' factor
 108          | '*' factor
 109          | factor

 110  factor : invocacion_funcion
 111         | ID
 112         | LONGINT
 113         | '-' LONGINT
 114         | HEXA
 115         | '-' HEXA
 116         | DOUBLE
 117         | '-' DOUBLE

 118  lista_variables : lista_variables ',' ID
 119                  | lista_variables ',' id_compuesta
 120                  | id_compuesta
 121                  | ID

 122  id_compuesta : ID '.' ID

 123  lista_expresiones : lista_expresiones ',' expresion
 124                    | expresion

 125  lista_tipos : lista_tipos ',' tipo
 126              | lista_tipos tipo
 127              | tipo

 128  tipo : LONGINT
 129       | DOUBLE
 130       | ID

 131  comparador : '<'
 132             | '>'
 133             | "MAYOR_IGUAL"
 134             | "MENOR_IGUAL"
 135             | "DISTINTO"

state 0
	$accept : . prog $end  (0)

	BEGIN  shift 1
	ID  shift 2
	.  error

	prog  goto 3


state 1
	prog : BEGIN . END  (3)
	prog : BEGIN . cuerpo  (6)

	IF  shift 4
	END  shift 5
	OUTF  shift 6
	TYPEDEF  shift 7
	FUN  shift 8
	REPEAT  shift 9
	GOTO  shift 10
	ID  shift 11
	LONGINT  shift 12
	DOUBLE  shift 13
	ETIQUETA  shift 14
	.  error

	cuerpo  goto 15
	sentencia  goto 16
	sentencia_declaracion  goto 17
	sentencia_ejecucion  goto 18
	tipo  goto 19
	lista_variables  goto 20
	declaracion_funcion  goto 21
	asignacion  goto 22
	condicion_if  goto 23
	sentencia_print  goto 24
	id_compuesta  goto 25


state 2
	prog : ID . BEGIN cuerpo END  (1)
	prog : ID . cuerpo END  (2)
	prog : ID . BEGIN cuerpo  (4)
	prog : ID . cuerpo  (5)

	IF  shift 4
	BEGIN  shift 26
	OUTF  shift 6
	TYPEDEF  shift 7
	FUN  shift 8
	REPEAT  shift 9
	GOTO  shift 10
	ID  shift 11
	LONGINT  shift 12
	DOUBLE  shift 13
	ETIQUETA  shift 14
	.  error

	cuerpo  goto 27
	sentencia  goto 16
	sentencia_declaracion  goto 17
	sentencia_ejecucion  goto 18
	tipo  goto 19
	lista_variables  goto 20
	declaracion_funcion  goto 21
	asignacion  goto 22
	condicion_if  goto 23
	sentencia_print  goto 24
	id_compuesta  goto 25


state 3
	$accept : prog . $end  (0)

	$end  accept


state 4
	condicion_if : IF . '(' condicion ')' THEN bloque_sentencia_ejecutable END_IF ';'  (73)
	condicion_if : IF . '(' condicion ')' THEN bloque_sentencia_ejecutable ELSE bloque_sentencia_ejecutable END_IF ';'  (74)
	condicion_if : IF . '(' condicion ')' bloque_sentencia_ejecutable END_IF ';'  (75)
	condicion_if : IF . '(' ')' THEN bloque_sentencia_ejecutable END_IF ';'  (76)
	condicion_if : IF . THEN END_IF ';'  (77)
	condicion_if : IF . THEN bloque_sentencia_ejecutable ';'  (78)
	condicion_if : IF . THEN bloque_sentencia_ejecutable END_IF  (79)
	condicion_if : IF . '(' condicion ')' THEN bloque_sentencia_ejecutable bloque_sentencia_ejecutable END_IF ';'  (80)
	condicion_if : IF . '(' condicion ')' THEN bloque_sentencia_ejecutable ELSE bloque_sentencia_ejecutable END_IF  (81)
	condicion_if : IF . '(' condicion ')' THEN bloque_sentencia_ejecutable ELSE END_IF ';'  (82)
	condicion_if : IF . '(' condicion ')' THEN ELSE bloque_sentencia_ejecutable END_IF ';'  (83)
	condicion_if : IF . '(' condicion ')' THEN bloque_sentencia_ejecutable ELSE bloque_sentencia_ejecutable ';'  (84)

	THEN  shift 28
	'('  shift 29
	.  error


state 5
	prog : BEGIN END .  (3)

	.  reduce 3


state 6
	sentencia_print : OUTF . '(' CML ')' ';'  (51)
	sentencia_print : OUTF . '(' expresion ')' ';'  (52)
	sentencia_print : OUTF . '(' ')' ';'  (53)
	sentencia_print : OUTF . '(' expresion ')'  (54)
	sentencia_print : OUTF . '(' CML ')'  (55)
	sentencia_print : OUTF . CML ';'  (56)
	sentencia_print : OUTF . expresion ';'  (57)

	ID  shift 30
	LONGINT  shift 31
	HEXA  shift 32
	CML  shift 33
	DOUBLE  shift 34
	TOD  shift 35
	'+'  shift 36
	'-'  shift 37
	'*'  shift 38
	'/'  shift 39
	'('  shift 40
	.  error

	expresion  goto 41
	invocacion_funcion  goto 42
	termino  goto 43
	factor  goto 44


state 7
	sentencia_declaracion : TYPEDEF . ID ASIGNACION tipo '{' subrango '}' ';'  (15)
	sentencia_declaracion : TYPEDEF . ID ASIGNACION tipo '{' subrango ';'  (16)
	sentencia_declaracion : TYPEDEF . ID ASIGNACION tipo "" subrango '}' ';'  (17)
	sentencia_declaracion : TYPEDEF . ID ASIGNACION tipo subrango ';'  (18)
	sentencia_declaracion : TYPEDEF . ID ASIGNACION tipo '{' '}' ';'  (19)
	sentencia_declaracion : TYPEDEF . ASIGNACION tipo '{' subrango '}' ';'  (20)
	sentencia_declaracion : TYPEDEF . ID ASIGNACION '{' subrango '}' ';'  (21)
	sentencia_declaracion : TYPEDEF . STRUCT '<' lista_tipos '>' '{' lista_variables '}' ID ';'  (22)
	sentencia_declaracion : TYPEDEF . STRUCT lista_tipos '{' lista_variables '}' ID ';'  (23)
	sentencia_declaracion : TYPEDEF . '<' lista_tipos '>' '{' lista_variables '}' ID ';'  (24)
	sentencia_declaracion : TYPEDEF . STRUCT '<' lista_tipos '>' '{' lista_variables '}' ';'  (25)

	ID  shift 45
	STRUCT  shift 46
	ASIGNACION  shift 47
	'<'  shift 48
	.  error


state 8
	declaracion_funcion : FUN . ID '(' parametro ')' BEGIN cuerpo_funcion END  (33)

	ID  shift 49
	.  error


state 9
	sentencia_ejecucion : REPEAT . bloque_sentencia_ejecutable WHILE '(' condicion ')' ';'  (43)
	sentencia_ejecucion : REPEAT . bloque_sentencia_ejecutable '(' condicion ')' ';'  (44)
	sentencia_ejecucion : REPEAT . bloque_sentencia_ejecutable WHILE '(' condicion ')'  (45)
	sentencia_ejecucion : REPEAT . bloque_sentencia_ejecutable WHILE '(' ')' ';'  (46)

	BEGIN  shift 50
	.  error

	bloque_sentencia_ejecutable  goto 51


state 10
	sentencia_ejecucion : GOTO . ETIQUETA ';'  (47)
	sentencia_ejecucion : GOTO . ETIQUETA  (48)
	sentencia_ejecucion : GOTO . ';'  (49)

	ETIQUETA  shift 52
	';'  shift 53
	.  error


state 11
	lista_variables : ID .  (121)
	id_compuesta : ID . '.' ID  (122)
	tipo : ID .  (130)

	'.'  shift 54
	FUN  reduce 130
	ID  reduce 130
	ASIGNACION  reduce 121
	','  reduce 121


state 12
	tipo : LONGINT .  (128)

	.  reduce 128


state 13
	tipo : DOUBLE .  (129)

	.  reduce 129


state 14
	sentencia : ETIQUETA .  (11)
	sentencia_ejecucion : ETIQUETA . ';'  (50)

	';'  shift 55
	$end  reduce 11
	IF  reduce 11
	END  reduce 11
	OUTF  reduce 11
	TYPEDEF  reduce 11
	FUN  reduce 11
	RET  reduce 11
	REPEAT  reduce 11
	GOTO  reduce 11
	ID  reduce 11
	LONGINT  reduce 11
	DOUBLE  reduce 11
	ETIQUETA  reduce 11


state 15
	prog : BEGIN cuerpo .  (6)
	cuerpo : cuerpo . sentencia  (7)

	IF  shift 4
	OUTF  shift 6
	TYPEDEF  shift 7
	FUN  shift 8
	REPEAT  shift 9
	GOTO  shift 10
	ID  shift 11
	LONGINT  shift 12
	DOUBLE  shift 13
	ETIQUETA  shift 14
	$end  reduce 6

	sentencia  goto 56
	sentencia_declaracion  goto 17
	sentencia_ejecucion  goto 18
	tipo  goto 19
	lista_variables  goto 20
	declaracion_funcion  goto 21
	asignacion  goto 22
	condicion_if  goto 23
	sentencia_print  goto 24
	id_compuesta  goto 25


state 16
	cuerpo : sentencia .  (8)

	.  reduce 8


state 17
	sentencia : sentencia_declaracion .  (9)

	.  reduce 9


state 18
	sentencia : sentencia_ejecucion .  (10)

	.  reduce 10


state 19
	sentencia_declaracion : tipo . lista_variables ';'  (12)
	sentencia_declaracion : tipo . lista_variables  (13)
	declaracion_funcion : tipo . FUN ID '(' parametro ')' BEGIN cuerpo_funcion END  (32)
	declaracion_funcion : tipo . ID '(' parametro ')' BEGIN cuerpo_funcion END  (34)
	declaracion_funcion : tipo . FUN '(' parametro ')' BEGIN cuerpo_funcion END  (35)
	declaracion_funcion : tipo . FUN ID parametro BEGIN cuerpo_funcion END  (36)
	declaracion_funcion : tipo . FUN ID '(' ')' BEGIN cuerpo_funcion END  (37)
	declaracion_funcion : tipo . FUN ID '(' parametro ')' cuerpo_funcion END  (38)
	declaracion_funcion : tipo . FUN ID '(' parametro ')' BEGIN END  (39)

	FUN  shift 57
	ID  shift 58
	.  error

	lista_variables  goto 59
	id_compuesta  goto 25


state 20
	asignacion : lista_variables . ASIGNACION lista_expresiones ';'  (88)
	lista_variables : lista_variables . ',' ID  (118)
	lista_variables : lista_variables . ',' id_compuesta  (119)

	ASIGNACION  shift 60
	','  shift 61
	.  error


state 21
	sentencia_declaracion : declaracion_funcion .  (14)

	.  reduce 14


state 22
	sentencia_ejecucion : asignacion .  (40)

	.  reduce 40


state 23
	sentencia_ejecucion : condicion_if .  (41)

	.  reduce 41


state 24
	sentencia_ejecucion : sentencia_print .  (42)

	.  reduce 42


state 25
	lista_variables : id_compuesta .  (120)

	.  reduce 120


state 26
	prog : ID BEGIN . cuerpo END  (1)
	prog : ID BEGIN . cuerpo  (4)

	IF  shift 4
	OUTF  shift 6
	TYPEDEF  shift 7
	FUN  shift 8
	REPEAT  shift 9
	GOTO  shift 10
	ID  shift 11
	LONGINT  shift 12
	DOUBLE  shift 13
	ETIQUETA  shift 14
	.  error

	cuerpo  goto 62
	sentencia  goto 16
	sentencia_declaracion  goto 17
	sentencia_ejecucion  goto 18
	tipo  goto 19
	lista_variables  goto 20
	declaracion_funcion  goto 21
	asignacion  goto 22
	condicion_if  goto 23
	sentencia_print  goto 24
	id_compuesta  goto 25


state 27
	prog : ID cuerpo . END  (2)
	prog : ID cuerpo .  (5)
	cuerpo : cuerpo . sentencia  (7)

	IF  shift 4
	END  shift 63
	OUTF  shift 6
	TYPEDEF  shift 7
	FUN  shift 8
	REPEAT  shift 9
	GOTO  shift 10
	ID  shift 11
	LONGINT  shift 12
	DOUBLE  shift 13
	ETIQUETA  shift 14
	$end  reduce 5

	sentencia  goto 56
	sentencia_declaracion  goto 17
	sentencia_ejecucion  goto 18
	tipo  goto 19
	lista_variables  goto 20
	declaracion_funcion  goto 21
	asignacion  goto 22
	condicion_if  goto 23
	sentencia_print  goto 24
	id_compuesta  goto 25


state 28
	condicion_if : IF THEN . END_IF ';'  (77)
	condicion_if : IF THEN . bloque_sentencia_ejecutable ';'  (78)
	condicion_if : IF THEN . bloque_sentencia_ejecutable END_IF  (79)

	BEGIN  shift 50
	END_IF  shift 64
	.  error

	bloque_sentencia_ejecutable  goto 65


state 29
	condicion_if : IF '(' . condicion ')' THEN bloque_sentencia_ejecutable END_IF ';'  (73)
	condicion_if : IF '(' . condicion ')' THEN bloque_sentencia_ejecutable ELSE bloque_sentencia_ejecutable END_IF ';'  (74)
	condicion_if : IF '(' . condicion ')' bloque_sentencia_ejecutable END_IF ';'  (75)
	condicion_if : IF '(' . ')' THEN bloque_sentencia_ejecutable END_IF ';'  (76)
	condicion_if : IF '(' . condicion ')' THEN bloque_sentencia_ejecutable bloque_sentencia_ejecutable END_IF ';'  (80)
	condicion_if : IF '(' . condicion ')' THEN bloque_sentencia_ejecutable ELSE bloque_sentencia_ejecutable END_IF  (81)
	condicion_if : IF '(' . condicion ')' THEN bloque_sentencia_ejecutable ELSE END_IF ';'  (82)
	condicion_if : IF '(' . condicion ')' THEN ELSE bloque_sentencia_ejecutable END_IF ';'  (83)
	condicion_if : IF '(' . condicion ')' THEN bloque_sentencia_ejecutable ELSE bloque_sentencia_ejecutable ';'  (84)

	ID  shift 30
	LONGINT  shift 31
	HEXA  shift 32
	DOUBLE  shift 34
	TOD  shift 35
	'+'  shift 36
	'-'  shift 37
	'*'  shift 38
	'/'  shift 39
	'('  shift 66
	')'  shift 67
	.  error

	condicion  goto 68
	expresion  goto 69
	invocacion_funcion  goto 42
	termino  goto 43
	factor  goto 44


state 30
	invocacion_funcion : ID . '(' expresion ')'  (70)
	factor : ID .  (111)

	'('  shift 70
	'+'  reduce 111
	'-'  reduce 111
	'*'  reduce 111
	'/'  reduce 111
	';'  reduce 111
	'<'  reduce 111
	'>'  reduce 111
	','  reduce 111
	')'  reduce 111
	"MAYOR_IGUAL"  reduce 111
	"MENOR_IGUAL"  reduce 111
	"DISTINTO"  reduce 111


state 31
	factor : LONGINT .  (112)

	.  reduce 112


state 32
	factor : HEXA .  (114)

	.  reduce 114


state 33
	sentencia_print : OUTF CML . ';'  (56)

	';'  shift 71
	.  error


state 34
	factor : DOUBLE .  (116)

	.  reduce 116


state 35
	expresion : TOD . '(' expresion ')'  (96)
	expresion : TOD . '(' ')'  (97)

	'('  shift 72
	.  error


state 36
	expresion : '+' . termino  (93)

	ID  shift 30
	LONGINT  shift 31
	HEXA  shift 32
	DOUBLE  shift 34
	'-'  shift 37
	'*'  shift 38
	'/'  shift 39
	.  error

	invocacion_funcion  goto 42
	termino  goto 73
	factor  goto 44


state 37
	factor : '-' . LONGINT  (113)
	factor : '-' . HEXA  (115)
	factor : '-' . DOUBLE  (117)

	LONGINT  shift 74
	HEXA  shift 75
	DOUBLE  shift 76
	.  error


state 38
	termino : '*' . factor  (108)

	ID  shift 30
	LONGINT  shift 31
	HEXA  shift 32
	DOUBLE  shift 34
	'-'  shift 37
	.  error

	invocacion_funcion  goto 42
	factor  goto 77


state 39
	termino : '/' . factor  (107)

	ID  shift 30
	LONGINT  shift 31
	HEXA  shift 32
	DOUBLE  shift 34
	'-'  shift 37
	.  error

	invocacion_funcion  goto 42
	factor  goto 78


state 40
	sentencia_print : OUTF '(' . CML ')' ';'  (51)
	sentencia_print : OUTF '(' . expresion ')' ';'  (52)
	sentencia_print : OUTF '(' . ')' ';'  (53)
	sentencia_print : OUTF '(' . expresion ')'  (54)
	sentencia_print : OUTF '(' . CML ')'  (55)

	ID  shift 30
	LONGINT  shift 31
	HEXA  shift 32
	CML  shift 79
	DOUBLE  shift 34
	TOD  shift 35
	'+'  shift 36
	'-'  shift 37
	'*'  shift 38
	'/'  shift 39
	')'  shift 80
	.  error

	expresion  goto 81
	invocacion_funcion  goto 42
	termino  goto 43
	factor  goto 44


state 41
	sentencia_print : OUTF expresion . ';'  (57)
	expresion : expresion . '+' termino  (89)
	expresion : expresion . '-' termino  (90)
	expresion : expresion . '+' '+' termino  (91)
	expresion : expresion . '-' '+' termino  (92)
	expresion : expresion . '+'  (94)
	expresion : expresion . '-'  (95)

	'+'  shift 82
	'-'  shift 83
	';'  shift 84
	.  error


state 42
	factor : invocacion_funcion .  (110)

	.  reduce 110


state 43
	expresion : termino .  (98)
	termino : termino . '*' factor  (99)
	termino : termino . '/' factor  (100)
	termino : termino . '*' '*' factor  (101)
	termino : termino . '*' '/' factor  (102)
	termino : termino . '/' '/' factor  (103)
	termino : termino . '/' '*' factor  (104)
	termino : termino . '/'  (105)
	termino : termino . '*'  (106)

	'*'  shift 85
	'/'  shift 86
	'+'  reduce 98
	'-'  reduce 98
	';'  reduce 98
	'<'  reduce 98
	'>'  reduce 98
	','  reduce 98
	')'  reduce 98
	"MAYOR_IGUAL"  reduce 98
	"MENOR_IGUAL"  reduce 98
	"DISTINTO"  reduce 98


state 44
	termino : factor .  (109)

	.  reduce 109


state 45
	sentencia_declaracion : TYPEDEF ID . ASIGNACION tipo '{' subrango '}' ';'  (15)
	sentencia_declaracion : TYPEDEF ID . ASIGNACION tipo '{' subrango ';'  (16)
	sentencia_declaracion : TYPEDEF ID . ASIGNACION tipo "" subrango '}' ';'  (17)
	sentencia_declaracion : TYPEDEF ID . ASIGNACION tipo subrango ';'  (18)
	sentencia_declaracion : TYPEDEF ID . ASIGNACION tipo '{' '}' ';'  (19)
	sentencia_declaracion : TYPEDEF ID . ASIGNACION '{' subrango '}' ';'  (21)

	ASIGNACION  shift 87
	.  error


state 46
	sentencia_declaracion : TYPEDEF STRUCT . '<' lista_tipos '>' '{' lista_variables '}' ID ';'  (22)
	sentencia_declaracion : TYPEDEF STRUCT . lista_tipos '{' lista_variables '}' ID ';'  (23)
	sentencia_declaracion : TYPEDEF STRUCT . '<' lista_tipos '>' '{' lista_variables '}' ';'  (25)

	ID  shift 88
	LONGINT  shift 12
	DOUBLE  shift 13
	'<'  shift 89
	.  error

	tipo  goto 90
	lista_tipos  goto 91


state 47
	sentencia_declaracion : TYPEDEF ASIGNACION . tipo '{' subrango '}' ';'  (20)

	ID  shift 88
	LONGINT  shift 12
	DOUBLE  shift 13
	.  error

	tipo  goto 92


state 48
	sentencia_declaracion : TYPEDEF '<' . lista_tipos '>' '{' lista_variables '}' ID ';'  (24)

	ID  shift 88
	LONGINT  shift 12
	DOUBLE  shift 13
	.  error

	tipo  goto 90
	lista_tipos  goto 93


state 49
	declaracion_funcion : FUN ID . '(' parametro ')' BEGIN cuerpo_funcion END  (33)

	'('  shift 94
	.  error


state 50
	bloque_sentencia_ejecutable : BEGIN . bloque_sentencia_ejecutable sentencia_ejecucion END  (71)
	bloque_sentencia_ejecutable : BEGIN . sentencia_ejecucion END  (72)

	IF  shift 4
	BEGIN  shift 50
	OUTF  shift 6
	REPEAT  shift 9
	GOTO  shift 10
	ID  shift 95
	ETIQUETA  shift 96
	.  error

	sentencia_ejecucion  goto 97
	lista_variables  goto 20
	asignacion  goto 22
	condicion_if  goto 23
	sentencia_print  goto 24
	bloque_sentencia_ejecutable  goto 98
	id_compuesta  goto 25


state 51
	sentencia_ejecucion : REPEAT bloque_sentencia_ejecutable . WHILE '(' condicion ')' ';'  (43)
	sentencia_ejecucion : REPEAT bloque_sentencia_ejecutable . '(' condicion ')' ';'  (44)
	sentencia_ejecucion : REPEAT bloque_sentencia_ejecutable . WHILE '(' condicion ')'  (45)
	sentencia_ejecucion : REPEAT bloque_sentencia_ejecutable . WHILE '(' ')' ';'  (46)

	WHILE  shift 99
	'('  shift 100
	.  error


state 52
	sentencia_ejecucion : GOTO ETIQUETA . ';'  (47)
	sentencia_ejecucion : GOTO ETIQUETA .  (48)

	';'  shift 101
	$end  reduce 48
	IF  reduce 48
	END  reduce 48
	OUTF  reduce 48
	TYPEDEF  reduce 48
	FUN  reduce 48
	RET  reduce 48
	REPEAT  reduce 48
	GOTO  reduce 48
	ID  reduce 48
	LONGINT  reduce 48
	DOUBLE  reduce 48
	ETIQUETA  reduce 48


state 53
	sentencia_ejecucion : GOTO ';' .  (49)

	.  reduce 49


state 54
	id_compuesta : ID '.' . ID  (122)

	ID  shift 102
	.  error


state 55
	sentencia_ejecucion : ETIQUETA ';' .  (50)

	.  reduce 50


state 56
	cuerpo : cuerpo sentencia .  (7)

	.  reduce 7


state 57
	declaracion_funcion : tipo FUN . ID '(' parametro ')' BEGIN cuerpo_funcion END  (32)
	declaracion_funcion : tipo FUN . '(' parametro ')' BEGIN cuerpo_funcion END  (35)
	declaracion_funcion : tipo FUN . ID parametro BEGIN cuerpo_funcion END  (36)
	declaracion_funcion : tipo FUN . ID '(' ')' BEGIN cuerpo_funcion END  (37)
	declaracion_funcion : tipo FUN . ID '(' parametro ')' cuerpo_funcion END  (38)
	declaracion_funcion : tipo FUN . ID '(' parametro ')' BEGIN END  (39)

	ID  shift 103
	'('  shift 104
	.  error


state 58
	declaracion_funcion : tipo ID . '(' parametro ')' BEGIN cuerpo_funcion END  (34)
	lista_variables : ID .  (121)
	id_compuesta : ID . '.' ID  (122)

	'.'  shift 54
	'('  shift 105
	$end  reduce 121
	IF  reduce 121
	END  reduce 121
	OUTF  reduce 121
	TYPEDEF  reduce 121
	FUN  reduce 121
	RET  reduce 121
	REPEAT  reduce 121
	GOTO  reduce 121
	ID  reduce 121
	LONGINT  reduce 121
	DOUBLE  reduce 121
	ETIQUETA  reduce 121
	';'  reduce 121
	','  reduce 121


state 59
	sentencia_declaracion : tipo lista_variables . ';'  (12)
	sentencia_declaracion : tipo lista_variables .  (13)
	lista_variables : lista_variables . ',' ID  (118)
	lista_variables : lista_variables . ',' id_compuesta  (119)

	';'  shift 106
	','  shift 61
	$end  reduce 13
	IF  reduce 13
	END  reduce 13
	OUTF  reduce 13
	TYPEDEF  reduce 13
	FUN  reduce 13
	RET  reduce 13
	REPEAT  reduce 13
	GOTO  reduce 13
	ID  reduce 13
	LONGINT  reduce 13
	DOUBLE  reduce 13
	ETIQUETA  reduce 13


state 60
	asignacion : lista_variables ASIGNACION . lista_expresiones ';'  (88)

	ID  shift 30
	LONGINT  shift 31
	HEXA  shift 32
	DOUBLE  shift 34
	TOD  shift 35
	'+'  shift 36
	'-'  shift 37
	'*'  shift 38
	'/'  shift 39
	.  error

	expresion  goto 107
	invocacion_funcion  goto 42
	lista_expresiones  goto 108
	termino  goto 43
	factor  goto 44


state 61
	lista_variables : lista_variables ',' . ID  (118)
	lista_variables : lista_variables ',' . id_compuesta  (119)

	ID  shift 109
	.  error

	id_compuesta  goto 110


state 62
	prog : ID BEGIN cuerpo . END  (1)
	prog : ID BEGIN cuerpo .  (4)
	cuerpo : cuerpo . sentencia  (7)

	IF  shift 4
	END  shift 111
	OUTF  shift 6
	TYPEDEF  shift 7
	FUN  shift 8
	REPEAT  shift 9
	GOTO  shift 10
	ID  shift 11
	LONGINT  shift 12
	DOUBLE  shift 13
	ETIQUETA  shift 14
	$end  reduce 4

	sentencia  goto 56
	sentencia_declaracion  goto 17
	sentencia_ejecucion  goto 18
	tipo  goto 19
	lista_variables  goto 20
	declaracion_funcion  goto 21
	asignacion  goto 22
	condicion_if  goto 23
	sentencia_print  goto 24
	id_compuesta  goto 25


state 63
	prog : ID cuerpo END .  (2)

	.  reduce 2


state 64
	condicion_if : IF THEN END_IF . ';'  (77)

	';'  shift 112
	.  error


state 65
	condicion_if : IF THEN bloque_sentencia_ejecutable . ';'  (78)
	condicion_if : IF THEN bloque_sentencia_ejecutable . END_IF  (79)

	END_IF  shift 113
	';'  shift 114
	.  error


state 66
	condicion : '(' . expresion comparador expresion ')'  (85)
	condicion : '(' . ')'  (86)

	ID  shift 30
	LONGINT  shift 31
	HEXA  shift 32
	DOUBLE  shift 34
	TOD  shift 35
	'+'  shift 36
	'-'  shift 37
	'*'  shift 38
	'/'  shift 39
	')'  shift 115
	.  error

	expresion  goto 116
	invocacion_funcion  goto 42
	termino  goto 43
	factor  goto 44


state 67
	condicion_if : IF '(' ')' . THEN bloque_sentencia_ejecutable END_IF ';'  (76)

	THEN  shift 117
	.  error


state 68
	condicion_if : IF '(' condicion . ')' THEN bloque_sentencia_ejecutable END_IF ';'  (73)
	condicion_if : IF '(' condicion . ')' THEN bloque_sentencia_ejecutable ELSE bloque_sentencia_ejecutable END_IF ';'  (74)
	condicion_if : IF '(' condicion . ')' bloque_sentencia_ejecutable END_IF ';'  (75)
	condicion_if : IF '(' condicion . ')' THEN bloque_sentencia_ejecutable bloque_sentencia_ejecutable END_IF ';'  (80)
	condicion_if : IF '(' condicion . ')' THEN bloque_sentencia_ejecutable ELSE bloque_sentencia_ejecutable END_IF  (81)
	condicion_if : IF '(' condicion . ')' THEN bloque_sentencia_ejecutable ELSE END_IF ';'  (82)
	condicion_if : IF '(' condicion . ')' THEN ELSE bloque_sentencia_ejecutable END_IF ';'  (83)
	condicion_if : IF '(' condicion . ')' THEN bloque_sentencia_ejecutable ELSE bloque_sentencia_ejecutable ';'  (84)

	')'  shift 118
	.  error


state 69
	condicion : expresion . comparador expresion ')'  (87)
	expresion : expresion . '+' termino  (89)
	expresion : expresion . '-' termino  (90)
	expresion : expresion . '+' '+' termino  (91)
	expresion : expresion . '-' '+' termino  (92)
	expresion : expresion . '+'  (94)
	expresion : expresion . '-'  (95)

	'+'  shift 82
	'-'  shift 83
	'<'  shift 119
	'>'  shift 120
	"MAYOR_IGUAL"  shift 121
	"MENOR_IGUAL"  shift 122
	"DISTINTO"  shift 123
	.  error

	comparador  goto 124


state 70
	invocacion_funcion : ID '(' . expresion ')'  (70)

	ID  shift 30
	LONGINT  shift 31
	HEXA  shift 32
	DOUBLE  shift 34
	TOD  shift 35
	'+'  shift 36
	'-'  shift 37
	'*'  shift 38
	'/'  shift 39
	.  error

	expresion  goto 125
	invocacion_funcion  goto 42
	termino  goto 43
	factor  goto 44


state 71
	sentencia_print : OUTF CML ';' .  (56)

	.  reduce 56


state 72
	expresion : TOD '(' . expresion ')'  (96)
	expresion : TOD '(' . ')'  (97)

	ID  shift 30
	LONGINT  shift 31
	HEXA  shift 32
	DOUBLE  shift 34
	TOD  shift 35
	'+'  shift 36
	'-'  shift 37
	'*'  shift 38
	'/'  shift 39
	')'  shift 126
	.  error

	expresion  goto 127
	invocacion_funcion  goto 42
	termino  goto 43
	factor  goto 44


state 73
	expresion : '+' termino .  (93)
	termino : termino . '*' factor  (99)
	termino : termino . '/' factor  (100)
	termino : termino . '*' '*' factor  (101)
	termino : termino . '*' '/' factor  (102)
	termino : termino . '/' '/' factor  (103)
	termino : termino . '/' '*' factor  (104)
	termino : termino . '/'  (105)
	termino : termino . '*'  (106)

	'*'  shift 85
	'/'  shift 86
	'+'  reduce 93
	'-'  reduce 93
	';'  reduce 93
	'<'  reduce 93
	'>'  reduce 93
	','  reduce 93
	')'  reduce 93
	"MAYOR_IGUAL"  reduce 93
	"MENOR_IGUAL"  reduce 93
	"DISTINTO"  reduce 93


state 74
	factor : '-' LONGINT .  (113)

	.  reduce 113


state 75
	factor : '-' HEXA .  (115)

	.  reduce 115


state 76
	factor : '-' DOUBLE .  (117)

	.  reduce 117


state 77
	termino : '*' factor .  (108)

	.  reduce 108


state 78
	termino : '/' factor .  (107)

	.  reduce 107


state 79
	sentencia_print : OUTF '(' CML . ')' ';'  (51)
	sentencia_print : OUTF '(' CML . ')'  (55)

	')'  shift 128
	.  error


state 80
	sentencia_print : OUTF '(' ')' . ';'  (53)

	';'  shift 129
	.  error


state 81
	sentencia_print : OUTF '(' expresion . ')' ';'  (52)
	sentencia_print : OUTF '(' expresion . ')'  (54)
	expresion : expresion . '+' termino  (89)
	expresion : expresion . '-' termino  (90)
	expresion : expresion . '+' '+' termino  (91)
	expresion : expresion . '-' '+' termino  (92)
	expresion : expresion . '+'  (94)
	expresion : expresion . '-'  (95)

	'+'  shift 82
	'-'  shift 83
	')'  shift 130
	.  error


state 82
	expresion : expresion '+' . termino  (89)
	expresion : expresion '+' . '+' termino  (91)
	expresion : expresion '+' .  (94)

	ID  shift 30
	LONGINT  shift 31
	HEXA  shift 32
	DOUBLE  shift 34
	'*'  shift 38
	'/'  shift 39
	'+'  reduce 94
	'-'  reduce 94
	';'  reduce 94
	'<'  reduce 94
	'>'  reduce 94
	','  reduce 94
	')'  reduce 94
	"MAYOR_IGUAL"  reduce 94
	"MENOR_IGUAL"  reduce 94
	"DISTINTO"  reduce 94

	invocacion_funcion  goto 42
	termino  goto 132
	factor  goto 44


state 83
	expresion : expresion '-' . termino  (90)
	expresion : expresion '-' . '+' termino  (92)
	expresion : expresion '-' .  (95)

	ID  shift 30
	LONGINT  shift 31
	HEXA  shift 32
	DOUBLE  shift 34
	'*'  shift 38
	'/'  shift 39
	'+'  reduce 95
	'-'  reduce 95
	';'  reduce 95
	'<'  reduce 95
	'>'  reduce 95
	','  reduce 95
	')'  reduce 95
	"MAYOR_IGUAL"  reduce 95
	"MENOR_IGUAL"  reduce 95
	"DISTINTO"  reduce 95

	invocacion_funcion  goto 42
	termino  goto 134
	factor  goto 44


state 84
	sentencia_print : OUTF expresion ';' .  (57)

	.  reduce 57


state 85
	termino : termino '*' . factor  (99)
	termino : termino '*' . '*' factor  (101)
	termino : termino '*' . '/' factor  (102)
	termino : termino '*' .  (106)

	ID  shift 30
	LONGINT  shift 31
	HEXA  shift 32
	DOUBLE  shift 34
	'+'  reduce 106
	'-'  reduce 106
	'*'  reduce 106
	'/'  reduce 106
	';'  reduce 106
	'<'  reduce 106
	'>'  reduce 106
	','  reduce 106
	')'  reduce 106
	"MAYOR_IGUAL"  reduce 106
	"MENOR_IGUAL"  reduce 106
	"DISTINTO"  reduce 106

	invocacion_funcion  goto 42
	factor  goto 137


state 86
	termino : termino '/' . factor  (100)
	termino : termino '/' . '/' factor  (103)
	termino : termino '/' . '*' factor  (104)
	termino : termino '/' .  (105)

	ID  shift 30
	LONGINT  shift 31
	HEXA  shift 32
	DOUBLE  shift 34
	'+'  reduce 105
	'-'  reduce 105
	'*'  reduce 105
	'/'  reduce 105
	';'  reduce 105
	'<'  reduce 105
	'>'  reduce 105
	','  reduce 105
	')'  reduce 105
	"MAYOR_IGUAL"  reduce 105
	"MENOR_IGUAL"  reduce 105
	"DISTINTO"  reduce 105

	invocacion_funcion  goto 42
	factor  goto 140


state 87
	sentencia_declaracion : TYPEDEF ID ASIGNACION . tipo '{' subrango '}' ';'  (15)
	sentencia_declaracion : TYPEDEF ID ASIGNACION . tipo '{' subrango ';'  (16)
	sentencia_declaracion : TYPEDEF ID ASIGNACION . tipo "" subrango '}' ';'  (17)
	sentencia_declaracion : TYPEDEF ID ASIGNACION . tipo subrango ';'  (18)
	sentencia_declaracion : TYPEDEF ID ASIGNACION . tipo '{' '}' ';'  (19)
	sentencia_declaracion : TYPEDEF ID ASIGNACION . '{' subrango '}' ';'  (21)

	ID  shift 88
	LONGINT  shift 12
	DOUBLE  shift 13
	'{'  shift 141
	.  error

	tipo  goto 142


state 88
	tipo : ID .  (130)

	.  reduce 130


state 89
	sentencia_declaracion : TYPEDEF STRUCT '<' . lista_tipos '>' '{' lista_variables '}' ID ';'  (22)
	sentencia_declaracion : TYPEDEF STRUCT '<' . lista_tipos '>' '{' lista_variables '}' ';'  (25)

	ID  shift 88
	LONGINT  shift 12
	DOUBLE  shift 13
	.  error

	tipo  goto 90
	lista_tipos  goto 143


state 90
	lista_tipos : tipo .  (127)

	.  reduce 127


state 91
	sentencia_declaracion : TYPEDEF STRUCT lista_tipos . '{' lista_variables '}' ID ';'  (23)
	lista_tipos : lista_tipos . ',' tipo  (125)
	lista_tipos : lista_tipos . tipo  (126)

	ID  shift 88
	LONGINT  shift 12
	DOUBLE  shift 13
	'{'  shift 144
	','  shift 145
	.  error

	tipo  goto 146


state 92
	sentencia_declaracion : TYPEDEF ASIGNACION tipo . '{' subrango '}' ';'  (20)

	'{'  shift 147
	.  error


state 93
	sentencia_declaracion : TYPEDEF '<' lista_tipos . '>' '{' lista_variables '}' ID ';'  (24)
	lista_tipos : lista_tipos . ',' tipo  (125)
	lista_tipos : lista_tipos . tipo  (126)

	ID  shift 88
	LONGINT  shift 12
	DOUBLE  shift 13
	'>'  shift 148
	','  shift 145
	.  error

	tipo  goto 146


state 94
	declaracion_funcion : FUN ID '(' . parametro ')' BEGIN cuerpo_funcion END  (33)

	ID  shift 88
	LONGINT  shift 12
	DOUBLE  shift 13
	.  error

	tipo  goto 149
	parametro  goto 150


state 95
	lista_variables : ID .  (121)
	id_compuesta : ID . '.' ID  (122)

	'.'  shift 54
	ASIGNACION  reduce 121
	'}'  reduce 121
	','  reduce 121


state 96
	sentencia_ejecucion : ETIQUETA . ';'  (50)

	';'  shift 55
	.  error


state 97
	bloque_sentencia_ejecutable : BEGIN sentencia_ejecucion . END  (72)

	END  shift 151
	.  error


state 98
	bloque_sentencia_ejecutable : BEGIN bloque_sentencia_ejecutable . sentencia_ejecucion END  (71)

	IF  shift 4
	OUTF  shift 6
	REPEAT  shift 9
	GOTO  shift 10
	ID  shift 95
	ETIQUETA  shift 96
	.  error

	sentencia_ejecucion  goto 152
	lista_variables  goto 20
	asignacion  goto 22
	condicion_if  goto 23
	sentencia_print  goto 24
	id_compuesta  goto 25


state 99
	sentencia_ejecucion : REPEAT bloque_sentencia_ejecutable WHILE . '(' condicion ')' ';'  (43)
	sentencia_ejecucion : REPEAT bloque_sentencia_ejecutable WHILE . '(' condicion ')'  (45)
	sentencia_ejecucion : REPEAT bloque_sentencia_ejecutable WHILE . '(' ')' ';'  (46)

	'('  shift 153
	.  error


state 100
	sentencia_ejecucion : REPEAT bloque_sentencia_ejecutable '(' . condicion ')' ';'  (44)

	ID  shift 30
	LONGINT  shift 31
	HEXA  shift 32
	DOUBLE  shift 34
	TOD  shift 35
	'+'  shift 36
	'-'  shift 37
	'*'  shift 38
	'/'  shift 39
	'('  shift 66
	.  error

	condicion  goto 154
	expresion  goto 69
	invocacion_funcion  goto 42
	termino  goto 43
	factor  goto 44


state 101
	sentencia_ejecucion : GOTO ETIQUETA ';' .  (47)

	.  reduce 47


state 102
	id_compuesta : ID '.' ID .  (122)

	.  reduce 122


state 103
	declaracion_funcion : tipo FUN ID . '(' parametro ')' BEGIN cuerpo_funcion END  (32)
	declaracion_funcion : tipo FUN ID . parametro BEGIN cuerpo_funcion END  (36)
	declaracion_funcion : tipo FUN ID . '(' ')' BEGIN cuerpo_funcion END  (37)
	declaracion_funcion : tipo FUN ID . '(' parametro ')' cuerpo_funcion END  (38)
	declaracion_funcion : tipo FUN ID . '(' parametro ')' BEGIN END  (39)

	ID  shift 88
	LONGINT  shift 12
	DOUBLE  shift 13
	'('  shift 155
	.  error

	tipo  goto 149
	parametro  goto 156


state 104
	declaracion_funcion : tipo FUN '(' . parametro ')' BEGIN cuerpo_funcion END  (35)

	ID  shift 88
	LONGINT  shift 12
	DOUBLE  shift 13
	.  error

	tipo  goto 149
	parametro  goto 157


state 105
	declaracion_funcion : tipo ID '(' . parametro ')' BEGIN cuerpo_funcion END  (34)

	ID  shift 88
	LONGINT  shift 12
	DOUBLE  shift 13
	.  error

	tipo  goto 149
	parametro  goto 158


state 106
	sentencia_declaracion : tipo lista_variables ';' .  (12)

	.  reduce 12


state 107
	expresion : expresion . '+' termino  (89)
	expresion : expresion . '-' termino  (90)
	expresion : expresion . '+' '+' termino  (91)
	expresion : expresion . '-' '+' termino  (92)
	expresion : expresion . '+'  (94)
	expresion : expresion . '-'  (95)
	lista_expresiones : expresion .  (124)

	'+'  shift 82
	'-'  shift 83
	';'  reduce 124
	','  reduce 124


state 108
	asignacion : lista_variables ASIGNACION lista_expresiones . ';'  (88)
	lista_expresiones : lista_expresiones . ',' expresion  (123)

	';'  shift 159
	','  shift 160
	.  error


state 109
	lista_variables : lista_variables ',' ID .  (118)
	id_compuesta : ID . '.' ID  (122)

	'.'  shift 54
	$end  reduce 118
	IF  reduce 118
	END  reduce 118
	OUTF  reduce 118
	TYPEDEF  reduce 118
	FUN  reduce 118
	RET  reduce 118
	REPEAT  reduce 118
	GOTO  reduce 118
	ID  reduce 118
	LONGINT  reduce 118
	DOUBLE  reduce 118
	ASIGNACION  reduce 118
	ETIQUETA  reduce 118
	';'  reduce 118
	'}'  reduce 118
	','  reduce 118


state 110
	lista_variables : lista_variables ',' id_compuesta .  (119)

	.  reduce 119


state 111
	prog : ID BEGIN cuerpo END .  (1)

	.  reduce 1


state 112
	condicion_if : IF THEN END_IF ';' .  (77)

	.  reduce 77


state 113
	condicion_if : IF THEN bloque_sentencia_ejecutable END_IF .  (79)

	.  reduce 79


state 114
	condicion_if : IF THEN bloque_sentencia_ejecutable ';' .  (78)

	.  reduce 78


state 115
	condicion : '(' ')' .  (86)

	.  reduce 86


state 116
	condicion : '(' expresion . comparador expresion ')'  (85)
	expresion : expresion . '+' termino  (89)
	expresion : expresion . '-' termino  (90)
	expresion : expresion . '+' '+' termino  (91)
	expresion : expresion . '-' '+' termino  (92)
	expresion : expresion . '+'  (94)
	expresion : expresion . '-'  (95)

	'+'  shift 82
	'-'  shift 83
	'<'  shift 119
	'>'  shift 120
	"MAYOR_IGUAL"  shift 121
	"MENOR_IGUAL"  shift 122
	"DISTINTO"  shift 123
	.  error

	comparador  goto 161


state 117
	condicion_if : IF '(' ')' THEN . bloque_sentencia_ejecutable END_IF ';'  (76)

	BEGIN  shift 50
	.  error

	bloque_sentencia_ejecutable  goto 162


state 118
	condicion_if : IF '(' condicion ')' . THEN bloque_sentencia_ejecutable END_IF ';'  (73)
	condicion_if : IF '(' condicion ')' . THEN bloque_sentencia_ejecutable ELSE bloque_sentencia_ejecutable END_IF ';'  (74)
	condicion_if : IF '(' condicion ')' . bloque_sentencia_ejecutable END_IF ';'  (75)
	condicion_if : IF '(' condicion ')' . THEN bloque_sentencia_ejecutable bloque_sentencia_ejecutable END_IF ';'  (80)
	condicion_if : IF '(' condicion ')' . THEN bloque_sentencia_ejecutable ELSE bloque_sentencia_ejecutable END_IF  (81)
	condicion_if : IF '(' condicion ')' . THEN bloque_sentencia_ejecutable ELSE END_IF ';'  (82)
	condicion_if : IF '(' condicion ')' . THEN ELSE bloque_sentencia_ejecutable END_IF ';'  (83)
	condicion_if : IF '(' condicion ')' . THEN bloque_sentencia_ejecutable ELSE bloque_sentencia_ejecutable ';'  (84)

	THEN  shift 163
	BEGIN  shift 50
	.  error

	bloque_sentencia_ejecutable  goto 164


state 119
	comparador : '<' .  (131)

	.  reduce 131


state 120
	comparador : '>' .  (132)

	.  reduce 132


state 121
	comparador : "MAYOR_IGUAL" .  (133)

	.  reduce 133


state 122
	comparador : "MENOR_IGUAL" .  (134)

	.  reduce 134


state 123
	comparador : "DISTINTO" .  (135)

	.  reduce 135


state 124
	condicion : expresion comparador . expresion ')'  (87)

	ID  shift 30
	LONGINT  shift 31
	HEXA  shift 32
	DOUBLE  shift 34
	TOD  shift 35
	'+'  shift 36
	'-'  shift 37
	'*'  shift 38
	'/'  shift 39
	.  error

	expresion  goto 165
	invocacion_funcion  goto 42
	termino  goto 43
	factor  goto 44


state 125
	invocacion_funcion : ID '(' expresion . ')'  (70)
	expresion : expresion . '+' termino  (89)
	expresion : expresion . '-' termino  (90)
	expresion : expresion . '+' '+' termino  (91)
	expresion : expresion . '-' '+' termino  (92)
	expresion : expresion . '+'  (94)
	expresion : expresion . '-'  (95)

	'+'  shift 82
	'-'  shift 83
	')'  shift 166
	.  error


state 126
	expresion : TOD '(' ')' .  (97)

	.  reduce 97


state 127
	expresion : expresion . '+' termino  (89)
	expresion : expresion . '-' termino  (90)
	expresion : expresion . '+' '+' termino  (91)
	expresion : expresion . '-' '+' termino  (92)
	expresion : expresion . '+'  (94)
	expresion : expresion . '-'  (95)
	expresion : TOD '(' expresion . ')'  (96)

	'+'  shift 82
	'-'  shift 83
	')'  shift 167
	.  error


state 128
	sentencia_print : OUTF '(' CML ')' . ';'  (51)
	sentencia_print : OUTF '(' CML ')' .  (55)

	';'  shift 168
	$end  reduce 55
	IF  reduce 55
	END  reduce 55
	OUTF  reduce 55
	TYPEDEF  reduce 55
	FUN  reduce 55
	RET  reduce 55
	REPEAT  reduce 55
	GOTO  reduce 55
	ID  reduce 55
	LONGINT  reduce 55
	DOUBLE  reduce 55
	ETIQUETA  reduce 55


state 129
	sentencia_print : OUTF '(' ')' ';' .  (53)

	.  reduce 53


state 130
	sentencia_print : OUTF '(' expresion ')' . ';'  (52)
	sentencia_print : OUTF '(' expresion ')' .  (54)

	';'  shift 169
	$end  reduce 54
	IF  reduce 54
	END  reduce 54
	OUTF  reduce 54
	TYPEDEF  reduce 54
	FUN  reduce 54
	RET  reduce 54
	REPEAT  reduce 54
	GOTO  reduce 54
	ID  reduce 54
	LONGINT  reduce 54
	DOUBLE  reduce 54
	ETIQUETA  reduce 54


state 131
	expresion : expresion '+' '+' . termino  (91)

	ID  shift 30
	LONGINT  shift 31
	HEXA  shift 32
	DOUBLE  shift 34
	'-'  shift 37
	'*'  shift 38
	'/'  shift 39
	.  error

	invocacion_funcion  goto 42
	termino  goto 170
	factor  goto 44


state 132
	expresion : expresion '+' termino .  (89)
	termino : termino . '*' factor  (99)
	termino : termino . '/' factor  (100)
	termino : termino . '*' '*' factor  (101)
	termino : termino . '*' '/' factor  (102)
	termino : termino . '/' '/' factor  (103)
	termino : termino . '/' '*' factor  (104)
	termino : termino . '/'  (105)
	termino : termino . '*'  (106)

	'*'  shift 85
	'/'  shift 86
	'+'  reduce 89
	'-'  reduce 89
	';'  reduce 89
	'<'  reduce 89
	'>'  reduce 89
	','  reduce 89
	')'  reduce 89
	"MAYOR_IGUAL"  reduce 89
	"MENOR_IGUAL"  reduce 89
	"DISTINTO"  reduce 89


state 133
	expresion : expresion '-' '+' . termino  (92)

	ID  shift 30
	LONGINT  shift 31
	HEXA  shift 32
	DOUBLE  shift 34
	'-'  shift 37
	'*'  shift 38
	'/'  shift 39
	.  error

	invocacion_funcion  goto 42
	termino  goto 171
	factor  goto 44


state 134
	expresion : expresion '-' termino .  (90)
	termino : termino . '*' factor  (99)
	termino : termino . '/' factor  (100)
	termino : termino . '*' '*' factor  (101)
	termino : termino . '*' '/' factor  (102)
	termino : termino . '/' '/' factor  (103)
	termino : termino . '/' '*' factor  (104)
	termino : termino . '/'  (105)
	termino : termino . '*'  (106)

	'*'  shift 85
	'/'  shift 86
	'+'  reduce 90
	'-'  reduce 90
	';'  reduce 90
	'<'  reduce 90
	'>'  reduce 90
	','  reduce 90
	')'  reduce 90
	"MAYOR_IGUAL"  reduce 90
	"MENOR_IGUAL"  reduce 90
	"DISTINTO"  reduce 90


state 135
	termino : termino '*' '*' . factor  (101)

	ID  shift 30
	LONGINT  shift 31
	HEXA  shift 32
	DOUBLE  shift 34
	'-'  shift 37
	.  error

	invocacion_funcion  goto 42
	factor  goto 172


state 136
	termino : termino '*' '/' . factor  (102)

	ID  shift 30
	LONGINT  shift 31
	HEXA  shift 32
	DOUBLE  shift 34
	'-'  shift 37
	.  error

	invocacion_funcion  goto 42
	factor  goto 173


state 137
	termino : termino '*' factor .  (99)

	.  reduce 99


state 138
	termino : termino '/' '*' . factor  (104)

	ID  shift 30
	LONGINT  shift 31
	HEXA  shift 32
	DOUBLE  shift 34
	'-'  shift 37
	.  error

	invocacion_funcion  goto 42
	factor  goto 174


state 139
	termino : termino '/' '/' . factor  (103)

	ID  shift 30
	LONGINT  shift 31
	HEXA  shift 32
	DOUBLE  shift 34
	'-'  shift 37
	.  error

	invocacion_funcion  goto 42
	factor  goto 175


state 140
	termino : termino '/' factor .  (100)

	.  reduce 100


state 141
	sentencia_declaracion : TYPEDEF ID ASIGNACION '{' . subrango '}' ';'  (21)

	LONGINT  shift 176
	HEXA  shift 177
	DOUBLE  shift 178
	.  error

	subrango  goto 179


state 142
	sentencia_declaracion : TYPEDEF ID ASIGNACION tipo . '{' subrango '}' ';'  (15)
	sentencia_declaracion : TYPEDEF ID ASIGNACION tipo . '{' subrango ';'  (16)
	sentencia_declaracion : TYPEDEF ID ASIGNACION tipo . "" subrango '}' ';'  (17)
	sentencia_declaracion : TYPEDEF ID ASIGNACION tipo . subrango ';'  (18)
	sentencia_declaracion : TYPEDEF ID ASIGNACION tipo . '{' '}' ';'  (19)

	LONGINT  shift 176
	HEXA  shift 177
	DOUBLE  shift 178
	'{'  shift 180
	""  shift 181
	.  error

	subrango  goto 182


state 143
	sentencia_declaracion : TYPEDEF STRUCT '<' lista_tipos . '>' '{' lista_variables '}' ID ';'  (22)
	sentencia_declaracion : TYPEDEF STRUCT '<' lista_tipos . '>' '{' lista_variables '}' ';'  (25)
	lista_tipos : lista_tipos . ',' tipo  (125)
	lista_tipos : lista_tipos . tipo  (126)

	ID  shift 88
	LONGINT  shift 12
	DOUBLE  shift 13
	'>'  shift 183
	','  shift 145
	.  error

	tipo  goto 146


state 144
	sentencia_declaracion : TYPEDEF STRUCT lista_tipos '{' . lista_variables '}' ID ';'  (23)

	ID  shift 95
	.  error

	lista_variables  goto 184
	id_compuesta  goto 25


state 145
	lista_tipos : lista_tipos ',' . tipo  (125)

	ID  shift 88
	LONGINT  shift 12
	DOUBLE  shift 13
	.  error

	tipo  goto 185


state 146
	lista_tipos : lista_tipos tipo .  (126)

	.  reduce 126


state 147
	sentencia_declaracion : TYPEDEF ASIGNACION tipo '{' . subrango '}' ';'  (20)

	LONGINT  shift 176
	HEXA  shift 177
	DOUBLE  shift 178
	.  error

	subrango  goto 186


state 148
	sentencia_declaracion : TYPEDEF '<' lista_tipos '>' . '{' lista_variables '}' ID ';'  (24)

	'{'  shift 187
	.  error


state 149
	parametro : tipo . ID  (68)
	parametro : tipo .  (69)

	ID  shift 188
	BEGIN  reduce 69
	')'  reduce 69


state 150
	declaracion_funcion : FUN ID '(' parametro . ')' BEGIN cuerpo_funcion END  (33)

	')'  shift 189
	.  error


state 151
	bloque_sentencia_ejecutable : BEGIN sentencia_ejecucion END .  (72)

	.  reduce 72


state 152
	bloque_sentencia_ejecutable : BEGIN bloque_sentencia_ejecutable sentencia_ejecucion . END  (71)

	END  shift 190
	.  error


state 153
	sentencia_ejecucion : REPEAT bloque_sentencia_ejecutable WHILE '(' . condicion ')' ';'  (43)
	sentencia_ejecucion : REPEAT bloque_sentencia_ejecutable WHILE '(' . condicion ')'  (45)
	sentencia_ejecucion : REPEAT bloque_sentencia_ejecutable WHILE '(' . ')' ';'  (46)

	ID  shift 30
	LONGINT  shift 31
	HEXA  shift 32
	DOUBLE  shift 34
	TOD  shift 35
	'+'  shift 36
	'-'  shift 37
	'*'  shift 38
	'/'  shift 39
	'('  shift 66
	')'  shift 191
	.  error

	condicion  goto 192
	expresion  goto 69
	invocacion_funcion  goto 42
	termino  goto 43
	factor  goto 44


state 154
	sentencia_ejecucion : REPEAT bloque_sentencia_ejecutable '(' condicion . ')' ';'  (44)

	')'  shift 193
	.  error


state 155
	declaracion_funcion : tipo FUN ID '(' . parametro ')' BEGIN cuerpo_funcion END  (32)
	declaracion_funcion : tipo FUN ID '(' . ')' BEGIN cuerpo_funcion END  (37)
	declaracion_funcion : tipo FUN ID '(' . parametro ')' cuerpo_funcion END  (38)
	declaracion_funcion : tipo FUN ID '(' . parametro ')' BEGIN END  (39)

	ID  shift 88
	LONGINT  shift 12
	DOUBLE  shift 13
	')'  shift 194
	.  error

	tipo  goto 149
	parametro  goto 195


state 156
	declaracion_funcion : tipo FUN ID parametro . BEGIN cuerpo_funcion END  (36)

	BEGIN  shift 196
	.  error


state 157
	declaracion_funcion : tipo FUN '(' parametro . ')' BEGIN cuerpo_funcion END  (35)

	')'  shift 197
	.  error


state 158
	declaracion_funcion : tipo ID '(' parametro . ')' BEGIN cuerpo_funcion END  (34)

	')'  shift 198
	.  error


state 159
	asignacion : lista_variables ASIGNACION lista_expresiones ';' .  (88)

	.  reduce 88


state 160
	lista_expresiones : lista_expresiones ',' . expresion  (123)

	ID  shift 30
	LONGINT  shift 31
	HEXA  shift 32
	DOUBLE  shift 34
	TOD  shift 35
	'+'  shift 36
	'-'  shift 37
	'*'  shift 38
	'/'  shift 39
	.  error

	expresion  goto 199
	invocacion_funcion  goto 42
	termino  goto 43
	factor  goto 44


state 161
	condicion : '(' expresion comparador . expresion ')'  (85)

	ID  shift 30
	LONGINT  shift 31
	HEXA  shift 32
	DOUBLE  shift 34
	TOD  shift 35
	'+'  shift 36
	'-'  shift 37
	'*'  shift 38
	'/'  shift 39
	.  error

	expresion  goto 200
	invocacion_funcion  goto 42
	termino  goto 43
	factor  goto 44


state 162
	condicion_if : IF '(' ')' THEN bloque_sentencia_ejecutable . END_IF ';'  (76)

	END_IF  shift 201
	.  error


state 163
	condicion_if : IF '(' condicion ')' THEN . bloque_sentencia_ejecutable END_IF ';'  (73)
	condicion_if : IF '(' condicion ')' THEN . bloque_sentencia_ejecutable ELSE bloque_sentencia_ejecutable END_IF ';'  (74)
	condicion_if : IF '(' condicion ')' THEN . bloque_sentencia_ejecutable bloque_sentencia_ejecutable END_IF ';'  (80)
	condicion_if : IF '(' condicion ')' THEN . bloque_sentencia_ejecutable ELSE bloque_sentencia_ejecutable END_IF  (81)
	condicion_if : IF '(' condicion ')' THEN . bloque_sentencia_ejecutable ELSE END_IF ';'  (82)
	condicion_if : IF '(' condicion ')' THEN . ELSE bloque_sentencia_ejecutable END_IF ';'  (83)
	condicion_if : IF '(' condicion ')' THEN . bloque_sentencia_ejecutable ELSE bloque_sentencia_ejecutable ';'  (84)

	ELSE  shift 202
	BEGIN  shift 50
	.  error

	bloque_sentencia_ejecutable  goto 203


state 164
	condicion_if : IF '(' condicion ')' bloque_sentencia_ejecutable . END_IF ';'  (75)

	END_IF  shift 204
	.  error


state 165
	condicion : expresion comparador expresion . ')'  (87)
	expresion : expresion . '+' termino  (89)
	expresion : expresion . '-' termino  (90)
	expresion : expresion . '+' '+' termino  (91)
	expresion : expresion . '-' '+' termino  (92)
	expresion : expresion . '+'  (94)
	expresion : expresion . '-'  (95)

	'+'  shift 82
	'-'  shift 83
	')'  shift 205
	.  error


state 166
	invocacion_funcion : ID '(' expresion ')' .  (70)

	.  reduce 70


state 167
	expresion : TOD '(' expresion ')' .  (96)

	.  reduce 96


state 168
	sentencia_print : OUTF '(' CML ')' ';' .  (51)

	.  reduce 51


state 169
	sentencia_print : OUTF '(' expresion ')' ';' .  (52)

	.  reduce 52


state 170
	expresion : expresion '+' '+' termino .  (91)
	termino : termino . '*' factor  (99)
	termino : termino . '/' factor  (100)
	termino : termino . '*' '*' factor  (101)
	termino : termino . '*' '/' factor  (102)
	termino : termino . '/' '/' factor  (103)
	termino : termino . '/' '*' factor  (104)
	termino : termino . '/'  (105)
	termino : termino . '*'  (106)

	'*'  shift 85
	'/'  shift 86
	'+'  reduce 91
	'-'  reduce 91
	';'  reduce 91
	'<'  reduce 91
	'>'  reduce 91
	','  reduce 91
	')'  reduce 91
	"MAYOR_IGUAL"  reduce 91
	"MENOR_IGUAL"  reduce 91
	"DISTINTO"  reduce 91


state 171
	expresion : expresion '-' '+' termino .  (92)
	termino : termino . '*' factor  (99)
	termino : termino . '/' factor  (100)
	termino : termino . '*' '*' factor  (101)
	termino : termino . '*' '/' factor  (102)
	termino : termino . '/' '/' factor  (103)
	termino : termino . '/' '*' factor  (104)
	termino : termino . '/'  (105)
	termino : termino . '*'  (106)

	'*'  shift 85
	'/'  shift 86
	'+'  reduce 92
	'-'  reduce 92
	';'  reduce 92
	'<'  reduce 92
	'>'  reduce 92
	','  reduce 92
	')'  reduce 92
	"MAYOR_IGUAL"  reduce 92
	"MENOR_IGUAL"  reduce 92
	"DISTINTO"  reduce 92


state 172
	termino : termino '*' '*' factor .  (101)

	.  reduce 101


state 173
	termino : termino '*' '/' factor .  (102)

	.  reduce 102


state 174
	termino : termino '/' '*' factor .  (104)

	.  reduce 104


state 175
	termino : termino '/' '/' factor .  (103)

	.  reduce 103


state 176
	subrango : LONGINT . ',' LONGINT  (26)
	subrango : LONGINT . LONGINT  (27)

	LONGINT  shift 206
	','  shift 207
	.  error


state 177
	subrango : HEXA . ',' HEXA  (30)
	subrango : HEXA . HEXA  (31)

	HEXA  shift 208
	','  shift 209
	.  error


state 178
	subrango : DOUBLE . ',' DOUBLE  (28)
	subrango : DOUBLE . DOUBLE  (29)

	DOUBLE  shift 210
	','  shift 211
	.  error


state 179
	sentencia_declaracion : TYPEDEF ID ASIGNACION '{' subrango . '}' ';'  (21)

	'}'  shift 212
	.  error


state 180
	sentencia_declaracion : TYPEDEF ID ASIGNACION tipo '{' . subrango '}' ';'  (15)
	sentencia_declaracion : TYPEDEF ID ASIGNACION tipo '{' . subrango ';'  (16)
	sentencia_declaracion : TYPEDEF ID ASIGNACION tipo '{' . '}' ';'  (19)

	LONGINT  shift 176
	HEXA  shift 177
	DOUBLE  shift 178
	'}'  shift 213
	.  error

	subrango  goto 214


state 181
	sentencia_declaracion : TYPEDEF ID ASIGNACION tipo "" . subrango '}' ';'  (17)

	LONGINT  shift 176
	HEXA  shift 177
	DOUBLE  shift 178
	.  error

	subrango  goto 215


state 182
	sentencia_declaracion : TYPEDEF ID ASIGNACION tipo subrango . ';'  (18)

	';'  shift 216
	.  error


state 183
	sentencia_declaracion : TYPEDEF STRUCT '<' lista_tipos '>' . '{' lista_variables '}' ID ';'  (22)
	sentencia_declaracion : TYPEDEF STRUCT '<' lista_tipos '>' . '{' lista_variables '}' ';'  (25)

	'{'  shift 217
	.  error


state 184
	sentencia_declaracion : TYPEDEF STRUCT lista_tipos '{' lista_variables . '}' ID ';'  (23)
	lista_variables : lista_variables . ',' ID  (118)
	lista_variables : lista_variables . ',' id_compuesta  (119)

	'}'  shift 218
	','  shift 61
	.  error


state 185
	lista_tipos : lista_tipos ',' tipo .  (125)

	.  reduce 125


state 186
	sentencia_declaracion : TYPEDEF ASIGNACION tipo '{' subrango . '}' ';'  (20)

	'}'  shift 219
	.  error


state 187
	sentencia_declaracion : TYPEDEF '<' lista_tipos '>' '{' . lista_variables '}' ID ';'  (24)

	ID  shift 95
	.  error

	lista_variables  goto 220
	id_compuesta  goto 25


state 188
	parametro : tipo ID .  (68)

	.  reduce 68


state 189
	declaracion_funcion : FUN ID '(' parametro ')' . BEGIN cuerpo_funcion END  (33)

	BEGIN  shift 221
	.  error


state 190
	bloque_sentencia_ejecutable : BEGIN bloque_sentencia_ejecutable sentencia_ejecucion END .  (71)

	.  reduce 71


state 191
	sentencia_ejecucion : REPEAT bloque_sentencia_ejecutable WHILE '(' ')' . ';'  (46)

	';'  shift 222
	.  error


state 192
	sentencia_ejecucion : REPEAT bloque_sentencia_ejecutable WHILE '(' condicion . ')' ';'  (43)
	sentencia_ejecucion : REPEAT bloque_sentencia_ejecutable WHILE '(' condicion . ')'  (45)

	')'  shift 223
	.  error


state 193
	sentencia_ejecucion : REPEAT bloque_sentencia_ejecutable '(' condicion ')' . ';'  (44)

	';'  shift 224
	.  error


state 194
	declaracion_funcion : tipo FUN ID '(' ')' . BEGIN cuerpo_funcion END  (37)

	BEGIN  shift 225
	.  error


state 195
	declaracion_funcion : tipo FUN ID '(' parametro . ')' BEGIN cuerpo_funcion END  (32)
	declaracion_funcion : tipo FUN ID '(' parametro . ')' cuerpo_funcion END  (38)
	declaracion_funcion : tipo FUN ID '(' parametro . ')' BEGIN END  (39)

	')'  shift 226
	.  error


state 196
	declaracion_funcion : tipo FUN ID parametro BEGIN . cuerpo_funcion END  (36)

	IF  shift 4
	OUTF  shift 6
	TYPEDEF  shift 7
	FUN  shift 8
	RET  shift 227
	REPEAT  shift 9
	GOTO  shift 10
	ID  shift 11
	LONGINT  shift 12
	DOUBLE  shift 13
	ETIQUETA  shift 14
	'('  shift 228
	.  error

	cuerpo  goto 229
	sentencia  goto 16
	sentencia_declaracion  goto 17
	sentencia_ejecucion  goto 18
	tipo  goto 19
	lista_variables  goto 20
	declaracion_funcion  goto 21
	cuerpo_funcion  goto 230
	asignacion  goto 22
	condicion_if  goto 23
	sentencia_print  goto 24
	id_compuesta  goto 25


state 197
	declaracion_funcion : tipo FUN '(' parametro ')' . BEGIN cuerpo_funcion END  (35)

	BEGIN  shift 231
	.  error


state 198
	declaracion_funcion : tipo ID '(' parametro ')' . BEGIN cuerpo_funcion END  (34)

	BEGIN  shift 232
	.  error


state 199
	expresion : expresion . '+' termino  (89)
	expresion : expresion . '-' termino  (90)
	expresion : expresion . '+' '+' termino  (91)
	expresion : expresion . '-' '+' termino  (92)
	expresion : expresion . '+'  (94)
	expresion : expresion . '-'  (95)
	lista_expresiones : lista_expresiones ',' expresion .  (123)

	'+'  shift 82
	'-'  shift 83
	';'  reduce 123
	','  reduce 123


state 200
	condicion : '(' expresion comparador expresion . ')'  (85)
	expresion : expresion . '+' termino  (89)
	expresion : expresion . '-' termino  (90)
	expresion : expresion . '+' '+' termino  (91)
	expresion : expresion . '-' '+' termino  (92)
	expresion : expresion . '+'  (94)
	expresion : expresion . '-'  (95)

	'+'  shift 82
	'-'  shift 83
	')'  shift 233
	.  error


state 201
	condicion_if : IF '(' ')' THEN bloque_sentencia_ejecutable END_IF . ';'  (76)

	';'  shift 234
	.  error


state 202
	condicion_if : IF '(' condicion ')' THEN ELSE . bloque_sentencia_ejecutable END_IF ';'  (83)

	BEGIN  shift 50
	.  error

	bloque_sentencia_ejecutable  goto 235


state 203
	condicion_if : IF '(' condicion ')' THEN bloque_sentencia_ejecutable . END_IF ';'  (73)
	condicion_if : IF '(' condicion ')' THEN bloque_sentencia_ejecutable . ELSE bloque_sentencia_ejecutable END_IF ';'  (74)
	condicion_if : IF '(' condicion ')' THEN bloque_sentencia_ejecutable . bloque_sentencia_ejecutable END_IF ';'  (80)
	condicion_if : IF '(' condicion ')' THEN bloque_sentencia_ejecutable . ELSE bloque_sentencia_ejecutable END_IF  (81)
	condicion_if : IF '(' condicion ')' THEN bloque_sentencia_ejecutable . ELSE END_IF ';'  (82)
	condicion_if : IF '(' condicion ')' THEN bloque_sentencia_ejecutable . ELSE bloque_sentencia_ejecutable ';'  (84)

	ELSE  shift 236
	BEGIN  shift 50
	END_IF  shift 237
	.  error

	bloque_sentencia_ejecutable  goto 238


state 204
	condicion_if : IF '(' condicion ')' bloque_sentencia_ejecutable END_IF . ';'  (75)

	';'  shift 239
	.  error


state 205
	condicion : expresion comparador expresion ')' .  (87)

	.  reduce 87


state 206
	subrango : LONGINT LONGINT .  (27)

	.  reduce 27


state 207
	subrango : LONGINT ',' . LONGINT  (26)

	LONGINT  shift 240
	.  error


state 208
	subrango : HEXA HEXA .  (31)

	.  reduce 31


state 209
	subrango : HEXA ',' . HEXA  (30)

	HEXA  shift 241
	.  error


state 210
	subrango : DOUBLE DOUBLE .  (29)

	.  reduce 29


state 211
	subrango : DOUBLE ',' . DOUBLE  (28)

	DOUBLE  shift 242
	.  error


state 212
	sentencia_declaracion : TYPEDEF ID ASIGNACION '{' subrango '}' . ';'  (21)

	';'  shift 243
	.  error


state 213
	sentencia_declaracion : TYPEDEF ID ASIGNACION tipo '{' '}' . ';'  (19)

	';'  shift 244
	.  error


state 214
	sentencia_declaracion : TYPEDEF ID ASIGNACION tipo '{' subrango . '}' ';'  (15)
	sentencia_declaracion : TYPEDEF ID ASIGNACION tipo '{' subrango . ';'  (16)

	';'  shift 245
	'}'  shift 246
	.  error


state 215
	sentencia_declaracion : TYPEDEF ID ASIGNACION tipo "" subrango . '}' ';'  (17)

	'}'  shift 247
	.  error


state 216
	sentencia_declaracion : TYPEDEF ID ASIGNACION tipo subrango ';' .  (18)

	.  reduce 18


state 217
	sentencia_declaracion : TYPEDEF STRUCT '<' lista_tipos '>' '{' . lista_variables '}' ID ';'  (22)
	sentencia_declaracion : TYPEDEF STRUCT '<' lista_tipos '>' '{' . lista_variables '}' ';'  (25)

	ID  shift 95
	.  error

	lista_variables  goto 248
	id_compuesta  goto 25


state 218
	sentencia_declaracion : TYPEDEF STRUCT lista_tipos '{' lista_variables '}' . ID ';'  (23)

	ID  shift 249
	.  error


state 219
	sentencia_declaracion : TYPEDEF ASIGNACION tipo '{' subrango '}' . ';'  (20)

	';'  shift 250
	.  error


state 220
	sentencia_declaracion : TYPEDEF '<' lista_tipos '>' '{' lista_variables . '}' ID ';'  (24)
	lista_variables : lista_variables . ',' ID  (118)
	lista_variables : lista_variables . ',' id_compuesta  (119)

	'}'  shift 251
	','  shift 61
	.  error


state 221
	declaracion_funcion : FUN ID '(' parametro ')' BEGIN . cuerpo_funcion END  (33)

	IF  shift 4
	OUTF  shift 6
	TYPEDEF  shift 7
	FUN  shift 8
	RET  shift 227
	REPEAT  shift 9
	GOTO  shift 10
	ID  shift 11
	LONGINT  shift 12
	DOUBLE  shift 13
	ETIQUETA  shift 14
	'('  shift 228
	.  error

	cuerpo  goto 229
	sentencia  goto 16
	sentencia_declaracion  goto 17
	sentencia_ejecucion  goto 18
	tipo  goto 19
	lista_variables  goto 20
	declaracion_funcion  goto 21
	cuerpo_funcion  goto 252
	asignacion  goto 22
	condicion_if  goto 23
	sentencia_print  goto 24
	id_compuesta  goto 25


state 222
	sentencia_ejecucion : REPEAT bloque_sentencia_ejecutable WHILE '(' ')' ';' .  (46)

	.  reduce 46


state 223
	sentencia_ejecucion : REPEAT bloque_sentencia_ejecutable WHILE '(' condicion ')' . ';'  (43)
	sentencia_ejecucion : REPEAT bloque_sentencia_ejecutable WHILE '(' condicion ')' .  (45)

	';'  shift 253
	$end  reduce 45
	IF  reduce 45
	END  reduce 45
	OUTF  reduce 45
	TYPEDEF  reduce 45
	FUN  reduce 45
	RET  reduce 45
	REPEAT  reduce 45
	GOTO  reduce 45
	ID  reduce 45
	LONGINT  reduce 45
	DOUBLE  reduce 45
	ETIQUETA  reduce 45


state 224
	sentencia_ejecucion : REPEAT bloque_sentencia_ejecutable '(' condicion ')' ';' .  (44)

	.  reduce 44


state 225
	declaracion_funcion : tipo FUN ID '(' ')' BEGIN . cuerpo_funcion END  (37)

	IF  shift 4
	OUTF  shift 6
	TYPEDEF  shift 7
	FUN  shift 8
	RET  shift 227
	REPEAT  shift 9
	GOTO  shift 10
	ID  shift 11
	LONGINT  shift 12
	DOUBLE  shift 13
	ETIQUETA  shift 14
	'('  shift 228
	.  error

	cuerpo  goto 229
	sentencia  goto 16
	sentencia_declaracion  goto 17
	sentencia_ejecucion  goto 18
	tipo  goto 19
	lista_variables  goto 20
	declaracion_funcion  goto 21
	cuerpo_funcion  goto 254
	asignacion  goto 22
	condicion_if  goto 23
	sentencia_print  goto 24
	id_compuesta  goto 25


state 226
	declaracion_funcion : tipo FUN ID '(' parametro ')' . BEGIN cuerpo_funcion END  (32)
	declaracion_funcion : tipo FUN ID '(' parametro ')' . cuerpo_funcion END  (38)
	declaracion_funcion : tipo FUN ID '(' parametro ')' . BEGIN END  (39)

	IF  shift 4
	BEGIN  shift 255
	OUTF  shift 6
	TYPEDEF  shift 7
	FUN  shift 8
	RET  shift 227
	REPEAT  shift 9
	GOTO  shift 10
	ID  shift 11
	LONGINT  shift 12
	DOUBLE  shift 13
	ETIQUETA  shift 14
	'('  shift 228
	.  error

	cuerpo  goto 229
	sentencia  goto 16
	sentencia_declaracion  goto 17
	sentencia_ejecucion  goto 18
	tipo  goto 19
	lista_variables  goto 20
	declaracion_funcion  goto 21
	cuerpo_funcion  goto 256
	asignacion  goto 22
	condicion_if  goto 23
	sentencia_print  goto 24
	id_compuesta  goto 25


state 227
	cuerpo_funcion : RET . '(' expresion ')' ';'  (58)
	cuerpo_funcion : RET . '(' expresion ')'  (60)
	cuerpo_funcion : RET . expresion ';'  (62)
	cuerpo_funcion : RET . '(' expresion ';'  (63)
	cuerpo_funcion : RET . expresion ')' ';'  (64)

	ID  shift 30
	LONGINT  shift 31
	HEXA  shift 32
	DOUBLE  shift 34
	TOD  shift 35
	'+'  shift 36
	'-'  shift 37
	'*'  shift 38
	'/'  shift 39
	'('  shift 257
	.  error

	expresion  goto 258
	invocacion_funcion  goto 42
	termino  goto 43
	factor  goto 44


state 228
	cuerpo_funcion : '(' . expresion ')' ';'  (61)

	ID  shift 30
	LONGINT  shift 31
	HEXA  shift 32
	DOUBLE  shift 34
	TOD  shift 35
	'+'  shift 36
	'-'  shift 37
	'*'  shift 38
	'/'  shift 39
	.  error

	expresion  goto 259
	invocacion_funcion  goto 42
	termino  goto 43
	factor  goto 44


state 229
	cuerpo : cuerpo . sentencia  (7)
	cuerpo_funcion : cuerpo . RET '(' expresion ')' ';'  (59)
	cuerpo_funcion : cuerpo . RET expresion ';'  (65)
	cuerpo_funcion : cuerpo . RET '(' expresion ';'  (66)
	cuerpo_funcion : cuerpo . RET expresion ')' ';'  (67)

	IF  shift 4
	OUTF  shift 6
	TYPEDEF  shift 7
	FUN  shift 8
	RET  shift 260
	REPEAT  shift 9
	GOTO  shift 10
	ID  shift 11
	LONGINT  shift 12
	DOUBLE  shift 13
	ETIQUETA  shift 14
	.  error

	sentencia  goto 56
	sentencia_declaracion  goto 17
	sentencia_ejecucion  goto 18
	tipo  goto 19
	lista_variables  goto 20
	declaracion_funcion  goto 21
	asignacion  goto 22
	condicion_if  goto 23
	sentencia_print  goto 24
	id_compuesta  goto 25


state 230
	declaracion_funcion : tipo FUN ID parametro BEGIN cuerpo_funcion . END  (36)

	END  shift 261
	.  error


state 231
	declaracion_funcion : tipo FUN '(' parametro ')' BEGIN . cuerpo_funcion END  (35)

	IF  shift 4
	OUTF  shift 6
	TYPEDEF  shift 7
	FUN  shift 8
	RET  shift 227
	REPEAT  shift 9
	GOTO  shift 10
	ID  shift 11
	LONGINT  shift 12
	DOUBLE  shift 13
	ETIQUETA  shift 14
	'('  shift 228
	.  error

	cuerpo  goto 229
	sentencia  goto 16
	sentencia_declaracion  goto 17
	sentencia_ejecucion  goto 18
	tipo  goto 19
	lista_variables  goto 20
	declaracion_funcion  goto 21
	cuerpo_funcion  goto 262
	asignacion  goto 22
	condicion_if  goto 23
	sentencia_print  goto 24
	id_compuesta  goto 25


state 232
	declaracion_funcion : tipo ID '(' parametro ')' BEGIN . cuerpo_funcion END  (34)

	IF  shift 4
	OUTF  shift 6
	TYPEDEF  shift 7
	FUN  shift 8
	RET  shift 227
	REPEAT  shift 9
	GOTO  shift 10
	ID  shift 11
	LONGINT  shift 12
	DOUBLE  shift 13
	ETIQUETA  shift 14
	'('  shift 228
	.  error

	cuerpo  goto 229
	sentencia  goto 16
	sentencia_declaracion  goto 17
	sentencia_ejecucion  goto 18
	tipo  goto 19
	lista_variables  goto 20
	declaracion_funcion  goto 21
	cuerpo_funcion  goto 263
	asignacion  goto 22
	condicion_if  goto 23
	sentencia_print  goto 24
	id_compuesta  goto 25


state 233
	condicion : '(' expresion comparador expresion ')' .  (85)

	.  reduce 85


state 234
	condicion_if : IF '(' ')' THEN bloque_sentencia_ejecutable END_IF ';' .  (76)

	.  reduce 76


state 235
	condicion_if : IF '(' condicion ')' THEN ELSE bloque_sentencia_ejecutable . END_IF ';'  (83)

	END_IF  shift 264
	.  error


state 236
	condicion_if : IF '(' condicion ')' THEN bloque_sentencia_ejecutable ELSE . bloque_sentencia_ejecutable END_IF ';'  (74)
	condicion_if : IF '(' condicion ')' THEN bloque_sentencia_ejecutable ELSE . bloque_sentencia_ejecutable END_IF  (81)
	condicion_if : IF '(' condicion ')' THEN bloque_sentencia_ejecutable ELSE . END_IF ';'  (82)
	condicion_if : IF '(' condicion ')' THEN bloque_sentencia_ejecutable ELSE . bloque_sentencia_ejecutable ';'  (84)

	BEGIN  shift 50
	END_IF  shift 265
	.  error

	bloque_sentencia_ejecutable  goto 266


state 237
	condicion_if : IF '(' condicion ')' THEN bloque_sentencia_ejecutable END_IF . ';'  (73)

	';'  shift 267
	.  error


state 238
	condicion_if : IF '(' condicion ')' THEN bloque_sentencia_ejecutable bloque_sentencia_ejecutable . END_IF ';'  (80)

	END_IF  shift 268
	.  error


state 239
	condicion_if : IF '(' condicion ')' bloque_sentencia_ejecutable END_IF ';' .  (75)

	.  reduce 75


state 240
	subrango : LONGINT ',' LONGINT .  (26)

	.  reduce 26


state 241
	subrango : HEXA ',' HEXA .  (30)

	.  reduce 30


state 242
	subrango : DOUBLE ',' DOUBLE .  (28)

	.  reduce 28


state 243
	sentencia_declaracion : TYPEDEF ID ASIGNACION '{' subrango '}' ';' .  (21)

	.  reduce 21


state 244
	sentencia_declaracion : TYPEDEF ID ASIGNACION tipo '{' '}' ';' .  (19)

	.  reduce 19


state 245
	sentencia_declaracion : TYPEDEF ID ASIGNACION tipo '{' subrango ';' .  (16)

	.  reduce 16


state 246
	sentencia_declaracion : TYPEDEF ID ASIGNACION tipo '{' subrango '}' . ';'  (15)

	';'  shift 269
	.  error


state 247
	sentencia_declaracion : TYPEDEF ID ASIGNACION tipo "" subrango '}' . ';'  (17)

	';'  shift 270
	.  error


state 248
	sentencia_declaracion : TYPEDEF STRUCT '<' lista_tipos '>' '{' lista_variables . '}' ID ';'  (22)
	sentencia_declaracion : TYPEDEF STRUCT '<' lista_tipos '>' '{' lista_variables . '}' ';'  (25)
	lista_variables : lista_variables . ',' ID  (118)
	lista_variables : lista_variables . ',' id_compuesta  (119)

	'}'  shift 271
	','  shift 61
	.  error


state 249
	sentencia_declaracion : TYPEDEF STRUCT lista_tipos '{' lista_variables '}' ID . ';'  (23)

	';'  shift 272
	.  error


state 250
	sentencia_declaracion : TYPEDEF ASIGNACION tipo '{' subrango '}' ';' .  (20)

	.  reduce 20


state 251
	sentencia_declaracion : TYPEDEF '<' lista_tipos '>' '{' lista_variables '}' . ID ';'  (24)

	ID  shift 273
	.  error


state 252
	declaracion_funcion : FUN ID '(' parametro ')' BEGIN cuerpo_funcion . END  (33)

	END  shift 274
	.  error


state 253
	sentencia_ejecucion : REPEAT bloque_sentencia_ejecutable WHILE '(' condicion ')' ';' .  (43)

	.  reduce 43


state 254
	declaracion_funcion : tipo FUN ID '(' ')' BEGIN cuerpo_funcion . END  (37)

	END  shift 275
	.  error


state 255
	declaracion_funcion : tipo FUN ID '(' parametro ')' BEGIN . cuerpo_funcion END  (32)
	declaracion_funcion : tipo FUN ID '(' parametro ')' BEGIN . END  (39)

	IF  shift 4
	END  shift 276
	OUTF  shift 6
	TYPEDEF  shift 7
	FUN  shift 8
	RET  shift 227
	REPEAT  shift 9
	GOTO  shift 10
	ID  shift 11
	LONGINT  shift 12
	DOUBLE  shift 13
	ETIQUETA  shift 14
	'('  shift 228
	.  error

	cuerpo  goto 229
	sentencia  goto 16
	sentencia_declaracion  goto 17
	sentencia_ejecucion  goto 18
	tipo  goto 19
	lista_variables  goto 20
	declaracion_funcion  goto 21
	cuerpo_funcion  goto 277
	asignacion  goto 22
	condicion_if  goto 23
	sentencia_print  goto 24
	id_compuesta  goto 25


state 256
	declaracion_funcion : tipo FUN ID '(' parametro ')' cuerpo_funcion . END  (38)

	END  shift 278
	.  error


state 257
	cuerpo_funcion : RET '(' . expresion ')' ';'  (58)
	cuerpo_funcion : RET '(' . expresion ')'  (60)
	cuerpo_funcion : RET '(' . expresion ';'  (63)

	ID  shift 30
	LONGINT  shift 31
	HEXA  shift 32
	DOUBLE  shift 34
	TOD  shift 35
	'+'  shift 36
	'-'  shift 37
	'*'  shift 38
	'/'  shift 39
	.  error

	expresion  goto 279
	invocacion_funcion  goto 42
	termino  goto 43
	factor  goto 44


state 258
	cuerpo_funcion : RET expresion . ';'  (62)
	cuerpo_funcion : RET expresion . ')' ';'  (64)
	expresion : expresion . '+' termino  (89)
	expresion : expresion . '-' termino  (90)
	expresion : expresion . '+' '+' termino  (91)
	expresion : expresion . '-' '+' termino  (92)
	expresion : expresion . '+'  (94)
	expresion : expresion . '-'  (95)

	'+'  shift 82
	'-'  shift 83
	';'  shift 280
	')'  shift 281
	.  error


state 259
	cuerpo_funcion : '(' expresion . ')' ';'  (61)
	expresion : expresion . '+' termino  (89)
	expresion : expresion . '-' termino  (90)
	expresion : expresion . '+' '+' termino  (91)
	expresion : expresion . '-' '+' termino  (92)
	expresion : expresion . '+'  (94)
	expresion : expresion . '-'  (95)

	'+'  shift 82
	'-'  shift 83
	')'  shift 282
	.  error


state 260
	cuerpo_funcion : cuerpo RET . '(' expresion ')' ';'  (59)
	cuerpo_funcion : cuerpo RET . expresion ';'  (65)
	cuerpo_funcion : cuerpo RET . '(' expresion ';'  (66)
	cuerpo_funcion : cuerpo RET . expresion ')' ';'  (67)

	ID  shift 30
	LONGINT  shift 31
	HEXA  shift 32
	DOUBLE  shift 34
	TOD  shift 35
	'+'  shift 36
	'-'  shift 37
	'*'  shift 38
	'/'  shift 39
	'('  shift 283
	.  error

	expresion  goto 284
	invocacion_funcion  goto 42
	termino  goto 43
	factor  goto 44


state 261
	declaracion_funcion : tipo FUN ID parametro BEGIN cuerpo_funcion END .  (36)

	.  reduce 36


state 262
	declaracion_funcion : tipo FUN '(' parametro ')' BEGIN cuerpo_funcion . END  (35)

	END  shift 285
	.  error


state 263
	declaracion_funcion : tipo ID '(' parametro ')' BEGIN cuerpo_funcion . END  (34)

	END  shift 286
	.  error


state 264
	condicion_if : IF '(' condicion ')' THEN ELSE bloque_sentencia_ejecutable END_IF . ';'  (83)

	';'  shift 287
	.  error


state 265
	condicion_if : IF '(' condicion ')' THEN bloque_sentencia_ejecutable ELSE END_IF . ';'  (82)

	';'  shift 288
	.  error


state 266
	condicion_if : IF '(' condicion ')' THEN bloque_sentencia_ejecutable ELSE bloque_sentencia_ejecutable . END_IF ';'  (74)
	condicion_if : IF '(' condicion ')' THEN bloque_sentencia_ejecutable ELSE bloque_sentencia_ejecutable . END_IF  (81)
	condicion_if : IF '(' condicion ')' THEN bloque_sentencia_ejecutable ELSE bloque_sentencia_ejecutable . ';'  (84)

	END_IF  shift 289
	';'  shift 290
	.  error


state 267
	condicion_if : IF '(' condicion ')' THEN bloque_sentencia_ejecutable END_IF ';' .  (73)

	.  reduce 73


state 268
	condicion_if : IF '(' condicion ')' THEN bloque_sentencia_ejecutable bloque_sentencia_ejecutable END_IF . ';'  (80)

	';'  shift 291
	.  error


state 269
	sentencia_declaracion : TYPEDEF ID ASIGNACION tipo '{' subrango '}' ';' .  (15)

	.  reduce 15


state 270
	sentencia_declaracion : TYPEDEF ID ASIGNACION tipo "" subrango '}' ';' .  (17)

	.  reduce 17


state 271
	sentencia_declaracion : TYPEDEF STRUCT '<' lista_tipos '>' '{' lista_variables '}' . ID ';'  (22)
	sentencia_declaracion : TYPEDEF STRUCT '<' lista_tipos '>' '{' lista_variables '}' . ';'  (25)

	ID  shift 292
	';'  shift 293
	.  error


state 272
	sentencia_declaracion : TYPEDEF STRUCT lista_tipos '{' lista_variables '}' ID ';' .  (23)

	.  reduce 23


state 273
	sentencia_declaracion : TYPEDEF '<' lista_tipos '>' '{' lista_variables '}' ID . ';'  (24)

	';'  shift 294
	.  error


state 274
	declaracion_funcion : FUN ID '(' parametro ')' BEGIN cuerpo_funcion END .  (33)

	.  reduce 33


state 275
	declaracion_funcion : tipo FUN ID '(' ')' BEGIN cuerpo_funcion END .  (37)

	.  reduce 37


state 276
	declaracion_funcion : tipo FUN ID '(' parametro ')' BEGIN END .  (39)

	.  reduce 39


state 277
	declaracion_funcion : tipo FUN ID '(' parametro ')' BEGIN cuerpo_funcion . END  (32)

	END  shift 295
	.  error


state 278
	declaracion_funcion : tipo FUN ID '(' parametro ')' cuerpo_funcion END .  (38)

	.  reduce 38


state 279
	cuerpo_funcion : RET '(' expresion . ')' ';'  (58)
	cuerpo_funcion : RET '(' expresion . ')'  (60)
	cuerpo_funcion : RET '(' expresion . ';'  (63)
	expresion : expresion . '+' termino  (89)
	expresion : expresion . '-' termino  (90)
	expresion : expresion . '+' '+' termino  (91)
	expresion : expresion . '-' '+' termino  (92)
	expresion : expresion . '+'  (94)
	expresion : expresion . '-'  (95)

	'+'  shift 82
	'-'  shift 83
	';'  shift 296
	')'  shift 297
	.  error


state 280
	cuerpo_funcion : RET expresion ';' .  (62)

	.  reduce 62


state 281
	cuerpo_funcion : RET expresion ')' . ';'  (64)

	';'  shift 298
	.  error


state 282
	cuerpo_funcion : '(' expresion ')' . ';'  (61)

	';'  shift 299
	.  error


state 283
	cuerpo_funcion : cuerpo RET '(' . expresion ')' ';'  (59)
	cuerpo_funcion : cuerpo RET '(' . expresion ';'  (66)

	ID  shift 30
	LONGINT  shift 31
	HEXA  shift 32
	DOUBLE  shift 34
	TOD  shift 35
	'+'  shift 36
	'-'  shift 37
	'*'  shift 38
	'/'  shift 39
	.  error

	expresion  goto 300
	invocacion_funcion  goto 42
	termino  goto 43
	factor  goto 44


state 284
	cuerpo_funcion : cuerpo RET expresion . ';'  (65)
	cuerpo_funcion : cuerpo RET expresion . ')' ';'  (67)
	expresion : expresion . '+' termino  (89)
	expresion : expresion . '-' termino  (90)
	expresion : expresion . '+' '+' termino  (91)
	expresion : expresion . '-' '+' termino  (92)
	expresion : expresion . '+'  (94)
	expresion : expresion . '-'  (95)

	'+'  shift 82
	'-'  shift 83
	';'  shift 301
	')'  shift 302
	.  error


state 285
	declaracion_funcion : tipo FUN '(' parametro ')' BEGIN cuerpo_funcion END .  (35)

	.  reduce 35


state 286
	declaracion_funcion : tipo ID '(' parametro ')' BEGIN cuerpo_funcion END .  (34)

	.  reduce 34


state 287
	condicion_if : IF '(' condicion ')' THEN ELSE bloque_sentencia_ejecutable END_IF ';' .  (83)

	.  reduce 83


state 288
	condicion_if : IF '(' condicion ')' THEN bloque_sentencia_ejecutable ELSE END_IF ';' .  (82)

	.  reduce 82


state 289
	condicion_if : IF '(' condicion ')' THEN bloque_sentencia_ejecutable ELSE bloque_sentencia_ejecutable END_IF . ';'  (74)
	condicion_if : IF '(' condicion ')' THEN bloque_sentencia_ejecutable ELSE bloque_sentencia_ejecutable END_IF .  (81)

	';'  shift 303
	$end  reduce 81
	IF  reduce 81
	END  reduce 81
	OUTF  reduce 81
	TYPEDEF  reduce 81
	FUN  reduce 81
	RET  reduce 81
	REPEAT  reduce 81
	GOTO  reduce 81
	ID  reduce 81
	LONGINT  reduce 81
	DOUBLE  reduce 81
	ETIQUETA  reduce 81


state 290
	condicion_if : IF '(' condicion ')' THEN bloque_sentencia_ejecutable ELSE bloque_sentencia_ejecutable ';' .  (84)

	.  reduce 84


state 291
	condicion_if : IF '(' condicion ')' THEN bloque_sentencia_ejecutable bloque_sentencia_ejecutable END_IF ';' .  (80)

	.  reduce 80


state 292
	sentencia_declaracion : TYPEDEF STRUCT '<' lista_tipos '>' '{' lista_variables '}' ID . ';'  (22)

	';'  shift 304
	.  error


state 293
	sentencia_declaracion : TYPEDEF STRUCT '<' lista_tipos '>' '{' lista_variables '}' ';' .  (25)

	.  reduce 25


state 294
	sentencia_declaracion : TYPEDEF '<' lista_tipos '>' '{' lista_variables '}' ID ';' .  (24)

	.  reduce 24


state 295
	declaracion_funcion : tipo FUN ID '(' parametro ')' BEGIN cuerpo_funcion END .  (32)

	.  reduce 32


state 296
	cuerpo_funcion : RET '(' expresion ';' .  (63)

	.  reduce 63


state 297
	cuerpo_funcion : RET '(' expresion ')' . ';'  (58)
	cuerpo_funcion : RET '(' expresion ')' .  (60)

	';'  shift 305
	END  reduce 60


state 298
	cuerpo_funcion : RET expresion ')' ';' .  (64)

	.  reduce 64


state 299
	cuerpo_funcion : '(' expresion ')' ';' .  (61)

	.  reduce 61


state 300
	cuerpo_funcion : cuerpo RET '(' expresion . ')' ';'  (59)
	cuerpo_funcion : cuerpo RET '(' expresion . ';'  (66)
	expresion : expresion . '+' termino  (89)
	expresion : expresion . '-' termino  (90)
	expresion : expresion . '+' '+' termino  (91)
	expresion : expresion . '-' '+' termino  (92)
	expresion : expresion . '+'  (94)
	expresion : expresion . '-'  (95)

	'+'  shift 82
	'-'  shift 83
	';'  shift 306
	')'  shift 307
	.  error


state 301
	cuerpo_funcion : cuerpo RET expresion ';' .  (65)

	.  reduce 65


state 302
	cuerpo_funcion : cuerpo RET expresion ')' . ';'  (67)

	';'  shift 308
	.  error


state 303
	condicion_if : IF '(' condicion ')' THEN bloque_sentencia_ejecutable ELSE bloque_sentencia_ejecutable END_IF ';' .  (74)

	.  reduce 74


state 304
	sentencia_declaracion : TYPEDEF STRUCT '<' lista_tipos '>' '{' lista_variables '}' ID ';' .  (22)

	.  reduce 22


state 305
	cuerpo_funcion : RET '(' expresion ')' ';' .  (58)

	.  reduce 58


state 306
	cuerpo_funcion : cuerpo RET '(' expresion ';' .  (66)

	.  reduce 66


state 307
	cuerpo_funcion : cuerpo RET '(' expresion ')' . ';'  (59)

	';'  shift 309
	.  error


state 308
	cuerpo_funcion : cuerpo RET expresion ')' ';' .  (67)

	.  reduce 67


state 309
	cuerpo_funcion : cuerpo RET '(' expresion ')' ';' .  (59)

	.  reduce 59


46 terminals, 25 nonterminals
136 grammar rules, 310 states
